qemu-system-riscv64 -machine virt -bios none -kernel kernel/kernel -m 128M -smp 1 -nographic -global virtio-mmio.force-legacy=false -drive file=fs.img,if=none,format=raw,id=x0 -device virtio-blk-device,drive=x0,bus=virtio-mmio-bus.0

xv6 kernel is booting

init: starting sh
$ wrunner io_heavy.txt hints.txt
TRACE tick=24 pid=3 pri=0 slice=1
TRACE tick=24 pid=3 pri=0 slice=0
TRACE tick=25 pid=3 pri=0 slice=1
wrunner: loaded 4 items, 1 hints
wrunner: spawnTRACE tick=26 pid=3 pri=0 slice=0
 io_burner pid=4 priority=0
wrunner: spawn io_burner pid=5 priority=0
TRACE tick=27 pid=3 pri=0 slice=1
wrunner: spawn io_burner pid=6 priority=0
wrunner: spawn io_burner pid=7 priority=0
TRACE tick=28 pid=3 pri=0 slice=0
TRACE tick=28 pid=4 pri=0 slice=0
TRACE tick=28 pid=5 pri=0 slice=0
TRACE tick=29 pid=4 pri=0 slice=0
TRACE tick=29 pid=4 pri=0 slice=0
TRACE tick=29 pid=4 pri=0 slice=0
TRACE tick=29 pid=4 pri=0 slice=0
TRACE tick=30 pid=4 pri=0 slice=0
TRACE tick=30 pid=5 pri=0 slice=1
TRACE tick=30 pid=4 pri=0 slice=0
TRACE tick=31 pid=4 pri=0 slice=1
TRACE tick=31 pid=4 pri=0 slice=0
TRACE tick=31 pid=4 pri=0 slice=0
TRACE tick=32 pid=5 pri=0 slice=0
TRACE tick=32 pid=4 pri=0 slice=0
TRACE tick=32 pid=4 pri=0 slice=0
TRACE tick=32 pid=4 pri=0 slice=0
TRACE tick=32 pid=4 pri=0 slice=0
TRACE tick=32 pid=4 pri=0 slice=0
TRACE tick=33 pid=4 pri=0 slice=0
TRACE tick=33 pid=5 pri=0 slice=0
TRACE tick=34 pid=4 pri=0 slice=0
TRACE tick=34 pid=5 pri=0 slice=0
TRACE tick=34 pid=4 pri=0 slice=0
TRACE tick=34 pid=5 pri=0 slice=0
TRACE tick=35 pid=4 pri=0 slice=0
TRACE tick=35 pid=5 pri=0 slice=0
TRACE tick=35 pid=5 pri=0 slice=0
TRACE tick=35 pid=5 pri=0 slice=0
TRACE tick=36 pid=5 pri=0 slice=0
TRACE tick=36 pid=5 pri=0 slice=0
TRACE tick=36 pid=5 pri=0 slice=0
TRACE tick=36 pid=5 pri=0 slice=0
TRACE tick=36 pid=5 pri=0 slice=0
TRACE tick=37 pid=5 pri=0 slice=0
TRACE tick=37 pid=5 pri=0 slice=0
TRACE tick=37 pid=5 pri=0 slice=0
TRACE tick=37 pid=6 pri=0 slice=0
TRACE tick=37 pid=5 pri=0 slice=0
TRACE tick=38 pid=5 pri=0 slice=0
TRACE tick=38 pid=5 pri=0 slice=0
TRACE tick=38 pid=5 pri=0 slice=0
TRACE tick=38 pid=7 pri=0 slice=0
TRACE tick=38 pid=5 pri=0 slice=0
TRACE tick=39 pid=5 pri=0 slice=0
TRACE tick=39 pid=4 pri=0 slice=0
TRACE tick=40 pid=5 pri=0 slice=0
TRACE tick=40 pid=5 pri=0 slice=0
TRACE tick=40 pid=6 pri=0 slice=0
TRACE tick=40 pid=5 pri=0 slice=0
TRACE tick=40 pid=5 pri=0 slice=0
TRACE tick=41 pid=5 pri=0 slice=0
TRACE tick=41 pid=5 pri=0 slice=0
TRACE tick=41 pid=5 pri=0 slice=0
TRACE tick=41 pid=5 pri=0 slice=0
TRACE tick=42 pid=5 pri=0 slice=0
TRACE tick=42 pid=5 pri=0 slice=0
TRACE tick=42 pid=4 pri=0 slice=0
TRACE tick=42 pid=4 pri=0 slice=0
TRACE tick=43 pid=4 pri=0 slice=0
TRACE tick=43 pid=4 pri=0 slice=0
TRACE tick=43 pid=4 pri=0 slice=0
TRACE tick=43 pid=5 pri=0 slice=0
TRACE tick=43 pid=4 pri=0 slice=0
TRACE tick=43 pid=4 pri=0 slice=0
TRACE tick=44 pid=4 pri=0 slice=0
TRACE tick=44 pid=6 pri=0 slice=0
TRACE tick=44 pid=4 pri=0 slice=0
TRACE tick=44 pid=4 pri=0 slice=0
TRACE tick=44 pid=4 pri=0 slice=0
TRACE tick=44 pid=4 pri=0 slice=0
TRACE tick=45 pid=5 pri=0 slice=0
TRACE tick=45 pid=4 pri=0 slice=0
TRACE tick=45 pid=4 pri=0 slice=0
TRACE tick=45 pid=4 pri=0 slice=0
TRACE tick=45 pid=4 pri=0 slice=0
TRACE tick=45 pid=4 pri=0 slice=0
TRACE tick=46 pid=4 pri=0 slice=0
TRACE tick=46 pid=4 pri=0 slice=0
TRACE tick=46 pid=4 pri=0 slice=0
TRACE tick=46 pid=4 pri=0 slice=0
TRACE tick=46 pid=4 pri=0 slice=0
TRACE tick=46 pid=4 pri=0 slice=0
TRACE tick=47 pid=4 pri=0 slice=0
TRACE tick=47 pid=4 pri=0 slice=0
TRACE tick=47 pid=4 pri=0 slice=0
TRACE tick=47 pid=4 pri=0 slice=0
TRACE tick=47 pid=5 pri=0 slice=0
TRACE tick=48 pid=4 pri=0 slice=0
TRACE tick=48 pid=5 pri=0 slice=1
TRACE tick=48 pid=4 pri=0 slice=0
TRACE tick=49 pid=4 pri=0 slice=1
TRACE tick=49 pid=5 pri=0 slice=0
TRACE tick=49 pid=4 pri=0 slice=0
TRACE tick=49 pid=6 pri=0 slice=0
TRACE tick=50 pid=4 pri=0 slice=0
TRACE tick=50 pid=7 pri=0 slice=0
TRACE tick=50 pid=4 pri=0 slice=0
TRACE tick=50 pid=4 pri=0 slice=0
TRACE tick=51 pid=4 pri=0 slice=0
TRACE tick=51 pid=4 pri=0 slice=0
TRACE tick=51 pid=4 pri=0 slice=0
TRACE tick=51 pid=4 pri=0 slice=0
TRACE tick=51 pid=4 pri=0 slice=0
TRACE tick=52 pid=4 pri=0 slice=0
TRACE tick=52 pid=4 pri=0 slice=0
TRACE tick=52 pid=4 pri=0 slice=0
TRACE tick=52 pid=5 pri=0 slice=0
TRACE tick=52 pid=4 pri=0 slice=0
TRACE tick=53 pid=4 pri=0 slice=0
TRACE tick=53 pid=6 pri=0 slice=0
TRACE tick=53 pid=4 pri=0 slice=0
TRACE tick=53 pid=7 pri=0 slice=0
TRACE tick=53 pid=4 pri=0 slice=0
TRACE tick=53 pid=4 pri=0 slice=0
TRACE tick=54 pid=4 pri=0 slice=0
TRACE tick=54 pid=4 pri=0 slice=0
TRACE tick=54 pid=4 pri=0 slice=0
TRACE tick=54 pid=4 pri=0 slice=0
TRACE tick=55 pid=4 pri=0 slice=0
TRACE tick=55 pid=4 pri=0 slice=0
TRACE tick=55 pid=5 pri=0 slice=0
TRACE tick=55 pid=4 pri=0 slice=0
TRACE tick=55 pid=4 pri=0 slice=0
TRACE tick=56 pid=4 pri=0 slice=0
TRACE tick=56 pid=4 pri=0 slice=0
TRACE tick=56 pid=6 pri=0 slice=0
TRACE tick=56 pid=4 pri=0 slice=0
TRACE tick=56 pid=7 pri=0 slice=0
TRACE tick=56 pid=4 pri=0 slice=0
TRACE tick=57 pid=4 pri=0 slice=0
TRACE tick=57 pid=5 pri=0 slice=0
TRACE tick=57 pid=5 pri=0 slice=0
TRACE tick=58 pid=4 pri=0 slice=0
TRACE tick=58 pid=5 pri=0 slice=0
TRACE tick=58 pid=6 pri=0 slice=0
TRACE tick=58 pid=5 pri=0 slice=0
TRACE tick=59 pid=5 pri=0 slice=0
TRACE tick=59 pid=5 pri=0 slice=0
TRACE tick=59 pid=5 pri=0 slice=0
TRACE tick=59 pid=5 pri=0 slice=0
TRACE tick=60 pid=5 pri=0 slice=0
TRACE tick=60 pid=4 pri=0 slice=0
TRACE tick=60 pid=5 pri=0 slice=0
TRACE tick=60 pid=5 pri=0 slice=0
TRACE tick=61 pid=5 pri=0 slice=0
TRACE tick=61 pid=5 pri=0 slice=0
TRACE tick=61 pid=5 pri=0 slice=0
TRACE tick=61 pid=5 pri=0 slice=0
TRACE tick=62 pid=5 pri=0 slice=0
TRACE tick=62 pid=5 pri=0 slice=0
TRACE tick=62 pid=4 pri=0 slice=0
TRACE tick=63 pid=5 pri=0 slice=0
TRACE tick=63 pid=6 pri=0 slice=0
TRACE tick=63 pid=5 pri=0 slice=0
TRACE tick=63 pid=5 pri=0 slice=0
TRACE tick=64 pid=5 pri=0 slice=0
TRACE tick=64 pid=5 pri=0 slice=0
TRACE tick=64 pid=5 pri=0 slice=0
TRACE tick=64 pid=5 pri=0 slice=0
TRACE tick=64 pid=5 pri=0 slice=0
TRACE tick=65 pid=5 pri=0 slice=0
TRACE tick=65 pid=5 pri=0 slice=0
TRACE tick=65 pid=4 pri=0 slice=0
TRACE tick=66 pid=4 pri=0 slice=0
TRACE tick=66 pid=4 pri=0 slice=0
TRACE tick=66 pid=5 pri=0 slice=0
TRACE tick=66 pid=4 pri=0 slice=0
TRACE tick=66 pid=4 pri=0 slice=0
TRACE tick=67 pid=6 pri=0 slice=0
TRACE tick=67 pid=4 pri=0 slice=0
TRACE tick=67 pid=4 pri=0 slice=0
TRACE tick=67 pid=4 pri=0 slice=0
TRACE tick=67 pid=7 pri=0 slice=0
TRACE tick=68 pid=4 pri=0 slice=0
TRACE tick=68 pid=5 pri=0 slice=0
TRACE tick=68 pid=4 pri=0 slice=0
TRACE tick=68 pid=6 pri=0 slice=0
TRACE tick=68 pid=4 pri=0 slice=0
TRACE tick=68 pid=4 pri=0 slice=0
TRACE tick=69 pid=4 pri=0 slice=0
TRACE tick=69 pid=4 pri=0 slice=0
TRACE tick=69 pid=4 pri=0 slice=0
TRACE tick=69 pid=4 pri=0 slice=0
TRACE tick=70 pid=4 pri=0 slice=0
TRACE tick=70 pid=4 pri=0 slice=0
TRACE tick=70 pid=4 pri=0 slice=0
TRACE tick=70 pid=4 pri=0 slice=0
TRACE tick=71 pid=5 pri=0 slice=0
TRACE tick=71 pid=4 pri=0 slice=0
TRACE tick=71 pid=6 pri=0 slice=0
TRACE tick=71 pid=4 pri=0 slice=0
TRACE tick=71 pid=4 pri=0 slice=0
TRACE tick=72 pid=7 pri=0 slice=0
TRACE tick=72 pid=4 pri=0 slice=0
TRACE tick=72 pid=4 pri=0 slice=0
TRACE tick=72 pid=4 pri=0 slice=0
TRACE tick=73 pid=4 pri=0 slice=0
TRACE tick=73 pid=5 pri=0 slice=0
TRACE tick=74 pid=4 pri=0 slice=0
TRACE tick=74 pid=5 pri=0 slice=1
TRACE tick=74 pid=4 pri=0 slice=0
TRACE tick=75 pid=4 pri=0 slice=1
TRACE tick=75 pid=5 pri=0 slice=0
TRACE tick=76 pid=4 pri=0 slice=0
TRACE tick=76 pid=4 pri=0 slice=0
TRACE tick=76 pid=4 pri=0 slice=0
TRACE tick=76 pid=4 pri=0 slice=0
TRACE tick=77 pid=6 pri=0 slice=0
TRACE tick=77 pid=4 pri=0 slice=0
TRACE tick=77 pid=7 pri=0 slice=0
TRACE tick=77 pid=4 pri=0 slice=0
TRACE tick=77 pid=4 pri=0 slice=0
TRACE tick=77 pid=4 pri=0 slice=0
TRACE tick=78 pid=4 pri=0 slice=0
TRACE tick=78 pid=4 pri=0 slice=0
TRACE tick=78 pid=4 pri=0 slice=0
TRACE tick=78 pid=4 pri=0 slice=0
TRACE tick=78 pid=5 pri=0 slice=0
TRACE tick=79 pid=4 pri=0 slice=0
TRACE tick=79 pid=6 pri=0 slice=0
TRACE tick=79 pid=4 pri=0 slice=0
TRACE tick=79 pid=7 pri=0 slice=0
TRACE tick=79 pid=4 pri=0 slice=0
TRACE tick=79 pid=4 pri=0 slice=0
TRACE tick=80 pid=4 pri=0 slice=0
TRACE tick=80 pid=4 pri=0 slice=0
TRACE tick=80 pid=4 pri=0 slice=0
TRACE tick=80 pid=4 pri=0 slice=0
TRACE tick=80 pid=4 pri=0 slice=0
TRACE tick=81 pid=5 pri=0 slice=0
TRACE tick=81 pid=4 pri=0 slice=0
TRACE tick=81 pid=6 pri=0 slice=0
TRACE tick=81 pid=4 pri=0 slice=0
TRACE tick=81 pid=4 pri=0 slice=0
TRACE tick=82 pid=4 pri=0 slice=0
TRACE tick=82 pid=4 pri=0 slice=0
TRACE tick=82 pid=7 pri=0 slice=0
TRACE tick=82 pid=4 pri=0 slice=0
TRACE tick=82 pid=4 pri=0 slice=0
TRACE tick=82 pid=4 pri=0 slice=0
TRACE tick=83 pid=4 pri=0 slice=0
TRACE tick=83 pid=5 pri=0 slice=0
TRACE tick=83 pid=5 pri=0 slice=0
TRACE tick=83 pid=6 pri=0 slice=0
TRACE tick=84 pid=4 pri=0 slice=0
TRACE tick=84 pid=5 pri=0 slice=0
TRACE tick=84 pid=7 pri=0 slice=0
TRACE tick=84 pid=5 pri=0 slice=0
TRACE tick=84 pid=5 pri=0 slice=0
TRACE tick=84 pid=5 pri=0 slice=0
TRACE tick=85 pid=5 pri=0 slice=0
TRACE tick=85 pid=5 pri=0 slice=0
TRACE tick=85 pid=5 pri=0 slice=0
TRACE tick=85 pid=4 pri=0 slice=0
TRACE tick=85 pid=5 pri=0 slice=0
TRACE tick=86 pid=5 pri=0 slice=0
TRACE tick=86 pid=5 pri=0 slice=0
TRACE tick=86 pid=6 pri=0 slice=0
TRACE tick=86 pid=5 pri=0 slice=0
TRACE tick=86 pid=5 pri=0 slice=0
TRACE tick=86 pid=5 pri=0 slice=0
TRACE tick=87 pid=5 pri=0 slice=0
TRACE tick=87 pid=5 pri=0 slice=0
TRACE tick=87 pid=4 pri=0 slice=0
TRACE tick=87 pid=5 pri=0 slice=0
TRACE tick=87 pid=6 pri=0 slice=0
TRACE tick=87 pid=5 pri=0 slice=0
TRACE tick=88 pid=7 pri=0 slice=0
TRACE tick=88 pid=5 pri=0 slice=0
TRACE tick=88 pid=5 pri=0 slice=0
TRACE tick=88 pid=5 pri=0 slice=0
TRACE tick=88 pid=5 pri=0 slice=0
TRACE tick=88 pid=5 pri=0 slice=0
TRACE tick=89 pid=5 pri=0 slice=0
TRACE tick=89 pid=5 pri=0 slice=0
TRACE tick=89 pid=5 pri=0 slice=0
TRACE tick=89 pid=4 pri=0 slice=0
TRACE tick=90 pid=4 pri=0 slice=0
TRACE tick=90 pid=4 pri=0 slice=0
TRACE tick=90 pid=4 pri=0 slice=0
TRACE tick=90 pid=4 pri=0 slice=0
TRACE tick=90 pid=4 pri=0 slice=0
TRACE tick=91 pid=5 pri=0 slice=0
TRACE tick=91 pid=4 pri=0 slice=0
TRACE tick=91 pid=4 pri=0 slice=0
TRACE tick=91 pid=4 pri=0 slice=0
TRACE tick=92 pid=4 pri=0 slice=0
TRACE tick=92 pid=4 pri=0 slice=0
TRACE tick=92 pid=4 pri=0 slice=0
TRACE tick=92 pid=5 pri=0 slice=0
TRACE tick=92 pid=4 pri=0 slice=0
TRACE tick=92 pid=6 pri=0 slice=0
TRACE tick=93 pid=4 pri=0 slice=0
TRACE tick=93 pid=7 pri=0 slice=0
TRACE tick=93 pid=4 pri=0 slice=0
TRACE tick=93 pid=4 pri=0 slice=0
TRACE tick=93 pid=4 pri=0 slice=0
TRACE tick=94 pid=5 pri=0 slice=0
TRACE tick=94 pid=4 pri=0 slice=0
TRACE tick=94 pid=6 pri=0 slice=0
TRACE tick=94 pid=4 pri=0 slice=0
TRACE tick=94 pid=7 pri=0 slice=0
TRACE tick=94 pid=4 pri=0 slice=0
TRACE tick=95 pid=4 pri=0 slice=0
TRACE tick=95 pid=4 pri=0 slice=0
TRACE tick=95 pid=4 pri=0 slice=0
TRACE tick=95 pid=4 pri=0 slice=0
TRACE tick=95 pid=4 pri=0 slice=0
TRACE tick=96 pid=4 pri=0 slice=0
TRACE tick=96 pid=4 pri=0 slice=0
TRACE tick=96 pid=5 pri=0 slice=0
TRACE tick=96 pid=6 pri=0 slice=0
TRACE tick=97 pid=4 pri=0 slice=0
TRACE tick=97 pid=5 pri=0 slice=0
TRACE tick=97 pid=7 pri=0 slice=0
TRACE tick=97 pid=5 pri=0 slice=0
TRACE tick=97 pid=5 pri=0 slice=0
TRACE tick=97 pid=5 pri=0 slice=0
TRACE tick=98 pid=5 pri=0 slice=0
TRACE tick=98 pid=5 pri=0 slice=0
TRACE tick=98 pid=5 pri=0 slice=0
TRACE tick=98 pid=5 pri=0 slice=0
TRACE tick=98 pid=4 pri=0 slice=0
TRACE tick=98 pid=5 pri=0 slice=0
TRACE tick=99 pid=6 pri=0 slice=0
TRACE tick=99 pid=5 pri=0 slice=0
TRACE tick=99 pid=5 pri=0 slice=0
TRACE tick=99 pid=5 pri=0 slice=0
TRACE tick=99 pid=7 pri=0 slice=0
TRACE tick=99 pid=5 pri=0 slice=0
TRACE tick=100 pid=5 pri=0 slice=0
TRACE tick=100 pid=5 pri=0 slice=0
TRACE tick=100 pid=5 pri=0 slice=0
TRACE tick=100 pid=4 pri=0 slice=0
TRACE tick=101 pid=5 pri=0 slice=0
TRACE tick=101 pid=6 pri=0 slice=0
TRACE tick=101 pid=5 pri=0 slice=0
TRACE tick=101 pid=7 pri=0 slice=0
TRACE tick=101 pid=5 pri=0 slice=0
TRACE tick=102 pid=5 pri=0 slice=0
TRACE tick=102 pid=5 pri=0 slice=0
TRACE tick=102 pid=5 pri=0 slice=0
TRACE tick=102 pid=5 pri=0 slice=0
TRACE tick=102 pid=5 pri=0 slice=0
TRACE tick=103 pid=5 pri=0 slice=0
TRACE tick=103 pid=5 pri=0 slice=0
TRACE tick=103 pid=4 pri=0 slice=0
TRACE tick=103 pid=6 pri=0 slice=0
TRACE tick=104 pid=4 pri=0 slice=0
TRACE tick=104 pid=5 pri=0 slice=0
TRACE tick=104 pid=4 pri=0 slice=0
TRACE tick=104 pid=4 pri=0 slice=0
TRACE tick=104 pid=7 pri=0 slice=0
TRACE tick=104 pid=4 pri=0 slice=0
TRACE tick=105 pid=4 pri=0 slice=0
TRACE tick=105 pid=4 pri=0 slice=0
TRACE tick=105 pid=4 pri=0 slice=0
TRACE tick=105 pid=4 pri=0 slice=0
TRACE tick=105 pid=4 pri=0 slice=0
TRACE tick=105 pid=4 pri=0 slice=0
TRACE tick=106 pid=4 pri=0 slice=0
TRACE tick=106 pid=4 pri=0 slice=0
TRACE tick=106 pid=4 pri=0 slice=0
TRACE tick=106 pid=4 pri=0 slice=0
TRACE tick=106 pid=4 pri=0 slice=0
TRACE tick=107 pid=4 pri=0 slice=0
TRACE tick=107 pid=4 pri=0 slice=0
TRACE tick=107 pid=4 pri=0 slice=0
TRACE tick=107 pid=4 pri=0 slice=0
TRACE tick=107 pid=5 pri=0 slice=0
TRACE tick=108 pid=4 pri=0 slice=0
TRACE tick=108 pid=4 pri=0 slice=0
TRACE tick=108 pid=4 pri=0 slice=0
TRACE tick=108 pid=4 pri=0 slice=0
TRACE tick=108 pid=4 pri=0 slice=0
TRACE tick=109 pid=4 pri=0 slice=0
TRACE tick=109 pid=4 pri=0 slice=0
TRACE tick=109 pid=5 pri=0 slice=0
TRACE tick=110 pid=4 pri=0 slice=0
TRACE tick=110 pid=5 pri=0 slice=1
TRACE tick=111 pid=4 pri=0 slice=0
TRACE tick=111 pid=4 pri=0 slice=0
TRACE tick=111 pid=4 pri=0 slice=0
TRACE tick=112 pid=4 pri=0 slice=0
TRACE tick=112 pid=4 pri=0 slice=0
TRACE tick=112 pid=4 pri=0 slice=0
TRACE tick=112 pid=4 pri=0 slice=0
TRACE tick=112 pid=4 pri=0 slice=0
TRACE tick=113 pid=4 pri=0 slice=0
TRACE tick=113 pid=5 pri=0 slice=0
TRACE tick=113 pid=4 pri=0 slice=0
TRACE tick=113 pid=4 pri=0 slice=0
TRACE tick=113 pid=4 pri=0 slice=0
TRACE tick=114 pid=4 pri=0 slice=0
TRACE tick=114 pid=4 pri=0 slice=0
TRACE tick=114 pid=4 pri=0 slice=0
TRACE tick=114 pid=5 pri=0 slice=0
TRACE tick=114 pid=4 pri=0 slice=0
TRACE tick=114 pid=4 pri=0 slice=0
TRACE tick=115 pid=4 pri=0 slice=0
TRACE tick=115 pid=4 pri=0 slice=0
TRACE tick=115 pid=4 pri=0 slice=0
TRACE tick=115 pid=4 pri=0 slice=0
TRACE tick=116 pid=4 pri=0 slice=0
TRACE tick=116 pid=4 pri=0 slice=0
TRACE tick=116 pid=4 pri=0 slice=0
TRACE tick=116 pid=4 pri=0 slice=0
TRACE tick=116 pid=4 pri=0 slice=0
TRACE tick=117 pid=4 pri=0 slice=0
TRACE tick=117 pid=4 pri=0 slice=0
TRACE tick=117 pid=5 pri=0 slice=0
TRACE tick=117 pid=4 pri=0 slice=0
TRACE tick=117 pid=4 pri=0 slice=0
TRACE tick=117 pid=4 pri=0 slice=0
TRACE tick=118 pid=4 pri=0 slice=0
TRACE tick=118 pid=4 pri=0 slice=0
TRACE tick=118 pid=4 pri=0 slice=0
TRACE tick=119 pid=4 pri=0 slice=0
TRACE tick=119 pid=5 pri=0 slice=0
TRACE tick=119 pid=4 pri=0 slice=0
TRACE tick=119 pid=4 pri=0 slice=0
TRACE tick=119 pid=6 pri=0 slice=0
TRACE tick=119 pid=4 pri=0 slice=0
TRACE tick=120 pid=4 pri=0 slice=0
TRACE tick=120 pid=4 pri=0 slice=0
TRACE tick=120 pid=4 pri=0 slice=0
TRACE tick=120 pid=5 pri=0 slice=0
TRACE tick=120 pid=4 pri=0 slice=0
TRACE tick=120 pid=4 pri=0 slice=0
TRACE tick=121 pid=4 pri=0 slice=0
TRACE tick=121 pid=4 pri=0 slice=0
TRACE tick=121 pid=4 pri=0 slice=0
TRACE tick=121 pid=6 pri=0 slice=0
TRACE tick=121 pid=4 pri=0 slice=0
TRACE tick=121 pid=4 pri=0 slice=0
TRACE tick=122 pid=4 pri=0 slice=1
TRACE tick=122 pid=4 pri=0 slice=0
TRACE tick=122 pid=4 pri=0 slice=0
TRACE tick=122 pid=5 pri=0 slice=0
TRACE tick=122 pid=4 pri=0 slice=0
TRACE tick=122 pid=6 pri=0 slice=0
TRACE tick=123 pid=4 pri=0 slice=0
TRACE tick=123 pid=4 pri=0 slice=0
TRACE tick=123 pid=7 pri=0 slice=0
TRACE tick=123 pid=4 pri=0 slice=0
TRACE tick=123 pid=4 pri=0 slice=0
TRACE tick=123 pid=4 pri=0 slice=0
TRACE tick=123 pid=4 pri=0 slice=0
TRACE tick=124 pid=4 pri=0 slice=0
TRACE tick=124 pid=5 pri=0 slice=0
TRACE tick=124 pid=5 pri=0 slice=0
TRACE tick=124 pid=5 pri=0 slice=0
TRACE tick=124 pid=5 pri=0 slice=0
TRACE tick=125 pid=4 pri=0 slice=0
TRACE tick=125 pid=5 pri=0 slice=0
TRACE tick=125 pid=6 pri=0 slice=0
TRACE tick=125 pid=5 pri=0 slice=0
TRACE tick=125 pid=7 pri=0 slice=0
TRACE tick=125 pid=5 pri=0 slice=0
TRACE tick=125 pid=5 pri=0 slice=0
TRACE tick=126 pid=5 pri=0 slice=0
TRACE tick=126 pid=4 pri=0 slice=0
TRACE tick=126 pid=5 pri=0 slice=0
TRACE tick=126 pid=6 pri=0 slice=0
TRACE tick=126 pid=5 pri=0 slice=0
TRACE tick=126 pid=5 pri=0 slice=0
TRACE tick=126 pid=5 pri=0 slice=0
TRACE tick=127 pid=5 pri=0 slice=1
TRACE tick=127 pid=7 pri=0 slice=0
TRACE tick=127 pid=5 pri=0 slice=0
TRACE tick=128 pid=5 pri=0 slice=0
TRACE tick=128 pid=5 pri=0 slice=0
TRACE tick=128 pid=5 pri=0 slice=0
TRACE tick=128 pid=4 pri=0 slice=0
TRACE tick=128 pid=5 pri=0 slice=0
TRACE tick=129 pid=5 pri=0 slice=0
TRACE tick=129 pid=5 pri=0 slice=0
TRACE tick=129 pid=5 pri=0 slice=0
TRACE tick=129 pid=5 pri=0 slice=0
TRACE tick=129 pid=5 pri=0 slice=0
TRACE tick=129 pid=6 pri=0 slice=0
TRACE tick=130 pid=5 pri=0 slice=0
TRACE tick=130 pid=7 pri=0 slice=0
TRACE tick=130 pid=5 pri=0 slice=0
TRACE tick=130 pid=5 pri=0 slice=0
TRACE tick=130 pid=5 pri=0 slice=0
TRACE tick=130 pid=4 pri=0 slice=0
TRACE tick=131 pid=4 pri=0 slice=1
TRACE tick=131 pid=5 pri=0 slice=0
TRACE tick=131 pid=4 pri=0 slice=0
TRACE tick=131 pid=6 pri=0 slice=0
TRACE tick=131 pid=4 pri=0 slice=0
TRACE tick=131 pid=4 pri=0 slice=0
TRACE tick=132 pid=7 pri=0 slice=0
TRACE tick=132 pid=4 pri=0 slice=0
TRACE tick=132 pid=4 pri=0 slice=0
TRACE tick=132 pid=4 pri=0 slice=0
TRACE tick=132 pid=4 pri=0 slice=0
TRACE tick=132 pid=4 pri=0 slice=0
TRACE tick=132 pid=5 pri=0 slice=0
TRACE tick=133 pid=4 pri=0 slice=0
TRACE tick=133 pid=6 pri=0 slice=0
TRACE tick=133 pid=4 pri=0 slice=0
TRACE tick=133 pid=7 pri=0 slice=0
TRACE tick=133 pid=4 pri=0 slice=0
TRACE tick=133 pid=4 pri=0 slice=0
TRACE tick=133 pid=4 pri=0 slice=0
TRACE tick=134 pid=4 pri=0 slice=0
TRACE tick=134 pid=4 pri=0 slice=0
TRACE tick=134 pid=4 pri=0 slice=0
TRACE tick=134 pid=5 pri=0 slice=0
TRACE tick=134 pid=4 pri=0 slice=0
TRACE tick=134 pid=6 pri=0 slice=0
TRACE tick=134 pid=4 pri=0 slice=0
TRACE tick=135 pid=4 pri=0 slice=0
TRACE tick=135 pid=7 pri=0 slice=0
TRACE tick=135 pid=4 pri=0 slice=0
TRACE tick=135 pid=4 pri=0 slice=0
TRACE tick=135 pid=4 pri=0 slice=0
TRACE tick=135 pid=4 pri=0 slice=0
TRACE tick=135 pid=4 pri=0 slice=0
TRACE tick=136 pid=4 pri=0 slice=0
TRACE tick=136 pid=4 pri=0 slice=0
TRACE tick=136 pid=5 pri=0 slice=0
TRACE tick=136 pid=5 pri=0 slice=0
TRACE tick=136 pid=5 pri=0 slice=0
TRACE tick=136 pid=6 pri=0 slice=0
TRACE tick=137 pid=4 pri=0 slice=0
TRACE tick=137 pid=5 pri=0 slice=0
TRACE tick=137 pid=5 pri=0 slice=0
TRACE tick=137 pid=5 pri=0 slice=0
TRACE tick=137 pid=7 pri=0 slice=0
TRACE tick=137 pid=5 pri=0 slice=0
TRACE tick=137 pid=5 pri=0 slice=0
TRACE tick=138 pid=5 pri=0 slice=0
TRACE tick=138 pid=4 pri=0 slice=0
TRACE tick=138 pid=5 pri=0 slice=0
TRACE tick=138 pid=6 pri=0 slice=0
TRACE tick=138 pid=5 pri=0 slice=0
TRACE tick=138 pid=5 pri=0 slice=0
TRACE tick=138 pid=5 pri=0 slice=0
TRACE tick=139 pid=7 pri=0 slice=0
TRACE tick=139 pid=5 pri=0 slice=0
TRACE tick=139 pid=5 pri=0 slice=0
TRACE tick=139 pid=5 pri=0 slice=0
TRACE tick=139 pid=5 pri=0 slice=0
TRACE tick=139 pid=4 pri=0 slice=0
TRACE tick=139 pid=5 pri=0 slice=0
TRACE tick=140 pid=5 pri=0 slice=0
TRACE tick=140 pid=6 pri=0 slice=0
TRACE tick=140 pid=5 pri=0 slice=0
TRACE tick=140 pid=7 pri=0 slice=0
TRACE tick=140 pid=5 pri=0 slice=0
TRACE tick=140 pid=5 pri=0 slice=0
TRACE tick=140 pid=5 pri=0 slice=0
TRACE tick=140 pid=5 pri=0 slice=0
TRACE tick=141 pid=5 pri=0 slice=0
TRACE tick=141 pid=5 pri=0 slice=0
TRACE tick=141 pid=5 pri=0 slice=0
TRACE tick=141 pid=4 pri=0 slice=0
TRACE tick=141 pid=4 pri=0 slice=0
TRACE tick=141 pid=6 pri=0 slice=0
TRACE tick=142 pid=4 pri=0 slice=0
TRACE tick=142 pid=4 pri=0 slice=0
TRACE tick=142 pid=5 pri=0 slice=0
TRACE tick=142 pid=4 pri=0 slice=0
TRACE tick=142 pid=7 pri=0 slice=0
TRACE tick=142 pid=4 pri=0 slice=0
TRACE tick=142 pid=4 pri=0 slice=0
TRACE tick=142 pid=4 pri=0 slice=0
TRACE tick=143 pid=4 pri=0 slice=0
TRACE tick=143 pid=4 pri=0 slice=0
TRACE tick=143 pid=4 pri=0 slice=0
TRACE tick=143 pid=4 pri=0 slice=0
TRACE tick=143 pid=4 pri=0 slice=0
TRACE tick=143 pid=5 pri=0 slice=0
TRACE tick=143 pid=4 pri=0 slice=0
TRACE tick=144 pid=4 pri=0 slice=0
TRACE tick=144 pid=4 pri=0 slice=0
TRACE tick=144 pid=4 pri=0 slice=0
TRACE tick=144 pid=4 pri=0 slice=0
TRACE tick=144 pid=4 pri=0 slice=0
TRACE tick=144 pid=4 pri=0 slice=0
TRACE tick=145 pid=4 pri=0 slice=0
TRACE tick=145 pid=5 pri=0 slice=0
TRACE tick=145 pid=4 pri=0 slice=0
TRACE tick=145 pid=4 pri=0 slice=0
TRACE tick=145 pid=4 pri=0 slice=0
TRACE tick=145 pid=4 pri=0 slice=0
TRACE tick=145 pid=6 pri=0 slice=0
TRACE tick=146 pid=4 pri=0 slice=0
TRACE tick=146 pid=4 pri=0 slice=0
TRACE tick=146 pid=5 pri=0 slice=0
TRACE tick=146 pid=6 pri=0 slice=0
TRACE tick=146 pid=5 pri=0 slice=0
TRACE tick=147 pid=4 pri=0 slice=0
TRACE tick=147 pid=5 pri=0 slice=0
TRACE tick=147 pid=5 pri=0 slice=0
TRACE tick=147 pid=7 pri=0 slice=0
TRACE tick=147 pid=5 pri=0 slice=0
TRACE tick=147 pid=5 pri=0 slice=0
TRACE tick=147 pid=5 pri=0 slice=0
TRACE tick=148 pid=5 pri=0 slice=0
TRACE tick=148 pid=5 pri=0 slice=0
TRACE tick=148 pid=4 pri=0 slice=0
TRACE tick=148 pid=5 pri=0 slice=0
TRACE tick=148 pid=6 pri=0 slice=0
TRACE tick=148 pid=5 pri=0 slice=0
TRACE tick=148 pid=5 pri=0 slice=0
TRACE tick=149 pid=5 pri=0 slice=0
TRACE tick=149 pid=7 pri=0 slice=0
TRACE tick=149 pid=5 pri=0 slice=0
TRACE tick=149 pid=5 pri=0 slice=0
TRACE tick=149 pid=5 pri=0 slice=0
TRACE tick=149 pid=5 pri=0 slice=0
TRACE tick=150 pid=4 pri=0 slice=0
TRACE tick=150 pid=5 pri=0 slice=0
TRACE tick=150 pid=5 pri=0 slice=0
TRACE tick=150 pid=6 pri=0 slice=0
TRACE tick=150 pid=7 pri=0 slice=0
TRACE tick=150 pid=5 pri=0 slice=0
TRACE tick=150 pid=5 pri=0 slice=0
TRACE tick=150 pid=5 pri=0 slice=0
TRACE tick=151 pid=5 pri=0 slice=1
TRACE tick=151 pid=5 pri=0 slice=0
TRACE tick=151 pid=5 pri=0 slice=0
TRACE tick=151 pid=5 pri=0 slice=0
TRACE tick=151 pid=5 pri=0 slice=0
TRACE tick=151 pid=5 pri=0 slice=0
TRACE tick=152 pid=4 pri=0 slice=0
TRACE tick=152 pid=4 pri=0 slice=0
TRACE tick=152 pid=5 pri=0 slice=0
TRACE tick=152 pid=4 pri=0 slice=0
TRACE tick=152 pid=6 pri=0 slice=0
TRACE tick=152 pid=4 pri=0 slice=0
TRACE tick=153 pid=7 pri=0 slice=0
TRACE tick=153 pid=4 pri=0 slice=0
TRACE tick=153 pid=4 pri=0 slice=0
TRACE tick=153 pid=4 pri=0 slice=0
TRACE tick=153 pid=4 pri=0 slice=0
TRACE tick=153 pid=4 pri=0 slice=0
TRACE tick=153 pid=5 pri=0 slice=0
TRACE tick=154 pid=4 pri=0 slice=0
TRACE tick=154 pid=6 pri=0 slice=0
TRACE tick=154 pid=4 pri=0 slice=0
TRACE tick=154 pid=7 pri=0 slice=0
TRACE tick=154 pid=4 pri=0 slice=0
TRACE tick=154 pid=4 pri=0 slice=0
TRACE tick=154 pid=4 pri=0 slice=0
TRACE tick=154 pid=4 pri=0 slice=0
TRACE tick=155 pid=4 pri=0 slice=0
TRACE tick=155 pid=4 pri=0 slice=0
TRACE tick=155 pid=4 pri=0 slice=0
TRACE tick=155 pid=4 pri=0 slice=0
TRACE tick=155 pid=5 pri=0 slice=0
TRACE tick=155 pid=4 pri=0 slice=0
TRACE tick=155 pid=4 pri=0 slice=0
TRACE tick=156 pid=4 pri=0 slice=0
TRACE tick=156 pid=6 pri=0 slice=0
TRACE tick=156 pid=4 pri=0 slice=0
TRACE tick=156 pid=4 pri=0 slice=0
TRACE tick=156 pid=4 pri=0 slice=0
TRACE tick=156 pid=7 pri=0 slice=0
TRACE tick=156 pid=4 pri=0 slice=0
TRACE tick=156 pid=4 pri=0 slice=0
TRACE tick=157 pid=4 pri=0 slice=0
TRACE tick=157 pid=4 pri=0 slice=0
TRACE tick=157 pid=5 pri=0 slice=0
TRACE tick=157 pid=4 pri=0 slice=0
TRACE tick=157 pid=4 pri=0 slice=0
TRACE tick=158 pid=4 pri=0 slice=0
TRACE tick=158 pid=6 pri=0 slice=0
TRACE tick=158 pid=4 pri=0 slice=0
TRACE tick=158 pid=7 pri=0 slice=0
TRACE tick=158 pid=4 pri=0 slice=0
TRACE tick=158 pid=4 pri=0 slice=0
TRACE tick=158 pid=4 pri=0 slice=0
TRACE tick=159 pid=5 pri=0 slice=0
TRACE tick=159 pid=4 pri=0 slice=0
TRACE tick=159 pid=6 pri=0 slice=0
TRACE tick=159 pid=4 pri=0 slice=0
TRACE tick=159 pid=7 pri=0 slice=0
TRACE tick=159 pid=4 pri=0 slice=0
TRACE tick=159 pid=4 pri=0 slice=0
TRACE tick=159 pid=4 pri=0 slice=0
TRACE tick=160 pid=4 pri=0 slice=0
TRACE tick=160 pid=4 pri=0 slice=0
TRACE tick=160 pid=4 pri=0 slice=0
TRACE tick=160 pid=4 pri=0 slice=0
TRACE tick=160 pid=4 pri=0 slice=0
TRACE tick=160 pid=4 pri=0 slice=0
TRACE tick=160 pid=5 pri=0 slice=0
TRACE tick=161 pid=4 pri=0 slice=0
TRACE tick=161 pid=6 pri=0 slice=0
TRACE tick=161 pid=4 pri=0 slice=0
TRACE tick=161 pid=7 pri=0 slice=0
TRACE tick=161 pid=4 pri=0 slice=0
TRACE tick=161 pid=4 pri=0 slice=0
TRACE tick=161 pid=4 pri=0 slice=0
TRACE tick=161 pid=4 pri=0 slice=0
TRACE tick=162 pid=4 pri=0 slice=0
TRACE tick=162 pid=5 pri=0 slice=0
TRACE tick=162 pid=5 pri=0 slice=0
TRACE tick=162 pid=6 pri=0 slice=0
TRACE tick=162 pid=5 pri=0 slice=0
TRACE tick=162 pid=7 pri=0 slice=0
TRACE tick=163 pid=4 pri=0 slice=0
TRACE tick=163 pid=5 pri=0 slice=0
TRACE tick=163 pid=5 pri=0 slice=0
TRACE tick=163 pid=5 pri=0 slice=0
TRACE tick=163 pid=5 pri=0 slice=0
TRACE tick=163 pid=5 pri=0 slice=0
TRACE tick=163 pid=5 pri=0 slice=0
TRACE tick=164 pid=4 pri=0 slice=0
TRACE tick=164 pid=5 pri=0 slice=0
TRACE tick=164 pid=6 pri=0 slice=0
TRACE tick=164 pid=5 pri=0 slice=0
TRACE tick=164 pid=7 pri=0 slice=0
TRACE tick=164 pid=5 pri=0 slice=0
TRACE tick=164 pid=5 pri=0 slice=0
TRACE tick=164 pid=5 pri=0 slice=0
TRACE tick=165 pid=5 pri=0 slice=1
TRACE tick=165 pid=5 pri=0 slice=0
TRACE tick=165 pid=5 pri=0 slice=0
TRACE tick=165 pid=5 pri=0 slice=0
TRACE tick=165 pid=4 pri=0 slice=0
TRACE tick=165 pid=5 pri=0 slice=0
TRACE tick=166 pid=6 pri=0 slice=0
TRACE tick=166 pid=5 pri=0 slice=0
TRACE tick=166 pid=7 pri=0 slice=0
TRACE tick=166 pid=5 pri=0 slice=0
TRACE tick=166 pid=5 pri=0 slice=0
TRACE tick=166 pid=5 pri=0 slice=0
TRACE tick=166 pid=5 pri=0 slice=0
TRACE tick=167 pid=5 pri=0 slice=0
TRACE tick=167 pid=5 pri=0 slice=0
TRACE tick=167 pid=5 pri=0 slice=0
TRACE tick=167 pid=5 pri=0 slice=0
TRACE tick=167 pid=4 pri=0 slice=0
TRACE tick=168 pid=5 pri=0 slice=0
TRACE tick=168 pid=4 pri=0 slice=0
TRACE tick=168 pid=6 pri=0 slice=0
TRACE tick=168 pid=4 pri=0 slice=0
TRACE tick=168 pid=7 pri=0 slice=0
TRACE tick=168 pid=4 pri=0 slice=0
TRACE tick=168 pid=4 pri=0 slice=0
TRACE tick=169 pid=4 pri=0 slice=0
TRACE tick=169 pid=4 pri=0 slice=0
TRACE tick=169 pid=4 pri=0 slice=0
TRACE tick=169 pid=4 pri=0 slice=0
TRACE tick=169 pid=4 pri=0 slice=0
TRACE tick=169 pid=5 pri=0 slice=0
TRACE tick=169 pid=4 pri=0 slice=0
TRACE tick=170 pid=4 pri=0 slice=0
TRACE tick=170 pid=6 pri=0 slice=0
TRACE tick=170 pid=4 pri=0 slice=0
TRACE tick=170 pid=4 pri=0 slice=0
TRACE tick=170 pid=4 pri=0 slice=0
TRACE tick=170 pid=4 pri=0 slice=0
TRACE tick=170 pid=7 pri=0 slice=0
TRACE tick=171 pid=4 pri=0 slice=0
TRACE tick=171 pid=4 pri=0 slice=0
TRACE tick=171 pid=5 pri=0 slice=0
TRACE tick=171 pid=4 pri=0 slice=0
TRACE tick=171 pid=6 pri=0 slice=0
TRACE tick=171 pid=4 pri=0 slice=0
TRACE tick=172 pid=4 pri=0 slice=0
TRACE tick=172 pid=4 pri=0 slice=0
TRACE tick=172 pid=7 pri=0 slice=0
TRACE tick=172 pid=4 pri=0 slice=0
TRACE tick=172 pid=4 pri=0 slice=0
TRACE tick=172 pid=4 pri=0 slice=0
TRACE tick=172 pid=4 pri=0 slice=0
TRACE tick=172 pid=4 pri=0 slice=0
TRACE tick=173 pid=4 pri=0 slice=0
TRACE tick=173 pid=4 pri=0 slice=0
TRACE tick=173 pid=5 pri=0 slice=0
TRACE tick=173 pid=4 pri=0 slice=0
TRACE tick=173 pid=6 pri=0 slice=0
TRACE tick=173 pid=4 pri=0 slice=0
TRACE tick=174 pid=4 pri=0 slice=0
TRACE tick=174 pid=7 pri=0 slice=0
TRACE tick=174 pid=4 pri=0 slice=0
TRACE tick=174 pid=4 pri=0 slice=0
TRACE tick=174 pid=4 pri=0 slice=0
TRACE tick=174 pid=4 pri=0 slice=0
TRACE tick=174 pid=5 pri=0 slice=0
TRACE tick=175 pid=4 pri=0 slice=0
TRACE tick=175 pid=4 pri=0 slice=0
TRACE tick=175 pid=6 pri=0 slice=0
TRACE tick=175 pid=4 pri=0 slice=0
TRACE tick=175 pid=7 pri=0 slice=0
TRACE tick=175 pid=4 pri=0 slice=0
TRACE tick=175 pid=4 pri=0 slice=0
TRACE tick=176 pid=4 pri=0 slice=0
TRACE tick=176 pid=4 pri=0 slice=0
TRACE tick=176 pid=4 pri=0 slice=0
TRACE tick=176 pid=4 pri=0 slice=0
TRACE tick=176 pid=5 pri=0 slice=0
TRACE tick=176 pid=4 pri=0 slice=0
TRACE tick=176 pid=6 pri=0 slice=0
TRACE tick=177 pid=4 pri=0 slice=0
TRACE tick=177 pid=4 pri=0 slice=0
TRACE tick=177 pid=4 pri=0 slice=0
TRACE tick=177 pid=7 pri=0 slice=0
TRACE tick=177 pid=4 pri=0 slice=0
TRACE tick=177 pid=4 pri=0 slice=0
TRACE tick=177 pid=4 pri=0 slice=0
TRACE tick=178 pid=4 pri=0 slice=0
TRACE tick=178 pid=4 pri=0 slice=0
TRACE tick=178 pid=5 pri=0 slice=0
TRACE tick=178 pid=5 pri=0 slice=0
TRACE tick=178 pid=6 pri=0 slice=0
TRACE tick=179 pid=4 pri=0 slice=0
TRACE tick=179 pid=5 pri=0 slice=0
TRACE tick=179 pid=5 pri=0 slice=0
TRACE tick=179 pid=7 pri=0 slice=0
TRACE tick=179 pid=5 pri=0 slice=0
TRACE tick=180 pid=5 pri=0 slice=0
TRACE tick=180 pid=5 pri=0 slice=0
TRACE tick=180 pid=5 pri=0 slice=0
TRACE tick=180 pid=5 pri=0 slice=0
TRACE tick=180 pid=4 pri=0 slice=0
TRACE tick=180 pid=5 pri=0 slice=0
TRACE tick=181 pid=6 pri=0 slice=0
TRACE tick=181 pid=5 pri=0 slice=0
TRACE tick=181 pid=5 pri=0 slice=0
TRACE tick=181 pid=7 pri=0 slice=0
TRACE tick=181 pid=5 pri=0 slice=0
TRACE tick=181 pid=5 pri=0 slice=0
TRACE tick=181 pid=5 pri=0 slice=0
TRACE tick=182 pid=5 pri=0 slice=0
TRACE tick=182 pid=5 pri=0 slice=0
TRACE tick=182 pid=4 pri=0 slice=0
TRACE tick=182 pid=5 pri=0 slice=0
TRACE tick=182 pid=6 pri=0 slice=0
TRACE tick=182 pid=5 pri=0 slice=0
TRACE tick=182 pid=5 pri=0 slice=0
TRACE tick=183 pid=5 pri=0 slice=0
TRACE tick=183 pid=7 pri=0 slice=0
TRACE tick=183 pid=5 pri=0 slice=0
TRACE tick=183 pid=5 pri=0 slice=0
TRACE tick=183 pid=5 pri=0 slice=0
TRACE tick=183 pid=5 pri=0 slice=0
TRACE tick=183 pid=5 pri=0 slice=0
TRACE tick=184 pid=5 pri=0 slice=0
TRACE tick=184 pid=4 pri=0 slice=0
TRACE tick=184 pid=4 pri=0 slice=0
TRACE tick=184 pid=6 pri=0 slice=0
TRACE tick=184 pid=4 pri=0 slice=0
TRACE tick=185 pid=5 pri=0 slice=0
TRACE tick=185 pid=4 pri=0 slice=0
TRACE tick=185 pid=4 pri=0 slice=0
TRACE tick=185 pid=7 pri=0 slice=0
TRACE tick=185 pid=4 pri=0 slice=0
TRACE tick=185 pid=4 pri=0 slice=0
TRACE tick=185 pid=4 pri=0 slice=0
TRACE tick=186 pid=4 pri=0 slice=0
TRACE tick=186 pid=4 pri=0 slice=0
TRACE tick=186 pid=4 pri=0 slice=0
TRACE tick=186 pid=4 pri=0 slice=0
TRACE tick=186 pid=4 pri=0 slice=0
TRACE tick=186 pid=5 pri=0 slice=0
TRACE tick=186 pid=4 pri=0 slice=0
TRACE tick=187 pid=6 pri=0 slice=0
TRACE tick=187 pid=4 pri=0 slice=0
TRACE tick=187 pid=7 pri=0 slice=0
TRACE tick=187 pid=4 pri=0 slice=0
TRACE tick=187 pid=4 pri=0 slice=0
TRACE tick=187 pid=5 pri=0 slice=0
TRACE tick=188 pid=4 pri=0 slice=0
TRACE tick=188 pid=4 pri=0 slice=0
TRACE tick=188 pid=4 pri=0 slice=0
TRACE tick=188 pid=4 pri=0 slice=0
TRACE tick=188 pid=6 pri=0 slice=0
TRACE tick=188 pid=4 pri=0 slice=0
TRACE tick=188 pid=7 pri=0 slice=0
TRACE tick=189 pid=4 pri=0 slice=0
TRACE tick=189 pid=4 pri=0 slice=0
TRACE tick=189 pid=4 pri=0 slice=0
TRACE tick=189 pid=4 pri=0 slice=0
TRACE tick=189 pid=4 pri=0 slice=0
TRACE tick=189 pid=5 pri=0 slice=0
TRACE tick=190 pid=4 pri=0 slice=0
TRACE tick=190 pid=5 pri=0 slice=1
TRACE tick=190 pid=4 pri=0 slice=0
TRACE tick=191 pid=4 pri=0 slice=0
TRACE tick=191 pid=5 pri=0 slice=0
TRACE tick=191 pid=4 pri=0 slice=0
TRACE tick=191 pid=4 pri=0 slice=0
TRACE tick=191 pid=4 pri=0 slice=0
TRACE tick=191 pid=6 pri=0 slice=0
TRACE tick=191 pid=4 pri=0 slice=0
TRACE tick=192 pid=7 pri=0 slice=0
TRACE tick=192 pid=4 pri=0 slice=0
TRACE tick=192 pid=4 pri=0 slice=0
TRACE tick=192 pid=4 pri=0 slice=0
TRACE tick=192 pid=4 pri=0 slice=0
TRACE tick=192 pid=4 pri=0 slice=0
TRACE tick=193 pid=4 pri=0 slice=0
TRACE tick=193 pid=4 pri=0 slice=0
TRACE tick=193 pid=4 pri=0 slice=0
TRACE tick=193 pid=5 pri=0 slice=0
TRACE tick=193 pid=4 pri=0 slice=0
TRACE tick=194 pid=4 pri=0 slice=0
TRACE tick=194 pid=4 pri=0 slice=0
TRACE tick=194 pid=4 pri=0 slice=0
TRACE tick=194 pid=4 pri=0 slice=0
TRACE tick=195 pid=4 pri=0 slice=0
TRACE tick=195 pid=4 pri=0 slice=0
TRACE tick=195 pid=4 pri=0 slice=0
TRACE tick=195 pid=5 pri=0 slice=0
TRACE tick=195 pid=4 pri=0 slice=0
TRACE tick=196 pid=4 pri=0 slice=0
TRACE tick=196 pid=4 pri=0 slice=0
TRACE tick=196 pid=6 pri=0 slice=0
TRACE tick=196 pid=4 pri=0 slice=0
TRACE tick=196 pid=4 pri=0 slice=0
TRACE tick=196 pid=7 pri=0 slice=0
TRACE tick=197 pid=4 pri=0 slice=0
TRACE tick=197 pid=4 pri=0 slice=0
TRACE tick=197 pid=4 pri=0 slice=0
TRACE tick=198 pid=4 pri=0 slice=0
TRACE tick=198 pid=5 pri=0 slice=0
TRACE tick=199 pid=4 pri=0 slice=0
TRACE tick=199 pid=5 pri=0 slice=0
TRACE tick=199 pid=6 pri=0 slice=0
TRACE tick=199 pid=5 pri=0 slice=0
TRACE tick=199 pid=5 pri=0 slice=0
TRACE tick=199 pid=5 pri=0 slice=0
TRACE tick=200 pid=5 pri=0 slice=0
TRACE tick=200 pid=7 pri=0 slice=0
TRACE tick=200 pid=5 pri=0 slice=0
TRACE tick=200 pid=5 pri=0 slice=0
TRACE tick=200 pid=5 pri=0 slice=0
TRACE tick=201 pid=4 pri=0 slice=0
TRACE tick=201 pid=5 pri=0 slice=0
TRACE tick=201 pid=5 pri=0 slice=0
TRACE tick=201 pid=6 pri=0 slice=0
TRACE tick=201 pid=5 pri=0 slice=0
TRACE tick=202 pid=5 pri=0 slice=0
TRACE tick=202 pid=5 pri=0 slice=0
TRACE tick=202 pid=7 pri=0 slice=0
TRACE tick=202 pid=5 pri=0 slice=0
TRACE tick=202 pid=5 pri=0 slice=0
TRACE tick=203 pid=5 pri=0 slice=0
TRACE tick=203 pid=4 pri=0 slice=0
TRACE tick=203 pid=5 pri=0 slice=0
TRACE tick=203 pid=5 pri=0 slice=0
TRACE tick=204 pid=5 pri=0 slice=0
TRACE tick=204 pid=6 pri=0 slice=0
TRACE tick=204 pid=5 pri=0 slice=0
TRACE tick=204 pid=5 pri=0 slice=0
TRACE tick=204 pid=5 pri=0 slice=0
TRACE tick=205 pid=7 pri=0 slice=0
TRACE tick=205 pid=5 pri=0 slice=0
TRACE tick=205 pid=5 pri=0 slice=0
TRACE tick=205 pid=5 pri=0 slice=0
TRACE tick=205 pid=5 pri=0 slice=0
TRACE tick=205 pid=4 pri=0 slice=0
TRACE tick=206 pid=4 pri=0 slice=1
TRACE tick=206 pid=4 pri=0 slice=0
TRACE tick=207 pid=4 pri=0 slice=0
TRACE tick=207 pid=4 pri=0 slice=0
TRACE tick=207 pid=4 pri=0 slice=0
TRACE tick=207 pid=5 pri=0 slice=0
TRACE tick=207 pid=4 pri=0 slice=0
TRACE tick=208 pid=6 pri=0 slice=0
TRACE tick=208 pid=4 pri=0 slice=0
TRACE tick=208 pid=4 pri=0 slice=0
TRACE tick=208 pid=4 pri=0 slice=0
TRACE tick=208 pid=4 pri=0 slice=0
TRACE tick=209 pid=4 pri=0 slice=0
TRACE tick=209 pid=5 pri=0 slice=0
TRACE tick=209 pid=4 pri=0 slice=0
TRACE tick=209 pid=4 pri=0 slice=0
TRACE tick=209 pid=6 pri=0 slice=0
TRACE tick=210 pid=4 pri=0 slice=0
TRACE tick=210 pid=4 pri=0 slice=0
TRACE tick=210 pid=4 pri=0 slice=0
TRACE tick=210 pid=4 pri=0 slice=0
TRACE tick=211 pid=4 pri=0 slice=1
TRACE tick=211 pid=4 pri=0 slice=0
TRACE tick=211 pid=5 pri=0 slice=0
TRACE tick=212 pid=4 pri=0 slice=0
TRACE tick=212 pid=4 pri=0 slice=0
TRACE tick=212 pid=6 pri=0 slice=0
TRACE tick=212 pid=4 pri=0 slice=0
TRACE tick=213 pid=4 pri=0 slice=0
TRACE tick=213 pid=4 pri=0 slice=0
TRACE tick=213 pid=4 pri=0 slice=0
TRACE tick=213 pid=4 pri=0 slice=0
TRACE tick=213 pid=4 pri=0 slice=0
TRACE tick=213 pid=4 pri=0 slice=0
TRACE tick=214 pid=4 pri=0 slice=0
TRACE tick=214 pid=4 pri=0 slice=0
TRACE tick=214 pid=4 pri=0 slice=0
TRACE tick=214 pid=5 pri=0 slice=0
TRACE tick=215 pid=4 pri=0 slice=0
TRACE tick=215 pid=6 pri=0 slice=0
TRACE tick=215 pid=4 pri=0 slice=0
TRACE tick=215 pid=4 pri=0 slice=0
TRACE tick=215 pid=4 pri=0 slice=0
TRACE tick=216 pid=4 pri=0 slice=0
TRACE tick=216 pid=7 pri=0 slice=0
TRACE tick=216 pid=4 pri=0 slice=0
TRACE tick=216 pid=5 pri=0 slice=0
TRACE tick=217 pid=4 pri=0 slice=0
TRACE tick=217 pid=4 pri=0 slice=0
TRACE tick=217 pid=6 pri=0 slice=0
TRACE tick=217 pid=4 pri=0 slice=0
TRACE tick=217 pid=7 pri=0 slice=0
TRACE tick=217 pid=4 pri=0 slice=0
TRACE tick=218 pid=4 pri=0 slice=0
TRACE tick=218 pid=4 pri=0 slice=0
TRACE tick=218 pid=4 pri=0 slice=0
TRACE tick=218 pid=4 pri=0 slice=0
TRACE tick=218 pid=4 pri=0 slice=0
TRACE tick=219 pid=4 pri=0 slice=0
TRACE tick=219 pid=5 pri=0 slice=0
TRACE tick=219 pid=4 pri=0 slice=0
TRACE tick=219 pid=4 pri=0 slice=0
TRACE tick=219 pid=6 pri=0 slice=0
TRACE tick=219 pid=4 pri=0 slice=0
TRACE tick=220 pid=7 pri=0 slice=0
TRACE tick=220 pid=4 pri=0 slice=0
TRACE tick=220 pid=4 pri=0 slice=0
TRACE tick=220 pid=4 pri=0 slice=0
TRACE tick=220 pid=4 pri=0 slice=0
TRACE tick=221 pid=4 pri=0 slice=0
TRACE tick=221 pid=5 pri=0 slice=0
TRACE tick=221 pid=5 pri=0 slice=0
TRACE tick=221 pid=6 pri=0 slice=0
TRACE tick=222 pid=4 pri=0 slice=0
TRACE tick=222 pid=5 pri=0 slice=0
TRACE tick=222 pid=5 pri=0 slice=0
TRACE tick=222 pid=5 pri=0 slice=0
TRACE tick=222 pid=7 pri=0 slice=0
TRACE tick=223 pid=5 pri=0 slice=0
TRACE tick=223 pid=5 pri=0 slice=0
TRACE tick=223 pid=5 pri=0 slice=0
TRACE tick=223 pid=5 pri=0 slice=0
TRACE tick=224 pid=4 pri=0 slice=0
TRACE tick=224 pid=5 pri=0 slice=0
TRACE tick=224 pid=6 pri=0 slice=0
TRACE tick=224 pid=5 pri=0 slice=0
TRACE tick=224 pid=5 pri=0 slice=0
TRACE tick=224 pid=5 pri=0 slice=0
TRACE tick=225 pid=5 pri=0 slice=0
TRACE tick=225 pid=5 pri=0 slice=0
TRACE tick=225 pid=7 pri=0 slice=0
TRACE tick=225 pid=5 pri=0 slice=0
TRACE tick=225 pid=5 pri=0 slice=0
TRACE tick=226 pid=4 pri=0 slice=0
TRACE tick=226 pid=5 pri=0 slice=0
TRACE tick=226 pid=5 pri=0 slice=0
TRACE tick=226 pid=6 pri=0 slice=0
TRACE tick=226 pid=5 pri=0 slice=0
TRACE tick=227 pid=5 pri=0 slice=0
TRACE tick=227 pid=5 pri=0 slice=0
TRACE tick=227 pid=5 pri=0 slice=0
TRACE tick=227 pid=5 pri=0 slice=0
TRACE tick=227 pid=7 pri=0 slice=0
TRACE tick=227 pid=5 pri=0 slice=0
TRACE tick=228 pid=5 pri=0 slice=0
io_burner pid=5 done ops=15
EXIT pid=5 name=io_burner arrival=27 completion=228 run=8 ioblock=342 final_pri=0
TRACE tick=228 pid=5 pri=0 slice=0
TRACE tick=229 pid=4 pri=0 slice=0
TRACE tick=229 pid=4 pri=0 slice=0
TRACE tick=230 pid=4 pri=0 slice=0
TRACE tick=230 pid=5 pri=0 slice=1
TRACE tick=230 pid=3 pri=0 slice=0
TRACE tick=230 pid=4 pri=0 slice=0
TRACE tick=230 pid=6 pri=0 slice=0
TRACE tick=230 pid=4 pri=0 slice=0
TRACE tick=230 pid=7 pri=0 slice=0
TRACE tick=231 pid=4 pri=0 slice=0
TRACE tick=231 pid=4 pri=0 slice=0
TRACE tick=231 pid=4 pri=0 slice=0
TRACE tick=231 pid=4 pri=0 slice=0
TRACE tick=231 pid=4 pri=0 slice=0
TRACE tick=232 pid=4 pri=0 slice=0
TRACE tick=232 pid=4 pri=0 slice=0
TRACE tick=232 pid=4 pri=0 slice=0
TRACE tick=232 pid=4 pri=0 slice=0
TRACE tick=232 pid=6 pri=0 slice=0
TRACE tick=233 pid=4 pri=0 slice=0
TRACE tick=233 pid=7 pri=0 slice=0
TRACE tick=233 pid=4 pri=0 slice=0
TRACE tick=233 pid=4 pri=0 slice=0
TRACE tick=233 pid=6 pri=0 slice=0
TRACE tick=234 pid=4 pri=0 slice=0
TRACE tick=234 pid=7 pri=0 slice=0
TRACE tick=234 pid=4 pri=0 slice=0
TRACE tick=234 pid=4 pri=0 slice=0
TRACE tick=234 pid=4 pri=0 slice=0
TRACE tick=235 pid=4 pri=0 slice=0
TRACE tick=235 pid=4 pri=0 slice=0
TRACE tick=235 pid=4 pri=0 slice=0
TRACE tick=235 pid=4 pri=0 slice=0
TRACE tick=236 pid=4 pri=0 slice=0
io_burner pid=4 done ops=20
EXIT pid=4 name=io_burner arrival=26 completion=236 run=7 ioblock=561 final_pri=0
TRACE tick=236 pid=4 pri=0 slice=0
TRACE tick=236 pid=3 pri=0 slice=0
TRACE tick=237 pid=3 pri=0 slice=1
TRACE tick=237 pid=6 pri=0 slice=0
TRACE tick=237 pid=7 pri=0 slice=0
TRACE tick=238 pid=6 pri=0 slice=0
TRACE tick=238 pid=6 pri=0 slice=0
TRACE tick=238 pid=7 pri=0 slice=0
TRACE tick=239 pid=6 pri=0 slice=0
TRACE tick=239 pid=6 pri=0 slice=0
TRACE tick=239 pid=6 pri=0 slice=0
TRACE tick=239 pid=6 pri=0 slice=0
TRACE tick=240 pid=6 pri=0 slice=0
TRACE tick=240 pid=6 pri=0 slice=0
TRACE tick=240 pid=6 pri=0 slice=0
TRACE tick=240 pid=7 pri=0 slice=0
TRACE tick=240 pid=6 pri=0 slice=0
TRACE tick=241 pid=6 pri=0 slice=0
TRACE tick=241 pid=6 pri=0 slice=0
TRACE tick=241 pid=6 pri=0 slice=0
TRACE tick=241 pid=6 pri=0 slice=0
TRACE tick=241 pid=6 pri=0 slice=0
TRACE tick=241 pid=6 pri=0 slice=0
TRACE tick=242 pid=6 pri=0 slice=0
TRACE tick=242 pid=7 pri=0 slice=0
TRACE tick=242 pid=6 pri=0 slice=0
TRACE tick=242 pid=6 pri=0 slice=0
TRACE tick=242 pid=6 pri=0 slice=0
TRACE tick=242 pid=6 pri=0 slice=0
TRACE tick=243 pid=6 pri=0 slice=0
TRACE tick=243 pid=6 pri=0 slice=0
TRACE tick=243 pid=6 pri=0 slice=0
TRACE tick=243 pid=6 pri=0 slice=0
TRACE tick=244 pid=6 pri=0 slice=0
TRACE tick=244 pid=6 pri=0 slice=0
TRACE tick=244 pid=7 pri=0 slice=0
TRACE tick=244 pid=7 pri=0 slice=0
TRACE tick=245 pid=6 pri=0 slice=0
TRACE tick=245 pid=7 pri=0 slice=0
TRACE tick=245 pid=7 pri=0 slice=0
TRACE tick=245 pid=7 pri=0 slice=0
TRACE tick=245 pid=7 pri=0 slice=0
TRACE tick=245 pid=7 pri=0 slice=0
TRACE tick=246 pid=7 pri=0 slice=0
TRACE tick=246 pid=7 pri=0 slice=0
TRACE tick=246 pid=6 pri=0 slice=0
TRACE tick=246 pid=7 pri=0 slice=0
TRACE tick=246 pid=7 pri=0 slice=0
TRACE tick=246 pid=7 pri=0 slice=0
TRACE tick=247 pid=7 pri=0 slice=0
TRACE tick=247 pid=7 pri=0 slice=0
TRACE tick=247 pid=7 pri=0 slice=0
TRACE tick=247 pid=7 pri=0 slice=0
TRACE tick=247 pid=7 pri=0 slice=0
TRACE tick=248 pid=6 pri=0 slice=0
TRACE tick=248 pid=7 pri=0 slice=0
TRACE tick=248 pid=7 pri=0 slice=0
TRACE tick=248 pid=7 pri=0 slice=0
TRACE tick=248 pid=7 pri=0 slice=0
TRACE tick=249 pid=7 pri=0 slice=0
TRACE tick=249 pid=7 pri=0 slice=0
TRACE tick=249 pid=7 pri=0 slice=0
TRACE tick=249 pid=7 pri=0 slice=0
TRACE tick=249 pid=7 pri=0 slice=0
TRACE tick=250 pid=7 pri=0 slice=0
TRACE tick=250 pid=6 pri=0 slice=0
TRACE tick=250 pid=6 pri=0 slice=0
TRACE tick=251 pid=6 pri=0 slice=0
TRACE tick=251 pid=6 pri=0 slice=0
TRACE tick=251 pid=7 pri=0 slice=0
TRACE tick=251 pid=6 pri=0 slice=0
TRACE tick=251 pid=6 pri=0 slice=0
TRACE tick=252 pid=6 pri=0 slice=0
TRACE tick=252 pid=6 pri=0 slice=0
TRACE tick=252 pid=6 pri=0 slice=0
TRACE tick=252 pid=7 pri=0 slice=0
TRACE tick=252 pid=6 pri=0 slice=0
TRACE tick=253 pid=6 pri=0 slice=0
TRACE tick=253 pid=6 pri=0 slice=0
TRACE tick=253 pid=6 pri=0 slice=0
TRACE tick=253 pid=6 pri=0 slice=0
TRACE tick=253 pid=6 pri=0 slice=0
TRACE tick=253 pid=6 pri=0 slice=0
TRACE tick=254 pid=6 pri=0 slice=0
TRACE tick=254 pid=6 pri=0 slice=0
TRACE tick=254 pid=6 pri=0 slice=0
TRACE tick=254 pid=7 pri=0 slice=0
TRACE tick=254 pid=6 pri=0 slice=0
TRACE tick=254 pid=6 pri=0 slice=0
TRACE tick=255 pid=6 pri=0 slice=0
TRACE tick=255 pid=6 pri=0 slice=0
TRACE tick=255 pid=6 pri=0 slice=0
TRACE tick=255 pid=6 pri=0 slice=0
TRACE tick=255 pid=6 pri=0 slice=0
TRACE tick=255 pid=6 pri=0 slice=0
TRACE tick=256 pid=6 pri=0 slice=0
TRACE tick=256 pid=7 pri=0 slice=0
TRACE tick=256 pid=6 pri=0 slice=0
TRACE tick=256 pid=6 pri=0 slice=0
TRACE tick=256 pid=6 pri=0 slice=0
TRACE tick=257 pid=6 pri=0 slice=0
TRACE tick=257 pid=6 pri=0 slice=0
TRACE tick=257 pid=6 pri=0 slice=0
TRACE tick=257 pid=6 pri=0 slice=0
TRACE tick=257 pid=6 pri=0 slice=0
TRACE tick=257 pid=7 pri=0 slice=0
TRACE tick=258 pid=6 pri=0 slice=0
TRACE tick=258 pid=6 pri=0 slice=0
TRACE tick=258 pid=6 pri=0 slice=0
TRACE tick=258 pid=6 pri=0 slice=0
TRACE tick=258 pid=6 pri=0 slice=0
TRACE tick=258 pid=6 pri=0 slice=0
TRACE tick=259 pid=6 pri=0 slice=0
TRACE tick=259 pid=6 pri=0 slice=0
TRACE tick=259 pid=6 pri=0 slice=0
TRACE tick=259 pid=6 pri=0 slice=0
TRACE tick=259 pid=6 pri=0 slice=0
TRACE tick=259 pid=7 pri=0 slice=0
TRACE tick=260 pid=6 pri=0 slice=0
TRACE tick=260 pid=6 pri=0 slice=0
TRACE tick=260 pid=6 pri=0 slice=0
TRACE tick=260 pid=6 pri=0 slice=0
TRACE tick=260 pid=6 pri=0 slice=0
TRACE tick=260 pid=6 pri=0 slice=0
TRACE tick=261 pid=6 pri=0 slice=0
TRACE tick=261 pid=7 pri=0 slice=0
TRACE tick=261 pid=7 pri=0 slice=0
TRACE tick=261 pid=7 pri=0 slice=0
TRACE tick=261 pid=7 pri=0 slice=0
TRACE tick=262 pid=6 pri=0 slice=0
TRACE tick=262 pid=7 pri=0 slice=1
TRACE tick=262 pid=7 pri=0 slice=0
TRACE tick=263 pid=7 pri=0 slice=0
TRACE tick=263 pid=7 pri=0 slice=0
TRACE tick=263 pid=7 pri=0 slice=0
TRACE tick=263 pid=7 pri=0 slice=0
TRACE tick=264 pid=6 pri=0 slice=0
TRACE tick=264 pid=7 pri=0 slice=0
TRACE tick=264 pid=7 pri=0 slice=0
TRACE tick=265 pid=7 pri=0 slice=0
TRACE tick=265 pid=7 pri=0 slice=0
TRACE tick=265 pid=7 pri=0 slice=0
TRACE tick=265 pid=7 pri=0 slice=0
TRACE tick=266 pid=7 pri=0 slice=0
TRACE tick=266 pid=7 pri=0 slice=0
TRACE tick=266 pid=6 pri=0 slice=0
TRACE tick=266 pid=7 pri=0 slice=0
TRACE tick=267 pid=7 pri=0 slice=0
TRACE tick=267 pid=7 pri=0 slice=0
TRACE tick=267 pid=7 pri=0 slice=0
TRACE tick=267 pid=7 pri=0 slice=0
TRACE tick=268 pid=7 pri=0 slice=0
TRACE tick=268 pid=7 pri=0 slice=0
TRACE tick=268 pid=7 pri=0 slice=0
TRACE tick=268 pid=7 pri=0 slice=0
TRACE tick=269 pid=7 pri=0 slice=0
TRACE tick=269 pid=6 pri=0 slice=0
TRACE tick=269 pid=6 pri=0 slice=0
TRACE tick=269 pid=6 pri=0 slice=0
TRACE tick=270 pid=6 pri=0 slice=0
TRACE tick=270 pid=6 pri=0 slice=0
TRACE tick=270 pid=6 pri=0 slice=0
TRACE tick=270 pid=6 pri=0 slice=0
TRACE tick=270 pid=6 pri=0 slice=0
TRACE tick=270 pid=7 pri=0 slice=0
TRACE tick=270 pid=6 pri=0 slice=0
TRACE tick=271 pid=6 pri=0 slice=0
TRACE tick=271 pid=7 pri=0 slice=0
TRACE tick=271 pid=6 pri=0 slice=0
TRACE tick=271 pid=6 pri=0 slice=0
TRACE tick=271 pid=6 pri=0 slice=0
TRACE tick=271 pid=6 pri=0 slice=0
TRACE tick=271 pid=6 pri=0 slice=0
TRACE tick=272 pid=6 pri=0 slice=0
TRACE tick=272 pid=6 pri=0 slice=0
TRACE tick=272 pid=6 pri=0 slice=0
TRACE tick=272 pid=6 pri=0 slice=0
TRACE tick=272 pid=6 pri=0 slice=0
TRACE tick=272 pid=6 pri=0 slice=0
TRACE tick=273 pid=6 pri=0 slice=0
TRACE tick=273 pid=6 pri=0 slice=0
TRACE tick=273 pid=7 pri=0 slice=0
TRACE tick=273 pid=6 pri=0 slice=0
TRACE tick=273 pid=6 pri=0 slice=0
TRACE tick=273 pid=6 pri=0 slice=0
TRACE tick=273 pid=6 pri=0 slice=0
TRACE tick=274 pid=6 pri=0 slice=0
TRACE tick=274 pid=6 pri=0 slice=0
TRACE tick=274 pid=7 pri=0 slice=0
TRACE tick=274 pid=6 pri=0 slice=0
TRACE tick=275 pid=6 pri=0 slice=0
TRACE tick=275 pid=6 pri=0 slice=0
TRACE tick=275 pid=6 pri=0 slice=0
TRACE tick=275 pid=6 pri=0 slice=0
TRACE tick=275 pid=6 pri=0 slice=0
TRACE tick=275 pid=6 pri=0 slice=0
TRACE tick=276 pid=6 pri=0 slice=0
TRACE tick=276 pid=6 pri=0 slice=0
TRACE tick=276 pid=6 pri=0 slice=0
TRACE tick=276 pid=6 pri=0 slice=0
TRACE tick=276 pid=6 pri=0 slice=0
TRACE tick=277 pid=6 pri=0 slice=0
TRACE tick=277 pid=6 pri=0 slice=0
TRACE tick=277 pid=6 pri=0 slice=0
TRACE tick=277 pid=6 pri=0 slice=0
TRACE tick=277 pid=6 pri=0 slice=0
TRACE tick=277 pid=6 pri=0 slice=0
TRACE tick=278 pid=6 pri=0 slice=0
TRACE tick=278 pid=6 pri=0 slice=0
TRACE tick=278 pid=6 pri=0 slice=0
TRACE tick=278 pid=7 pri=0 slice=0
TRACE tick=278 pid=6 pri=0 slice=0
TRACE tick=278 pid=6 pri=0 slice=0
TRACE tick=278 pid=6 pri=0 slice=0
TRACE tick=278 pid=6 pri=0 slice=0
TRACE tick=278 pid=7 pri=0 slice=0
TRACE tick=279 pid=6 pri=0 slice=0
TRACE tick=279 pid=7 pri=0 slice=1
TRACE tick=279 pid=6 pri=0 slice=0
TRACE tick=280 pid=7 pri=0 slice=0
TRACE tick=280 pid=6 pri=0 slice=0
TRACE tick=280 pid=6 pri=0 slice=0
TRACE tick=280 pid=6 pri=0 slice=0
TRACE tick=280 pid=6 pri=0 slice=0
TRACE tick=280 pid=6 pri=0 slice=0
TRACE tick=280 pid=6 pri=0 slice=0
TRACE tick=281 pid=6 pri=0 slice=0
TRACE tick=281 pid=6 pri=0 slice=0
TRACE tick=281 pid=6 pri=0 slice=0
TRACE tick=281 pid=6 pri=0 slice=0
TRACE tick=281 pid=6 pri=0 slice=0
TRACE tick=281 pid=6 pri=0 slice=0
TRACE tick=281 pid=7 pri=0 slice=0
TRACE tick=282 pid=6 pri=0 slice=0
TRACE tick=282 pid=6 pri=0 slice=0
TRACE tick=282 pid=6 pri=0 slice=0
TRACE tick=282 pid=6 pri=0 slice=0
TRACE tick=282 pid=6 pri=0 slice=0
TRACE tick=282 pid=6 pri=0 slice=0
TRACE tick=282 pid=6 pri=0 slice=0
TRACE tick=283 pid=6 pri=0 slice=0
TRACE tick=283 pid=7 pri=0 slice=0
TRACE tick=283 pid=6 pri=0 slice=0
TRACE tick=283 pid=6 pri=0 slice=0
TRACE tick=283 pid=6 pri=0 slice=0
TRACE tick=283 pid=6 pri=0 slice=0
TRACE tick=284 pid=6 pri=0 slice=0
TRACE tick=284 pid=6 pri=0 slice=0
TRACE tick=284 pid=6 pri=0 slice=0
TRACE tick=284 pid=6 pri=0 slice=0
TRACE tick=284 pid=6 pri=0 slice=0
TRACE tick=284 pid=6 pri=0 slice=0
TRACE tick=284 pid=7 pri=0 slice=0
TRACE tick=285 pid=6 pri=0 slice=0
TRACE tick=285 pid=7 pri=0 slice=1
TRACE tick=285 pid=6 pri=0 slice=0
TRACE tick=286 pid=6 pri=0 slice=1
TRACE tick=286 pid=7 pri=0 slice=0
TRACE tick=286 pid=6 pri=0 slice=0
TRACE tick=286 pid=6 pri=0 slice=0
TRACE tick=286 pid=6 pri=0 slice=0
TRACE tick=287 pid=6 pri=0 slice=0
TRACE tick=287 pid=6 pri=0 slice=0
TRACE tick=287 pid=6 pri=0 slice=0
TRACE tick=287 pid=6 pri=0 slice=0
TRACE tick=287 pid=6 pri=0 slice=0
TRACE tick=287 pid=6 pri=0 slice=0
TRACE tick=288 pid=6 pri=0 slice=0
TRACE tick=288 pid=6 pri=0 slice=0
TRACE tick=288 pid=6 pri=0 slice=0
TRACE tick=288 pid=7 pri=0 slice=0
TRACE tick=288 pid=6 pri=0 slice=0
TRACE tick=288 pid=6 pri=0 slice=0
TRACE tick=289 pid=6 pri=0 slice=0
TRACE tick=289 pid=6 pri=0 slice=0
TRACE tick=289 pid=6 pri=0 slice=0
TRACE tick=289 pid=6 pri=0 slice=0
TRACE tick=289 pid=6 pri=0 slice=0
TRACE tick=289 pid=6 pri=0 slice=0
TRACE tick=290 pid=6 pri=0 slice=1
TRACE tick=290 pid=6 pri=0 slice=0
TRACE tick=290 pid=6 pri=0 slice=0
TRACE tick=290 pid=6 pri=0 slice=0
TRACE tick=290 pid=6 pri=0 slice=0
TRACE tick=290 pid=7 pri=0 slice=0
TRACE tick=291 pid=6 pri=0 slice=0
TRACE tick=291 pid=6 pri=0 slice=0
TRACE tick=291 pid=6 pri=0 slice=0
TRACE tick=291 pid=6 pri=0 slice=0
TRACE tick=291 pid=6 pri=0 slice=0
TRACE tick=291 pid=6 pri=0 slice=0
TRACE tick=292 pid=6 pri=0 slice=0
TRACE tick=292 pid=6 pri=0 slice=0
TRACE tick=292 pid=7 pri=0 slice=0
TRACE tick=292 pid=6 pri=0 slice=0
TRACE tick=293 pid=6 pri=0 slice=0
TRACE tick=293 pid=6 pri=0 slice=0
TRACE tick=293 pid=6 pri=0 slice=0
TRACE tick=293 pid=6 pri=0 slice=0
TRACE tick=293 pid=6 pri=0 slice=0
TRACE tick=293 pid=6 pri=0 slice=0
TRACE tick=293 pid=7 pri=0 slice=0
TRACE tick=294 pid=6 pri=0 slice=0
TRACE tick=294 pid=6 pri=0 slice=0
TRACE tick=294 pid=6 pri=0 slice=0
TRACE tick=294 pid=6 pri=0 slice=0
TRACE tick=294 pid=6 pri=0 slice=0
TRACE tick=294 pid=6 pri=0 slice=0
TRACE tick=295 pid=6 pri=0 slice=0
TRACE tick=295 pid=6 pri=0 slice=0
TRACE tick=295 pid=7 pri=0 slice=0
TRACE tick=295 pid=6 pri=0 slice=0
TRACE tick=295 pid=6 pri=0 slice=0
TRACE tick=295 pid=6 pri=0 slice=0
TRACE tick=296 pid=6 pri=0 slice=0
TRACE tick=296 pid=6 pri=0 slice=0
TRACE tick=296 pid=6 pri=0 slice=0
TRACE tick=296 pid=6 pri=0 slice=0
TRACE tick=297 pid=6 pri=0 slice=0
TRACE tick=297 pid=6 pri=0 slice=0
TRACE tick=297 pid=6 pri=0 slice=0
TRACE tick=297 pid=7 pri=0 slice=0
TRACE tick=297 pid=7 pri=0 slice=0
TRACE tick=298 pid=6 pri=0 slice=0
TRACE tick=298 pid=7 pri=0 slice=0
TRACE tick=298 pid=7 pri=0 slice=0
TRACE tick=298 pid=7 pri=0 slice=0
TRACE tick=298 pid=7 pri=0 slice=0
TRACE tick=298 pid=7 pri=0 slice=0
TRACE tick=299 pid=7 pri=0 slice=0
TRACE tick=299 pid=7 pri=0 slice=0
TRACE tick=299 pid=6 pri=0 slice=0
TRACE tick=299 pid=7 pri=0 slice=0
TRACE tick=299 pid=7 pri=0 slice=0
TRACE tick=299 pid=7 pri=0 slice=0
TRACE tick=300 pid=7 pri=0 slice=0
TRACE tick=300 pid=7 pri=0 slice=0
TRACE tick=300 pid=7 pri=0 slice=0
TRACE tick=300 pid=7 pri=0 slice=0
TRACE tick=300 pid=7 pri=0 slice=0
TRACE tick=300 pid=6 pri=0 slice=0
TRACE tick=301 pid=7 pri=0 slice=0
TRACE tick=301 pid=7 pri=0 slice=0
TRACE tick=301 pid=7 pri=0 slice=0
TRACE tick=301 pid=7 pri=0 slice=0
TRACE tick=301 pid=7 pri=0 slice=0
TRACE tick=301 pid=7 pri=0 slice=0
TRACE tick=301 pid=7 pri=0 slice=0
TRACE tick=302 pid=7 pri=0 slice=0
TRACE tick=302 pid=7 pri=0 slice=0
TRACE tick=302 pid=7 pri=0 slice=0
TRACE tick=302 pid=6 pri=0 slice=0
TRACE tick=302 pid=6 pri=0 slice=0
TRACE tick=303 pid=7 pri=0 slice=0
TRACE tick=303 pid=6 pri=0 slice=0
TRACE tick=303 pid=6 pri=0 slice=0
TRACE tick=303 pid=6 pri=0 slice=0
TRACE tick=303 pid=6 pri=0 slice=0
TRACE tick=303 pid=6 pri=0 slice=0
TRACE tick=303 pid=6 pri=0 slice=0
TRACE tick=304 pid=6 pri=0 slice=0
TRACE tick=304 pid=7 pri=0 slice=0
TRACE tick=304 pid=6 pri=0 slice=0
TRACE tick=304 pid=6 pri=0 slice=0
TRACE tick=304 pid=6 pri=0 slice=0
TRACE tick=304 pid=6 pri=0 slice=0
TRACE tick=304 pid=6 pri=0 slice=0
TRACE tick=305 pid=6 pri=0 slice=0
TRACE tick=305 pid=6 pri=0 slice=0
TRACE tick=305 pid=6 pri=0 slice=0
TRACE tick=305 pid=6 pri=0 slice=0
TRACE tick=305 pid=7 pri=0 slice=0
TRACE tick=305 pid=6 pri=0 slice=0
TRACE tick=306 pid=6 pri=0 slice=0
TRACE tick=306 pid=6 pri=0 slice=0
TRACE tick=306 pid=6 pri=0 slice=0
TRACE tick=306 pid=6 pri=0 slice=0
TRACE tick=306 pid=6 pri=0 slice=0
TRACE tick=306 pid=6 pri=0 slice=0
TRACE tick=306 pid=6 pri=0 slice=0
TRACE tick=307 pid=6 pri=0 slice=0
TRACE tick=307 pid=7 pri=0 slice=0
TRACE tick=307 pid=7 pri=0 slice=0
TRACE tick=307 pid=7 pri=0 slice=0
TRACE tick=307 pid=7 pri=0 slice=0
TRACE tick=308 pid=6 pri=0 slice=0
TRACE tick=308 pid=7 pri=0 slice=0
TRACE tick=308 pid=7 pri=0 slice=0
TRACE tick=308 pid=7 pri=0 slice=0
TRACE tick=308 pid=7 pri=0 slice=0
TRACE tick=308 pid=7 pri=0 slice=0
TRACE tick=308 pid=6 pri=0 slice=0
TRACE tick=309 pid=7 pri=0 slice=0
TRACE tick=309 pid=7 pri=0 slice=0
TRACE tick=309 pid=7 pri=0 slice=0
TRACE tick=309 pid=7 pri=0 slice=0
TRACE tick=309 pid=7 pri=0 slice=0
TRACE tick=309 pid=7 pri=0 slice=0
TRACE tick=309 pid=7 pri=0 slice=0
TRACE tick=310 pid=7 pri=0 slice=0
TRACE tick=310 pid=6 pri=0 slice=0
TRACE tick=310 pid=7 pri=0 slice=0
TRACE tick=310 pid=7 pri=0 slice=0
TRACE tick=310 pid=7 pri=0 slice=0
TRACE tick=310 pid=7 pri=0 slice=0
TRACE tick=311 pid=7 pri=0 slice=0
TRACE tick=311 pid=7 pri=0 slice=0
TRACE tick=311 pid=7 pri=0 slice=0
TRACE tick=311 pid=7 pri=0 slice=0
TRACE tick=311 pid=7 pri=0 slice=0
TRACE tick=311 pid=7 pri=0 slice=0
TRACE tick=311 pid=6 pri=0 slice=0
TRACE tick=312 pid=6 pri=0 slice=1
TRACE tick=312 pid=7 pri=0 slice=0
TRACE tick=312 pid=6 pri=0 slice=0
TRACE tick=312 pid=6 pri=0 slice=0
TRACE tick=312 pid=6 pri=0 slice=0
TRACE tick=313 pid=6 pri=0 slice=0
TRACE tick=313 pid=6 pri=0 slice=0
TRACE tick=313 pid=6 pri=0 slice=0
TRACE tick=313 pid=6 pri=0 slice=0
TRACE tick=313 pid=6 pri=0 slice=0
TRACE tick=313 pid=6 pri=0 slice=0
TRACE tick=314 pid=6 pri=0 slice=0
TRACE tick=314 pid=6 pri=0 slice=0
TRACE tick=314 pid=6 pri=0 slice=0
TRACE tick=314 pid=6 pri=0 slice=0
TRACE tick=314 pid=6 pri=0 slice=0
TRACE tick=314 pid=6 pri=0 slice=0
TRACE tick=314 pid=6 pri=0 slice=0
TRACE tick=315 pid=6 pri=0 slice=1
TRACE tick=315 pid=6 pri=0 slice=0
TRACE tick=315 pid=6 pri=0 slice=0
TRACE tick=315 pid=7 pri=0 slice=0
TRACE tick=315 pid=6 pri=0 slice=0
TRACE tick=315 pid=6 pri=0 slice=0
TRACE tick=316 pid=6 pri=0 slice=0
TRACE tick=316 pid=6 pri=0 slice=0
TRACE tick=316 pid=6 pri=0 slice=0
TRACE tick=316 pid=6 pri=0 slice=0
TRACE tick=316 pid=6 pri=0 slice=0
TRACE tick=316 pid=6 pri=0 slice=0
TRACE tick=316 pid=7 pri=0 slice=0
TRACE tick=317 pid=6 pri=0 slice=0
TRACE tick=317 pid=7 pri=0 slice=1
TRACE tick=317 pid=6 pri=0 slice=0
TRACE tick=318 pid=6 pri=0 slice=1
TRACE tick=318 pid=7 pri=0 slice=0
TRACE tick=318 pid=6 pri=0 slice=0
TRACE tick=318 pid=6 pri=0 slice=0
TRACE tick=318 pid=6 pri=0 slice=0
TRACE tick=318 pid=6 pri=0 slice=0
TRACE tick=319 pid=6 pri=0 slice=0
TRACE tick=319 pid=6 pri=0 slice=0
TRACE tick=319 pid=6 pri=0 slice=0
TRACE tick=319 pid=6 pri=0 slice=0
TRACE tick=319 pid=6 pri=0 slice=0
TRACE tick=319 pid=6 pri=0 slice=0
TRACE tick=320 pid=6 pri=0 slice=0
TRACE tick=320 pid=6 pri=0 slice=0
TRACE tick=320 pid=7 pri=0 slice=0
TRACE tick=320 pid=6 pri=0 slice=0
TRACE tick=320 pid=6 pri=0 slice=0
TRACE tick=320 pid=6 pri=0 slice=0
TRACE tick=320 pid=6 pri=0 slice=0
TRACE tick=321 pid=6 pri=0 slice=0
TRACE tick=321 pid=6 pri=0 slice=0
TRACE tick=321 pid=6 pri=0 slice=0
TRACE tick=321 pid=6 pri=0 slice=0
TRACE tick=321 pid=6 pri=0 slice=0
TRACE tick=321 pid=6 pri=0 slice=0
TRACE tick=322 pid=7 pri=0 slice=0
TRACE tick=322 pid=6 pri=0 slice=0
TRACE tick=322 pid=6 pri=0 slice=0
TRACE tick=322 pid=6 pri=0 slice=0
TRACE tick=322 pid=6 pri=0 slice=0
TRACE tick=322 pid=6 pri=0 slice=0
TRACE tick=322 pid=6 pri=0 slice=0
TRACE tick=323 pid=6 pri=0 slice=0
TRACE tick=323 pid=6 pri=0 slice=0
TRACE tick=323 pid=7 pri=0 slice=0
TRACE tick=323 pid=7 pri=0 slice=0
TRACE tick=323 pid=7 pri=0 slice=0
TRACE tick=323 pid=7 pri=0 slice=0
TRACE tick=324 pid=6 pri=0 slice=0
TRACE tick=324 pid=7 pri=0 slice=0
TRACE tick=324 pid=7 pri=0 slice=0
TRACE tick=324 pid=7 pri=0 slice=0
TRACE tick=324 pid=7 pri=0 slice=0
TRACE tick=324 pid=7 pri=0 slice=0
TRACE tick=324 pid=6 pri=0 slice=0
TRACE tick=325 pid=7 pri=0 slice=0
TRACE tick=325 pid=7 pri=0 slice=0
TRACE tick=325 pid=7 pri=0 slice=0
TRACE tick=325 pid=7 pri=0 slice=0
TRACE tick=325 pid=7 pri=0 slice=0
TRACE tick=325 pid=7 pri=0 slice=0
TRACE tick=325 pid=7 pri=0 slice=0
TRACE tick=326 pid=7 pri=0 slice=0
TRACE tick=326 pid=6 pri=0 slice=0
TRACE tick=326 pid=7 pri=0 slice=0
TRACE tick=326 pid=7 pri=0 slice=0
TRACE tick=326 pid=7 pri=0 slice=0
TRACE tick=326 pid=7 pri=0 slice=0
TRACE tick=326 pid=7 pri=0 slice=0
TRACE tick=327 pid=7 pri=0 slice=0
TRACE tick=327 pid=7 pri=0 slice=0
TRACE tick=327 pid=7 pri=0 slice=0
TRACE tick=327 pid=7 pri=0 slice=0
TRACE tick=327 pid=7 pri=0 slice=0
TRACE tick=327 pid=6 pri=0 slice=0
TRACE tick=328 pid=6 pri=0 slice=1
TRACE tick=328 pid=7 pri=0 slice=0
TRACE tick=328 pid=6 pri=0 slice=0
TRACE tick=328 pid=6 pri=0 slice=0
TRACE tick=328 pid=6 pri=0 slice=0
TRACE tick=328 pid=6 pri=0 slice=0
TRACE tick=329 pid=6 pri=0 slice=0
TRACE tick=329 pid=6 pri=0 slice=0
TRACE tick=329 pid=6 pri=0 slice=0
TRACE tick=329 pid=6 pri=0 slice=0
TRACE tick=329 pid=7 pri=0 slice=0
TRACE tick=329 pid=6 pri=0 slice=0
TRACE tick=329 pid=6 pri=0 slice=0
TRACE tick=330 pid=6 pri=0 slice=0
TRACE tick=330 pid=6 pri=0 slice=0
TRACE tick=330 pid=6 pri=0 slice=0
TRACE tick=330 pid=6 pri=0 slice=0
TRACE tick=330 pid=6 pri=0 slice=0
TRACE tick=330 pid=6 pri=0 slice=0
TRACE tick=330 pid=7 pri=0 slice=0
TRACE tick=331 pid=6 pri=0 slice=0
TRACE tick=331 pid=6 pri=0 slice=0
TRACE tick=331 pid=6 pri=0 slice=0
TRACE tick=331 pid=6 pri=0 slice=0
TRACE tick=331 pid=6 pri=0 slice=0
TRACE tick=331 pid=6 pri=0 slice=0
TRACE tick=331 pid=6 pri=0 slice=0
TRACE tick=332 pid=6 pri=0 slice=0
TRACE tick=332 pid=6 pri=0 slice=0
TRACE tick=332 pid=6 pri=0 slice=0
TRACE tick=332 pid=7 pri=0 slice=0
TRACE tick=332 pid=7 pri=0 slice=0
TRACE tick=332 pid=7 pri=0 slice=0
TRACE tick=333 pid=6 pri=0 slice=0
TRACE tick=333 pid=7 pri=0 slice=0
TRACE tick=333 pid=7 pri=0 slice=0
TRACE tick=333 pid=7 pri=0 slice=0
TRACE tick=333 pid=7 pri=0 slice=0
TRACE tick=333 pid=7 pri=0 slice=0
TRACE tick=333 pid=7 pri=0 slice=0
TRACE tick=334 pid=6 pri=0 slice=0
TRACE tick=334 pid=7 pri=0 slice=1
TRACE tick=334 pid=6 pri=0 slice=0
TRACE tick=334 pid=6 pri=0 slice=0
TRACE tick=335 pid=7 pri=0 slice=0
TRACE tick=335 pid=6 pri=0 slice=0
TRACE tick=335 pid=6 pri=0 slice=0
TRACE tick=335 pid=6 pri=0 slice=0
TRACE tick=335 pid=6 pri=0 slice=0
TRACE tick=335 pid=6 pri=0 slice=0
TRACE tick=335 pid=6 pri=0 slice=0
TRACE tick=336 pid=6 pri=0 slice=0
TRACE tick=336 pid=6 pri=0 slice=0
TRACE tick=336 pid=6 pri=0 slice=0
TRACE tick=336 pid=6 pri=0 slice=0
TRACE tick=336 pid=6 pri=0 slice=0
TRACE tick=336 pid=6 pri=0 slice=0
TRACE tick=337 pid=6 pri=0 slice=0
TRACE tick=337 pid=6 pri=0 slice=0
TRACE tick=337 pid=6 pri=0 slice=0
TRACE tick=337 pid=6 pri=0 slice=0
TRACE tick=337 pid=7 pri=0 slice=0
TRACE tick=337 pid=6 pri=0 slice=0
TRACE tick=337 pid=6 pri=0 slice=0
TRACE tick=338 pid=6 pri=0 slice=1
TRACE tick=338 pid=6 pri=0 slice=0
TRACE tick=338 pid=6 pri=0 slice=0
TRACE tick=338 pid=6 pri=0 slice=0
TRACE tick=338 pid=7 pri=0 slice=0
TRACE tick=339 pid=6 pri=0 slice=0
TRACE tick=339 pid=7 pri=0 slice=1
TRACE tick=339 pid=6 pri=0 slice=0
TRACE tick=340 pid=7 pri=0 slice=0
TRACE tick=340 pid=6 pri=0 slice=0
TRACE tick=340 pid=6 pri=0 slice=0
TRACE tick=340 pid=6 pri=0 slice=0
TRACE tick=340 pid=6 pri=0 slice=0
TRACE tick=340 pid=6 pri=0 slice=0
TRACE tick=340 pid=6 pri=0 slice=0
TRACE tick=341 pid=6 pri=0 slice=0
TRACE tick=341 pid=6 pri=0 slice=0
TRACE tick=341 pid=6 pri=0 slice=0
TRACE tick=341 pid=6 pri=0 slice=0
TRACE tick=341 pid=6 pri=0 slice=0
TRACE tick=341 pid=6 pri=0 slice=0
TRACE tick=341 pid=7 pri=0 slice=0
TRACE tick=342 pid=6 pri=0 slice=0
TRACE tick=342 pid=6 pri=0 slice=0
TRACE tick=342 pid=6 pri=0 slice=0
TRACE tick=342 pid=6 pri=0 slice=0
TRACE tick=342 pid=6 pri=0 slice=0
TRACE tick=342 pid=6 pri=0 slice=0
TRACE tick=342 pid=6 pri=0 slice=0
TRACE tick=343 pid=6 pri=0 slice=0
TRACE tick=343 pid=7 pri=0 slice=0
TRACE tick=343 pid=6 pri=0 slice=0
TRACE tick=343 pid=6 pri=0 slice=0
TRACE tick=343 pid=6 pri=0 slice=0
TRACE tick=343 pid=6 pri=0 slice=0
TRACE tick=344 pid=6 pri=0 slice=0
TRACE tick=344 pid=6 pri=0 slice=0
TRACE tick=344 pid=6 pri=0 slice=0
TRACE tick=344 pid=6 pri=0 slice=0
TRACE tick=344 pid=6 pri=0 slice=0
TRACE tick=344 pid=6 pri=0 slice=0
TRACE tick=344 pid=7 pri=0 slice=0
TRACE tick=345 pid=6 pri=0 slice=0
TRACE tick=345 pid=7 pri=0 slice=1
TRACE tick=345 pid=6 pri=0 slice=0
TRACE tick=346 pid=6 pri=0 slice=0
TRACE tick=346 pid=7 pri=0 slice=0
TRACE tick=346 pid=6 pri=0 slice=0
TRACE tick=346 pid=6 pri=0 slice=0
TRACE tick=346 pid=6 pri=0 slice=0
TRACE tick=346 pid=6 pri=0 slice=0
TRACE tick=346 pid=6 pri=0 slice=0
TRACE tick=347 pid=6 pri=0 slice=0
TRACE tick=347 pid=6 pri=0 slice=0
TRACE tick=347 pid=6 pri=0 slice=0
TRACE tick=347 pid=6 pri=0 slice=0
TRACE tick=347 pid=6 pri=0 slice=0
TRACE tick=347 pid=6 pri=0 slice=0
TRACE tick=348 pid=6 pri=0 slice=0
TRACE tick=348 pid=7 pri=0 slice=0
TRACE tick=348 pid=6 pri=0 slice=0
TRACE tick=348 pid=6 pri=0 slice=0
TRACE tick=348 pid=6 pri=0 slice=0
TRACE tick=348 pid=6 pri=0 slice=0
TRACE tick=348 pid=6 pri=0 slice=0
TRACE tick=349 pid=6 pri=0 slice=0
TRACE tick=349 pid=6 pri=0 slice=0
TRACE tick=349 pid=6 pri=0 slice=0
TRACE tick=349 pid=7 pri=0 slice=0
TRACE tick=349 pid=6 pri=0 slice=0
TRACE tick=349 pid=6 pri=0 slice=0
TRACE tick=349 pid=6 pri=0 slice=0
TRACE tick=350 pid=6 pri=0 slice=0
TRACE tick=350 pid=6 pri=0 slice=0
TRACE tick=350 pid=6 pri=0 slice=0
TRACE tick=350 pid=6 pri=0 slice=0
TRACE tick=350 pid=6 pri=0 slice=0
TRACE tick=350 pid=6 pri=0 slice=0
TRACE tick=350 pid=7 pri=0 slice=0
TRACE tick=351 pid=6 pri=0 slice=0
TRACE tick=351 pid=7 pri=0 slice=1
TRACE tick=351 pid=6 pri=0 slice=0
TRACE tick=352 pid=7 pri=0 slice=0
TRACE tick=352 pid=6 pri=0 slice=0
TRACE tick=352 pid=6 pri=0 slice=0
TRACE tick=352 pid=6 pri=0 slice=0
TRACE tick=352 pid=6 pri=0 slice=0
TRACE tick=352 pid=6 pri=0 slice=0
TRACE tick=352 pid=6 pri=0 slice=0
TRACE tick=353 pid=6 pri=0 slice=0
TRACE tick=353 pid=6 pri=0 slice=0
TRACE tick=353 pid=6 pri=0 slice=0
TRACE tick=353 pid=6 pri=0 slice=0
TRACE tick=353 pid=6 pri=0 slice=0
TRACE tick=353 pid=6 pri=0 slice=0
TRACE tick=353 pid=6 pri=0 slice=0
TRACE tick=353 pid=7 pri=0 slice=0
TRACE tick=354 pid=6 pri=0 slice=0
TRACE tick=354 pid=6 pri=0 slice=0
TRACE tick=354 pid=6 pri=0 slice=0
TRACE tick=354 pid=6 pri=0 slice=0
TRACE tick=354 pid=6 pri=0 slice=0
TRACE tick=354 pid=6 pri=0 slice=0
TRACE tick=354 pid=6 pri=0 slice=0
TRACE tick=355 pid=6 pri=0 slice=1
TRACE tick=355 pid=6 pri=0 slice=0
TRACE tick=355 pid=6 pri=0 slice=0
TRACE tick=355 pid=6 pri=0 slice=0
TRACE tick=355 pid=6 pri=0 slice=0
TRACE tick=355 pid=6 pri=0 slice=0
TRACE tick=356 pid=6 pri=0 slice=0
TRACE tick=356 pid=7 pri=0 slice=0
TRACE tick=356 pid=6 pri=0 slice=0
TRACE tick=356 pid=6 pri=0 slice=0
TRACE tick=356 pid=6 pri=0 slice=0
TRACE tick=356 pid=6 pri=0 slice=0
TRACE tick=356 pid=7 pri=0 slice=0
TRACE tick=357 pid=6 pri=0 slice=0
TRACE tick=357 pid=7 pri=0 slice=1
TRACE tick=357 pid=6 pri=0 slice=0
TRACE tick=358 pid=7 pri=0 slice=0
TRACE tick=358 pid=6 pri=0 slice=0
TRACE tick=358 pid=6 pri=0 slice=0
TRACE tick=358 pid=6 pri=0 slice=0
TRACE tick=358 pid=6 pri=0 slice=0
TRACE tick=358 pid=6 pri=0 slice=0
TRACE tick=358 pid=6 pri=0 slice=0
TRACE tick=359 pid=6 pri=0 slice=0
TRACE tick=359 pid=6 pri=0 slice=0
TRACE tick=359 pid=6 pri=0 slice=0
TRACE tick=359 pid=6 pri=0 slice=0
TRACE tick=359 pid=6 pri=0 slice=0
TRACE tick=359 pid=6 pri=0 slice=0
TRACE tick=359 pid=6 pri=0 slice=0
TRACE tick=360 pid=6 pri=0 slice=0
TRACE tick=360 pid=6 pri=0 slice=0
TRACE tick=360 pid=7 pri=0 slice=0
TRACE tick=360 pid=6 pri=0 slice=0
TRACE tick=360 pid=6 pri=0 slice=0
TRACE tick=360 pid=6 pri=0 slice=0
TRACE tick=360 pid=6 pri=0 slice=0
TRACE tick=361 pid=6 pri=0 slice=0
TRACE tick=361 pid=6 pri=0 slice=0
TRACE tick=361 pid=6 pri=0 slice=0
TRACE tick=361 pid=7 pri=0 slice=0
TRACE tick=361 pid=6 pri=0 slice=0
TRACE tick=361 pid=6 pri=0 slice=0
TRACE tick=362 pid=6 pri=0 slice=0
TRACE tick=362 pid=6 pri=0 slice=0
TRACE tick=362 pid=6 pri=0 slice=0
TRACE tick=362 pid=6 pri=0 slice=0
TRACE tick=362 pid=6 pri=0 slice=0
TRACE tick=362 pid=6 pri=0 slice=0
TRACE tick=362 pid=7 pri=0 slice=0
TRACE tick=363 pid=6 pri=0 slice=0
TRACE tick=363 pid=7 pri=0 slice=1
TRACE tick=363 pid=6 pri=0 slice=0
TRACE tick=364 pid=6 pri=0 slice=1
TRACE tick=364 pid=6 pri=0 slice=0
TRACE tick=364 pid=7 pri=0 slice=0
TRACE tick=364 pid=6 pri=0 slice=0
TRACE tick=364 pid=6 pri=0 slice=0
TRACE tick=364 pid=6 pri=0 slice=0
TRACE tick=365 pid=6 pri=0 slice=0
TRACE tick=365 pid=6 pri=0 slice=0
TRACE tick=365 pid=6 pri=0 slice=0
TRACE tick=365 pid=6 pri=0 slice=0
TRACE tick=365 pid=6 pri=0 slice=0
TRACE tick=365 pid=6 pri=0 slice=0
TRACE tick=365 pid=6 pri=0 slice=0
TRACE tick=366 pid=6 pri=0 slice=0
TRACE tick=366 pid=6 pri=0 slice=0
TRACE tick=366 pid=6 pri=0 slice=0
TRACE tick=366 pid=6 pri=0 slice=0
TRACE tick=366 pid=6 pri=0 slice=0
TRACE tick=366 pid=6 pri=0 slice=0
TRACE tick=366 pid=7 pri=0 slice=0
TRACE tick=366 pid=6 pri=0 slice=0
TRACE tick=367 pid=6 pri=0 slice=0
TRACE tick=367 pid=6 pri=0 slice=0
TRACE tick=367 pid=7 pri=0 slice=0
TRACE tick=367 pid=6 pri=0 slice=0
TRACE tick=367 pid=6 pri=0 slice=0
TRACE tick=367 pid=6 pri=0 slice=0
TRACE tick=367 pid=6 pri=0 slice=0
TRACE tick=368 pid=6 pri=0 slice=0
TRACE tick=368 pid=6 pri=0 slice=0
TRACE tick=368 pid=6 pri=0 slice=0
TRACE tick=368 pid=6 pri=0 slice=0
TRACE tick=368 pid=6 pri=0 slice=0
TRACE tick=368 pid=6 pri=0 slice=0
TRACE tick=368 pid=7 pri=0 slice=0
TRACE tick=369 pid=6 pri=0 slice=0
TRACE tick=369 pid=7 pri=0 slice=1
TRACE tick=369 pid=6 pri=0 slice=0
TRACE tick=370 pid=7 pri=0 slice=0
TRACE tick=370 pid=6 pri=0 slice=0
TRACE tick=370 pid=6 pri=0 slice=0
TRACE tick=370 pid=6 pri=0 slice=0
TRACE tick=370 pid=6 pri=0 slice=0
TRACE tick=370 pid=6 pri=0 slice=0
TRACE tick=371 pid=6 pri=0 slice=1
TRACE tick=371 pid=6 pri=0 slice=0
TRACE tick=371 pid=6 pri=0 slice=0
TRACE tick=371 pid=6 pri=0 slice=0
TRACE tick=371 pid=6 pri=0 slice=0
TRACE tick=371 pid=6 pri=0 slice=0
TRACE tick=372 pid=6 pri=0 slice=0
TRACE tick=372 pid=6 pri=0 slice=0
TRACE tick=372 pid=7 pri=0 slice=0
TRACE tick=372 pid=6 pri=0 slice=0
TRACE tick=372 pid=6 pri=0 slice=0
TRACE tick=372 pid=6 pri=0 slice=0
TRACE tick=372 pid=6 pri=0 slice=0
TRACE tick=373 pid=6 pri=0 slice=0
TRACE tick=373 pid=6 pri=0 slice=0
TRACE tick=373 pid=6 pri=0 slice=0
TRACE tick=373 pid=6 pri=0 slice=0
TRACE tick=373 pid=6 pri=0 slice=0
TRACE tick=373 pid=6 pri=0 slice=0
TRACE tick=374 pid=7 pri=0 slice=0
TRACE tick=374 pid=6 pri=0 slice=0
TRACE tick=374 pid=6 pri=0 slice=0
TRACE tick=374 pid=6 pri=0 slice=0
TRACE tick=374 pid=6 pri=0 slice=0
TRACE tick=374 pid=6 pri=0 slice=0
TRACE tick=374 pid=6 pri=0 slice=0
TRACE tick=375 pid=6 pri=0 slice=0
TRACE tick=375 pid=6 pri=0 slice=0
TRACE tick=375 pid=7 pri=0 slice=0
TRACE tick=375 pid=7 pri=0 slice=0
TRACE tick=375 pid=7 pri=0 slice=0
TRACE tick=376 pid=6 pri=0 slice=0
TRACE tick=376 pid=7 pri=0 slice=0
TRACE tick=376 pid=7 pri=0 slice=0
TRACE tick=376 pid=7 pri=0 slice=0
TRACE tick=376 pid=7 pri=0 slice=0
TRACE tick=376 pid=7 pri=0 slice=0
TRACE tick=376 pid=7 pri=0 slice=0
TRACE tick=377 pid=6 pri=0 slice=0
TRACE tick=377 pid=7 pri=0 slice=0
TRACE tick=377 pid=7 pri=0 slice=0
TRACE tick=377 pid=7 pri=0 slice=0
TRACE tick=377 pid=7 pri=0 slice=0
TRACE tick=377 pid=7 pri=0 slice=0
TRACE tick=377 pid=7 pri=0 slice=0
TRACE tick=378 pid=7 pri=0 slice=0
TRACE tick=378 pid=7 pri=0 slice=0
TRACE tick=378 pid=6 pri=0 slice=0
TRACE tick=378 pid=7 pri=0 slice=0
TRACE tick=378 pid=7 pri=0 slice=0
TRACE tick=378 pid=7 pri=0 slice=0
TRACE tick=379 pid=7 pri=0 slice=0
TRACE tick=379 pid=7 pri=0 slice=0
TRACE tick=379 pid=7 pri=0 slice=0
TRACE tick=379 pid=7 pri=0 slice=0
TRACE tick=379 pid=7 pri=0 slice=0
TRACE tick=379 pid=7 pri=0 slice=0
TRACE tick=379 pid=7 pri=0 slice=0
TRACE tick=380 pid=6 pri=0 slice=0
TRACE tick=380 pid=6 pri=0 slice=0
TRACE tick=380 pid=7 pri=0 slice=0
TRACE tick=380 pid=6 pri=0 slice=0
TRACE tick=381 pid=6 pri=0 slice=0
TRACE tick=381 pid=6 pri=0 slice=0
TRACE tick=381 pid=6 pri=0 slice=0
TRACE tick=381 pid=6 pri=0 slice=0
TRACE tick=381 pid=6 pri=0 slice=0
TRACE tick=381 pid=6 pri=0 slice=0
TRACE tick=381 pid=7 pri=0 slice=0
TRACE tick=382 pid=6 pri=0 slice=0
TRACE tick=382 pid=6 pri=0 slice=0
TRACE tick=382 pid=6 pri=0 slice=0
TRACE tick=382 pid=6 pri=0 slice=0
TRACE tick=382 pid=6 pri=0 slice=0
TRACE tick=382 pid=6 pri=0 slice=0
TRACE tick=382 pid=6 pri=0 slice=0
TRACE tick=383 pid=6 pri=0 slice=0
TRACE tick=383 pid=6 pri=0 slice=0
TRACE tick=383 pid=6 pri=0 slice=0
TRACE tick=383 pid=6 pri=0 slice=0
TRACE tick=383 pid=7 pri=0 slice=0
TRACE tick=383 pid=6 pri=0 slice=0
TRACE tick=384 pid=6 pri=0 slice=0
TRACE tick=384 pid=6 pri=0 slice=0
TRACE tick=384 pid=6 pri=0 slice=0
TRACE tick=384 pid=6 pri=0 slice=0
TRACE tick=384 pid=6 pri=0 slice=0
TRACE tick=384 pid=6 pri=0 slice=0
TRACE tick=384 pid=7 pri=0 slice=0
TRACE tick=385 pid=6 pri=0 slice=0
TRACE tick=385 pid=7 pri=0 slice=1
TRACE tick=385 pid=6 pri=0 slice=0
TRACE tick=386 pid=6 pri=0 slice=0
TRACE tick=386 pid=7 pri=0 slice=0
TRACE tick=386 pid=6 pri=0 slice=0
TRACE tick=386 pid=6 pri=0 slice=0
TRACE tick=386 pid=6 pri=0 slice=0
TRACE tick=386 pid=6 pri=0 slice=0
TRACE tick=386 pid=6 pri=0 slice=0
TRACE tick=387 pid=6 pri=0 slice=0
TRACE tick=387 pid=6 pri=0 slice=0
TRACE tick=387 pid=6 pri=0 slice=0
TRACE tick=387 pid=6 pri=0 slice=0
TRACE tick=387 pid=6 pri=0 slice=0
TRACE tick=387 pid=6 pri=0 slice=0
TRACE tick=388 pid=6 pri=0 slice=0
TRACE tick=388 pid=6 pri=0 slice=0
TRACE tick=388 pid=7 pri=0 slice=0
TRACE tick=388 pid=6 pri=0 slice=0
TRACE tick=388 pid=6 pri=0 slice=0
TRACE tick=388 pid=6 pri=0 slice=0
TRACE tick=388 pid=6 pri=0 slice=0
TRACE tick=389 pid=6 pri=0 slice=0
TRACE tick=389 pid=6 pri=0 slice=0
TRACE tick=389 pid=6 pri=0 slice=0
TRACE tick=389 pid=7 pri=0 slice=0
TRACE tick=389 pid=6 pri=0 slice=0
TRACE tick=389 pid=6 pri=0 slice=0
TRACE tick=390 pid=6 pri=0 slice=0
TRACE tick=390 pid=6 pri=0 slice=0
TRACE tick=390 pid=6 pri=0 slice=0
TRACE tick=390 pid=6 pri=0 slice=0
TRACE tick=390 pid=6 pri=0 slice=0
TRACE tick=390 pid=6 pri=0 slice=0
TRACE tick=390 pid=6 pri=0 slice=0
TRACE tick=391 pid=6 pri=0 slice=0
TRACE tick=391 pid=6 pri=0 slice=0
TRACE tick=391 pid=7 pri=0 slice=0
TRACE tick=391 pid=6 pri=0 slice=0
TRACE tick=392 pid=6 pri=0 slice=0
TRACE tick=392 pid=6 pri=0 slice=0
TRACE tick=392 pid=6 pri=0 sliceQEMU: Terminated
