qemu-system-riscv64 -machine virt -bios none -kernel kernel/kernel -m 128M -smp 1 -nographic -global virtio-mmio.force-legacy=false -drive file=fs.img,if=none,format=raw,id=x0 -device virtio-blk-device,drive=x0,bus=virtio-mmio-bus.0

xv6 kernel is booting

init: starting sh
$ wrunner mixed.txt
TRACE tick=23 pid=3 pri=0 slice=0
TRACE tick=24 pid=3 pri=0 slice=1
wrunner: loaded 7 items, 0 hints
wrunner: spawn cpu_burner pid=4 (default priority)
wrunner: spawn cpu_burner pid=5TRACE tick=25 pid=3 pri=1 slice=0
TRACE tick=26 pid=4 pri=0 slice=0
TRACE tick=26 pid=5 pri=0 slice=0
TRACE tick=26 pid=4 pri=0 slice=0
 (default priority)
wrunner: spawn mixed_burnerTRACE tick=26 pid=3 pri=1 slice=1
TRACE tick=27 pid=4 pri=0 slice=0
TRACE tick=27 pid=6 pri=0 slice=0
TRACE tick=27 pid=4 pri=0 slice=0
TRACE tick=27 pid=6 pri=0 slice=0
TRACE tick=27 pid=4 pri=0 slice=0
cpu_burner pid=4 done acc=1347020161
EXIT pid=4 name=cpu_burner arrival=25 completion=28 run=1 ioblock=4 final_pri=0
TRACE tick=28 pid=4 pri=0 slice=1
cpu_burner pid=5 done acc=159194625
EXIT pid=5 name=cpu_burner arrival=25 completion=29 run=0 ioblock=1 final_pri=0
TRACE tick=29 pid=5 pri=0 slice=0
TRACE tick=30 pid=5 pri=0 slice=1
TRACE tick=30 pid=6 pri=0 slice=0
 pid=6 (default priority)
wrunner: spawn io_burner pid=7 (default priority)
TRACE tick=30 pid=3 pri=1 slice=2
TRACE tick=31 pid=6 pri=0 slice=0
TRACE tick=31 pid=6 pri=0 slice=0
TRACE tick=31 pid=7 pri=0 slice=0
wrunner: spawn cpu_burner pid=8 (default priority)
wrunner: spaTRACE tick=31 pid=3 pri=1 slice=0
TRACE tick=32 pid=6 pri=0 slice=0
TRACE tick=32 pid=7 pri=0 slice=0
TRACE tick=32 pid=8 pri=0 slice=0
TRACE tick=33 pid=6 pri=0 slice=0
TRACE tick=33 pid=7 pri=0 slice=0
cpu_burner pid=8 done acc=1205313985
EXIT pid=8 name=cpu_burner arrival=31 completion=33 run=1 ioblock=0 final_pri=0
TRACE tick=33 pid=8 pri=0 slice=1
TRACE tick=34 pid=6 pri=0 slice=0
TRACE tick=34 pid=7 pri=0 slice=0
TRACE tick=34 pid=7 pri=0 slice=0
TRACE tick=34 pid=9 pri=0 slice=0
wn mixed_burner pid=9 (default priority)
wrunnTRACE tick=34 pid=3 pri=1 slice=1
TRACE tick=35 pid=6 pri=0 slice=0
TRACE tick=35 pid=7 pri=0 slice=0
TRACE tick=35 pid=9 pri=0 slice=0
TRACE tick=35 pid=7 pri=0 slice=0
TRACE tick=35 pid=7 pri=0 slice=0
TRACE tick=36 pid=6 pri=0 slice=0
TRACE tick=36 pid=7 pri=0 slice=0
TRACE tick=36 pid=7 pri=0 slice=0
TRACE tick=36 pid=9 pri=0 slice=0
TRACE tick=36 pid=7 pri=0 slice=0
TRACE tick=36 pid=7 pri=0 slice=0
TRACE tick=36 pid=7 pri=0 slice=0
TRACE tick=37 pid=6 pri=0 slice=0
TRACE tick=37 pid=7 pri=0 slice=0
TRACE tick=37 pid=7 pri=0 slice=0
TRACE tick=37 pid=7 pri=0 slice=0
TRACE tick=37 pid=7 pri=0 slice=0
TRACE tick=37 pid=9 pri=0 slice=0
TRACE tick=37 pid=7 pri=0 slice=0
TRACE tick=38 pid=6 pri=0 slice=0
TRACE tick=38 pid=7 pri=0 slice=0
TRACE tick=38 pid=7 pri=0 slice=0
TRACE tick=38 pid=7 pri=0 slice=0
TRACE tick=38 pid=9 pri=0 slice=0
TRACE tick=38 pid=7 pri=0 slice=0
TRACE tick=39 pid=6 pri=0 slice=0
TRACE tick=39 pid=7 pri=0 slice=0
TRACE tick=39 pid=9 pri=0 slice=0
TRACE tick=39 pid=7 pri=0 slice=0
TRACE tick=39 pid=10 pri=0 slice=0
TRACE tick=39 pid=7 pri=0 slice=0
TRACE tick=39 pid=7 pri=0 slice=0
TRACE tick=40 pid=6 pri=0 slice=0
TRACE tick=40 pid=7 pri=0 slice=0
TRACE tick=40 pid=9 pri=0 slice=0
TRACE tick=40 pid=7 pri=0 slice=0
TRACE tick=40 pid=10 pri=0 slice=0
TRACE tick=40 pid=7 pri=0 slice=0
er: spaTRACE tick=40 pid=3 pri=1 slice=2
TRACE tick=41 pid=6 pri=0 slice=0
TRACE tick=41 pid=7 pri=0 slice=0
TRACE tick=41 pid=7 pri=0 slice=0
TRACE tick=41 pid=9 pri=0 slice=0
TRACE tick=42 pid=6 pri=0 slice=0
TRACE tick=42 pid=7 pri=0 slice=0
TRACE tick=42 pid=9 pri=0 slice=0
TRACE tick=42 pid=7 pri=0 slice=0
TRACE tick=43 pid=6 pri=0 slice=0
TRACE tick=43 pid=7 pri=0 slice=0
TRACE tick=43 pid=7 pri=0 slice=0
TRACE tick=43 pid=9 pri=0 slice=0
TRACE tick=43 pid=7 pri=0 slice=0
TRACE tick=44 pid=6 pri=0 slice=0
TRACE tick=44 pid=7 pri=0 slice=0
TRACE tick=44 pid=7 pri=0 slice=0
TRACE tick=44 pid=7 pri=0 slice=0
TRACE tick=44 pid=9 pri=0 slice=0
TRACE tick=45 pid=6 pri=0 slice=0
TRACE tick=45 pid=7 pri=0 slice=0
TRACE tick=45 pid=9 pri=0 slice=0
TRACE tick=46 pid=6 pri=0 slice=0
TRACE tick=46 pid=7 pri=0 slice=0
TRACE tick=46 pid=9 pri=0 slice=0
TRACE tick=46 pid=7 pri=0 slice=0
TRACE tick=46 pid=10 pri=0 slice=0
TRACE tick=47 pid=6 pri=0 slice=0
TRACE tick=47 pid=7 pri=0 slice=0
TRACE tick=47 pid=9 pri=0 slice=0
TRACE tick=47 pid=7 pri=0 slice=0
wn io_burner piTRACE tick=47 pid=3 pri=1 slice=3
TRACE tick=48 pid=6 pri=0 slice=0
TRACE tick=48 pid=7 pri=0 slice=0
TRACE tick=48 pid=9 pri=0 slice=0
TRACE tick=49 pid=6 pri=0 slice=0
TRACE tick=49 pid=7 pri=0 slice=0
TRACE tick=49 pid=9 pri=0 slice=0
TRACE tick=49 pid=7 pri=0 slice=0
TRACE tick=50 pid=6 pri=0 slice=0
TRACE tick=50 pid=7 pri=0 slice=0
TRACE tick=50 pid=9 pri=0 slice=0
TRACE tick=50 pid=7 pri=0 slice=0
TRACE tick=50 pid=10 pri=0 slice=0
TRACE tick=51 pid=6 pri=0 slice=0
TRACE tick=51 pid=7 pri=0 slice=0
TRACE tick=51 pid=7 pri=0 slice=0
TRACE tick=51 pid=7 pri=0 slice=0
TRACE tick=51 pid=7 pri=0 slice=0
TRACE tick=52 pid=6 pri=0 slice=0
TRACE tick=52 pid=7 pri=0 slice=0
TRACE tick=52 pid=7 pri=0 slice=0
TRACE tick=52 pid=9 pri=0 slice=0
TRACE tick=52 pid=7 pri=0 slice=0
TRACE tick=53 pid=6 pri=0 slice=0
TRACE tick=53 pid=7 pri=0 slice=0
TRACE tick=53 pid=9 pri=0 slice=0
TRACE tick=53 pid=7 pri=0 slice=0
TRACE tick=53 pid=7 pri=0 slice=0
TRACE tick=54 pid=6 pri=0 slice=0
TRACE tick=54 pid=7 pri=0 slice=0
TRACE tick=54 pid=9 pri=0 slice=0
TRACE tick=54 pid=7 pri=0 slice=0
TRACE tick=54 pid=10 pri=0 slice=0
TRACE tick=54 pid=7 pri=0 slice=0
TRACE tick=55 pid=6 pri=0 slice=0
TRACE tick=55 pid=7 pri=0 slice=0
TRACE tick=55 pid=9 pri=0 slice=0
TRACE tick=55 pid=7 pri=0 slice=0
TRACE tick=55 pid=4 pri=1 slice=0
TRACE tick=55 pid=7 pri=0 slice=0
mixed_burner pid=6 done iters=25 acc=1603187657
TRACE tick=56 pid=6 pri=0 slice=0
TRACE tick=56 pid=7 pri=0 slice=0
EXIT pid=6 name=mixed_burner arrival=26 completion=56 run=0 ioblock=5 final_pri=0
TRACE tick=56 pid=6 pri=0 slice=0
TRACE tick=57 pid=7 pri=0 slice=0
TRACE tick=57 pid=9 pri=0 slice=0
TRACE tick=57 pid=7 pri=0 slice=0
TRACE tick=57 pid=10 pri=0 slice=0
TRACE tick=58 pid=7 pri=0 slice=0
TRACE tick=58 pid=7 pri=0 slice=0
TRACE tick=58 pid=7 pri=0 slice=0
TRACE tick=58 pid=7 pri=0 slice=0
TRACE tick=58 pid=9 pri=0 slice=0
TRACE tick=58 pid=7 pri=0 slice=0
TRACE tick=59 pid=7 pri=0 slice=0
TRACE tick=59 pid=9 pri=0 slice=0
TRACE tick=59 pid=7 pri=0 slice=0
TRACE tick=59 pid=7 pri=0 slice=0
TRACE tick=59 pid=10 pri=0 slice=0
TRACE tick=59 pid=7 pri=0 slice=0
TRACE tick=60 pid=9 pri=0 slice=0
TRACE tick=60 pid=7 pri=0 slice=0
TRACE tick=60 pid=8 pri=1 slice=0
TRACE tick=60 pid=7 pri=0 slice=0
d=10 TRACE tick=60 pid=3 pri=2 slice=0
TRACE tick=61 pid=7 pri=0 slice=0
TRACE tick=61 pid=7 pri=0 slice=0
TRACE tick=61 pid=9 pri=0 slice=0
TRACE tick=61 pid=7 pri=0 slice=0
(default priority)
TRACE tick=61 pid=3 pri=2 slice=1
TRACE tick=62 pid=7 pri=0 slice=0
TRACE tick=62 pid=7 pri=0 slice=0
TRACE tick=62 pid=7 pri=0 slice=0
TRACE tick=63 pid=9 pri=0 slice=0
TRACE tick=63 pid=7 pri=0 slice=0
TRACE tick=63 pid=10 pri=0 slice=0
TRACE tick=63 pid=7 pri=0 slice=0
TRACE tick=63 pid=3 pri=2 slice=2
TRACE tick=64 pid=7 pri=0 slice=0
TRACE tick=64 pid=7 pri=0 slice=0
TRACE tick=64 pid=9 pri=0 slice=0
TRACE tick=64 pid=7 pri=0 slice=0
TRACE tick=64 pid=7 pri=0 slice=0
TRACE tick=65 pid=7 pri=0 slice=0
TRACE tick=65 pid=9 pri=0 slice=0
TRACE tick=65 pid=7 pri=0 slice=0
TRACE tick=65 pid=10 pri=0 slice=0
TRACE tick=66 pid=7 pri=0 slice=0
TRACE tick=66 pid=9 pri=0 slice=0
TRACE tick=66 pid=7 pri=0 slice=0
TRACE tick=66 pid=10 pri=0 slice=0
TRACE tick=67 pid=7 pri=0 slice=0
TRACE tick=67 pid=7 pri=0 slice=0
TRACE tick=67 pid=7 pri=0 slice=0
mixed_burner pid=9 done iters=30 acc=8910765TRACE tick=67 pid=9 pri=0 slice=0
TRACE tick=68 pid=7 pri=0 slice=0
93
TRACE tick=68 pid=9 pri=0 slice=1
TRACE tick=68 pid=7 pri=0 slice=0
TRACE tick=68 pid=7 pri=0 slice=0
TRACE tick=68 pid=7 pri=0 slice=0
TRACE tick=69 pid=7 pri=0 slice=1
TRACE tick=69 pid=7 pri=0 slice=0
TRACE tick=69 pid=9 pri=0 slice=0
TRACE tick=69 pid=7 pri=0 slice=0
TRACE tick=70 pid=10 pri=0 slice=0
TRACE tick=70 pid=7 pri=0 slice=0
TRACE tick=70 pid=7 pri=0 slice=0
TRACE tick=70 pid=7 pri=0 slice=0
TRACE tick=70 pid=7 pri=0 slice=0
TRACE tick=71 pid=7 pri=0 slice=0
TRACE tick=71 pid=7 pri=0 slice=0
TRACE tick=71 pid=7 pri=0 slice=0
TRACE tick=71 pid=9 pri=0 slice=0
TRACE tick=71 pid=7 pri=0 slice=0
TRACE tick=72 pid=7 pri=0 slice=0
TRACE tick=72 pid=10 pri=0 slice=0
TRACE tick=72 pid=7 pri=0 slice=0
TRACE tick=72 pid=7 pri=0 slice=0
TRACE tick=72 pid=7 pri=0 slice=0
TRACE tick=73 pid=7 pri=0 slice=0
TRACE tick=73 pid=7 pri=0 slice=0
TRACE tick=73 pid=7 pri=0 slice=0
TRACE tick=73 pid=7 pri=0 slice=0
EXIT pid=9 name=mixed_burner arrival=31 completion=73 run=1 ioblock=3 final_pri=0
TRACE tick=73 pid=9 pri=0 slice=0
TRACE tick=74 pid=7 pri=0 slice=0
TRACE tick=74 pid=10 pri=0 slice=0
TRACE tick=74 pid=7 pri=0 slice=0
TRACE tick=75 pid=7 pri=0 slice=0
TRACE tick=75 pid=7 pri=0 slice=0
TRACE tick=75 pid=7 pri=0 slice=0
TRACE tick=75 pid=7 pri=0 slice=0
TRACE tick=75 pid=7 pri=0 slice=0
TRACE tick=75 pid=7 pri=0 slice=0
TRACE tick=76 pid=7 pri=0 slice=0
TRACE tick=76 pid=10 pri=0 slice=0
TRACE tick=76 pid=7 pri=0 slice=0
TRACE tick=76 pid=3 pri=2 slice=0
TRACE tick=76 pid=7 pri=0 slice=0
TRACE tick=76 pid=7 pri=0 slice=0
TRACE tick=77 pid=7 pri=0 slice=0
TRACE tick=77 pid=7 pri=0 slice=0
TRACE tick=77 pid=7 pri=0 slice=0
TRACE tick=77 pid=7 pri=0 slice=0
TRACE tick=77 pid=7 pri=0 slice=0
TRACE tick=78 pid=7 pri=0 slice=0
TRACE tick=78 pid=7 pri=0 slice=0
TRACE tick=78 pid=7 pri=0 slice=0
TRACE tick=78 pid=7 pri=0 slice=0
TRACE tick=78 pid=7 pri=0 slice=0
TRACE tick=78 pid=10 pri=0 slice=0
TRACE tick=79 pid=7 pri=0 slice=0
TRACE tick=79 pid=7 pri=0 slice=0
TRACE tick=79 pid=7 pri=0 slice=0
TRACE tick=79 pid=7 pri=0 slice=0
TRACE tick=79 pid=7 pri=0 slice=0
TRACE tick=80 pid=7 pri=0 slice=0
TRACE tick=80 pid=7 pri=0 slice=0
TRACE tick=80 pid=10 pri=0 slice=0
TRACE tick=81 pid=7 pri=0 slice=0
TRACE tick=81 pid=7 pri=0 slice=0
TRACE tick=81 pid=7 pri=0 slice=0
TRACE tick=81 pid=7 pri=0 slice=0
TRACE tick=81 pid=7 pri=0 slice=0
TRACE tick=82 pid=7 pri=0 slice=0
TRACE tick=82 pid=7 pri=0 slice=0
TRACE tick=82 pid=7 pri=0 slice=0
TRACE tick=82 pid=10 pri=0 slice=0
TRACE tick=83 pid=7 pri=0 slice=0
TRACE tick=83 pid=7 pri=0 slice=0
TRACE tick=83 pid=7 pri=0 slice=0
TRACE tick=83 pid=7 pri=0 slice=0
TRACE tick=83 pid=7 pri=0 slice=0
TRACE tick=83 pid=7 pri=0 slice=0
TRACE tick=84 pid=7 pri=0 slice=1
TRACE tick=84 pid=7 pri=0 slice=0
TRACE tick=84 pid=10 pri=0 slice=0
TRACE tick=85 pid=7 pri=0 slice=0
TRACE tick=85 pid=7 pri=0 slice=0
TRACE tick=85 pid=7 pri=0 slice=0
TRACE tick=85 pid=7 pri=0 slice=0
TRACE tick=85 pid=7 pri=0 slice=0
TRACE tick=86 pid=7 pri=0 slice=0
TRACE tick=86 pid=7 pri=0 slice=0
TRACE tick=86 pid=7 pri=0 slice=0
TRACE tick=86 pid=7 pri=0 slice=0
TRACE tick=86 pid=7 pri=0 slice=0
TRACE tick=86 pid=10 pri=0 slice=0
TRACE tick=87 pid=7 pri=0 slice=0
TRACE tick=88 pid=7 pri=0 slice=1
TRACE tick=88 pid=10 pri=0 slice=1
TRACE tick=89 pid=7 pri=0 slice=0
TRACE tick=89 pid=10 pri=1 slice=0
TRACE tick=90 pid=7 pri=0 slice=0
TRACE tick=90 pid=7 pri=0 slice=0
TRACE tick=90 pid=7 pri=0 slice=0
TRACE tick=91 pid=10 pri=1 slice=0
TRACE tick=91 pid=7 pri=0 slice=0
TRACE tick=91 pid=7 pri=0 slice=0
TRACE tick=91 pid=7 pri=0 slice=0
TRACE tick=91 pid=7 pri=0 slice=0
TRACE tick=92 pid=7 pri=0 slice=0
TRACE tick=92 pid=7 pri=0 slice=0
TRACE tick=92 pid=7 pri=0 slice=0
TRACE tick=92 pid=7 pri=0 slice=0
TRACE tick=93 pid=7 pri=0 slice=0
TRACE tick=93 pid=7 pri=0 slice=0
TRACE tick=93 pid=7 pri=0 slice=0
TRACE tick=93 pid=7 pri=0 slice=0
TRACE tick=94 pid=7 pri=0 slice=0
TRACE tick=94 pid=7 pri=0 slice=0
TRACE tick=94 pid=7 pri=0 slice=0
TRACE tick=94 pid=7 pri=0 slice=0
TRACE tick=95 pid=10 pri=1 slice=0
TRACE tick=95 pid=7 pri=0 slice=0
TRACE tick=95 pid=7 pri=0 slice=0
TRACE tick=95 pid=7 pri=0 slice=0
TRACE tick=96 pid=7 pri=0 slice=0
TRACE tick=96 pid=7 pri=0 slice=0
TRACE tick=96 pid=7 pri=0 slice=0
TRACE tick=96 pid=7 pri=0 slice=0
TRACE tick=97 pid=7 pri=0 slice=0
TRACE tick=97 pid=7 pri=0 slice=0
TRACE tick=97 pid=7 pri=0 slice=0
TRACE tick=97 pid=7 pri=0 slice=0
TRACE tick=97 pid=7 pri=0 slice=0
TRACE tick=98 pid=7 pri=0 slice=0
TRACE tick=98 pid=10 pri=1 slice=0
TRACE tick=98 pid=10 pri=1 slice=0
TRACE tick=98 pid=10 pri=1 slice=0
TRACE tick=99 pid=7 pri=0 slice=0
TRACE tick=99 pid=10 pri=1 slice=0
TRACE tick=99 pid=10 pri=1 slice=0
TRACE tick=99 pid=10 pri=1 slice=0
TRACE tick=99 pid=10 pri=1 slice=0
TRACE tick=99 pid=10 pri=1 slice=0
TRACE tick=100 pid=10 pri=0 slice=0
TRACE tick=100 pid=7 pri=0 slice=0
TRACE tick=100 pid=10 pri=0 slice=0
TRACE tick=100 pid=10 pri=0 slice=0
TRACE tick=101 pid=10 pri=0 slice=0
TRACE tick=101 pid=10 pri=0 slice=0
TRACE tick=101 pid=10 pri=0 slice=0
TRACE tick=102 pid=10 pri=0 slice=0
TRACE tick=102 pid=10 pri=0 slice=0
TRACE tick=102 pid=10 pri=0 slice=0
TRACE tick=103 pid=7 pri=0 slice=0
TRACE tick=103 pid=10 pri=0 slice=0
TRACE tick=103 pid=10 pri=0 slice=0
TRACE tick=103 pid=10 pri=0 slice=0
TRACE tick=104 pid=10 pri=0 slice=0
TRACE tick=104 pid=10 pri=0 slice=0
TRACE tick=104 pid=10 pri=0 slice=0
TRACE tick=104 pid=10 pri=0 slice=0
TRACE tick=105 pid=10 pri=0 slice=0
TRACE tick=105 pid=10 pri=0 slice=0
TRACE tick=105 pid=10 pri=0 slice=0
TRACE tick=105 pid=7 pri=0 slice=0
TRACE tick=106 pid=10 pri=0 slice=0
TRACE tick=106 pid=7 pri=0 slice=0
TRACE tick=106 pid=7 pri=0 slice=0
TRACE tick=106 pid=7 pri=0 slice=0
TRACE tick=106 pid=7 pri=0 slice=0
TRACE tick=107 pid=7 pri=0 slice=0
TRACE tick=107 pid=7 pri=0 slice=0
TRACE tick=107 pid=7 pri=0 slice=0
TRACE tick=107 pid=7 pri=0 slice=0
TRACE tick=108 pid=7 pri=0 slice=0
TRACE tick=108 pid=10 pri=0 slice=0
TRACE tick=108 pid=7 pri=0 slice=0
TRACE tick=108 pid=7 pri=0 slice=0
TRACE tick=108 pid=7 pri=0 slice=0
TRACE tick=108 pid=7 pri=0 slice=0
TRACE tick=109 pid=7 pri=0 slice=0
TRACE tick=109 pid=7 pri=0 slice=0
TRACE tick=109 pid=7 pri=0 slice=0
TRACE tick=109 pid=7 pri=0 slice=0
TRACE tick=109 pid=7 pri=0 slice=0
TRACE tick=110 pid=10 pri=0 slice=0
TRACE tick=110 pid=7 pri=0 slice=0
TRACE tick=110 pid=7 pri=0 slice=0
TRACE tick=110 pid=7 pri=0 slice=0
TRACE tick=110 pid=7 pri=0 slice=0
TRACE tick=110 pid=7 pri=0 slice=0
TRACE tick=111 pid=7 pri=0 slice=0
TRACE tick=111 pid=7 pri=0 slice=0
TRACE tick=111 pid=7 pri=0 slice=0
TRACE tick=111 pid=10 pri=0 slice=0
TRACE tick=112 pid=7 pri=0 slice=0
TRACE tick=112 pid=10 pri=0 slice=0
TRACE tick=112 pid=10 pri=0 slice=0
TRACE tick=112 pid=10 pri=0 slice=0
TRACE tick=113 pid=10 pri=0 slice=0
TRACE tick=113 pid=10 pri=0 slice=0
TRACE tick=113 pid=10 pri=0 slice=0
TRACE tick=114 pid=10 pri=0 slice=0
TRACE tick=114 pid=10 pri=0 slice=0
TRACE tick=114 pid=7 pri=0 slice=0
TRACE tick=114 pid=10 pri=0 slice=0
TRACE tick=115 pid=10 pri=0 slice=0
TRACE tick=115 pid=10 pri=0 slice=0
TRACE tick=115 pid=10 pri=0 slice=0
TRACE tick=115 pid=10 pri=0 slice=0
TRACE tick=116 pid=10 pri=0 slice=0
TRACE tick=116 pid=10 pri=0 slice=0
TRACE tick=116 pid=10 pri=0 slice=0
TRACE tick=117 pid=7 pri=0 slice=0
TRACE tick=117 pid=10 pri=0 slice=0
TRACE tick=117 pid=10 pri=0 slice=0
TRACE tick=117 pid=10 pri=0 slice=0
TRACE tick=118 pid=10 pri=0 slice=0
TRACE tick=118 pid=10 pri=0 slice=0
TRACE tick=118 pid=10 pri=0 slice=0
TRACE tick=118 pid=10 pri=0 slice=0
TRACE tick=119 pid=10 pri=0 slice=0
TRACE tick=119 pid=10 pri=0 slice=0
TRACE tick=119 pid=10 pri=0 slice=0
TRACE tick=119 pid=7 pri=0 slice=0
TRACE tick=120 pid=7 pri=0 slice=0
TRACE tick=120 pid=7 pri=0 slice=0
TRACE tick=120 pid=7 pri=0 slice=0
TRACE tick=120 pid=7 pri=0 slice=0
TRACE tick=121 pid=7 pri=0 slice=0
TRACE tick=121 pid=7 pri=0 slice=0
TRACE tick=121 pid=10 pri=0 slice=0
TRACE tick=121 pid=7 pri=0 slice=0
TRACE tick=122 pid=7 pri=0 slice=0
TRACE tick=122 pid=7 pri=0 slice=0
TRACE tick=122 pid=7 pri=0 slice=0
TRACE tick=122 pid=7 pri=0 slice=0
TRACE tick=123 pid=7 pri=0 slice=0
TRACE tick=123 pid=7 pri=0 slice=0
TRACE tick=123 pid=7 pri=0 slice=0
TRACE tick=123 pid=7 pri=0 slice=0
TRACE tick=124 pid=7 pri=0 slice=0
TRACE tick=124 pid=7 pri=0 slice=0
TRACE tick=124 pid=7 pri=0 slice=0
TRACE tick=125 pid=7 pri=0 slice=0
TRACE tick=125 pid=7 pri=0 slice=0
TRACE tick=125 pid=7 pri=0 slice=0
TRACE tick=125 pid=7 pri=0 slice=0
TRACE tick=125 pid=7 pri=0 slice=0
TRACE tick=126 pid=7 pri=0 slice=0
TRACE tick=126 pid=7 pri=0 slice=0
TRACE tick=126 pid=7 pri=0 slice=0
TRACE tick=126 pid=10 pri=0 slice=0
TRACE tick=127 pid=7 pri=0 slice=0
TRACE tick=127 pid=10 pri=0 slice=1
TRACE tick=128 pid=7 pri=0 slice=0
TRACE tick=128 pid=10 pri=1 slice=0
TRACE tick=128 pid=7 pri=0 slice=0
TRACE tick=129 pid=7 pri=0 slice=1
TRACE tick=129 pid=7 pri=0 slice=0
TRACE tick=129 pid=7 pri=0 slice=0
TRACE tick=129 pid=10 pri=1 slice=0
TRACE tick=129 pid=7 pri=0 slice=0
TRACE tick=130 pid=7 pri=0 slice=0
TRACE tick=130 pid=7 pri=0 slice=0
TRACE tick=130 pid=7 pri=0 slice=0
TRACE tick=130 pid=7 pri=0 slice=0
TRACE tick=130 pid=7 pri=0 slice=0
TRACE tick=130 pid=7 pri=0 slice=0
TRACE tick=130 pid=7 pri=0 slice=0
TRACE tick=131 pid=7 pri=0 slice=0
TRACE tick=131 pid=7 pri=0 slice=0
TRACE tick=131 pid=7 pri=0 slice=0
TRACE tick=131 pid=7 pri=0 slice=0
TRACE tick=131 pid=10 pri=1 slice=0
TRACE tick=131 pid=7 pri=0 slice=0
TRACE tick=131 pid=7 pri=0 slice=0
TRACE tick=132 pid=7 pri=0 slice=0
TRACE tick=132 pid=7 pri=0 slice=0
TRACE tick=132 pid=7 pri=0 slice=0
TRACE tick=132 pid=7 pri=0 slice=0
TRACE tick=132 pid=10 pri=1 slice=0
TRACE tick=132 pid=7 pri=0 slice=0
TRACE tick=132 pid=7 pri=0 slice=0
TRACE tick=133 pid=7 pri=0 slice=0
TRACE tick=133 pid=7 pri=0 slice=0
TRACE tick=133 pid=7 pri=0 slice=0
TRACE tick=133 pid=7 pri=0 slice=0
TRACE tick=133 pid=7 pri=0 slice=0
TRACE tick=133 pid=7 pri=0 slice=0
TRACE tick=133 pid=7 pri=0 slice=0
TRACE tick=134 pid=7 pri=0 slice=0
TRACE tick=134 pid=10 pri=1 slice=0
TRACE tick=134 pid=10 pri=1 slice=0
TRACE tick=134 pid=10 pri=1 slice=0
TRACE tick=134 pid=10 pri=1 slice=0
TRACE tick=134 pid=10 pri=1 slice=0
TRACE tick=135 pid=7 pri=0 slice=0
TRACE tick=135 pid=10 pri=1 slice=1
TRACE tick=135 pid=10 pri=1 slice=0
TRACE tick=135 pid=10 pri=1 slice=0
TRACE tick=135 pid=10 pri=1 slice=0
TRACE tick=136 pid=10 pri=1 slice=0
TRACE tick=136 pid=7 pri=0 slice=0
TRACE tick=136 pid=10 pri=1 slice=0
TRACE tick=136 pid=10 pri=1 slice=0
TRACE tick=136 pid=10 pri=1 slice=0
TRACE tick=136 pid=10 pri=1 slice=0
TRACE tick=136 pid=10 pri=1 slice=0
TRACE tick=137 pid=10 pri=1 slice=0
TRACE tick=137 pid=10 pri=1 slice=0
TRACE tick=137 pid=10 pri=1 slice=0
TRACE tick=137 pid=7 pri=0 slice=0
TRACE tick=137 pid=10 pri=1 slice=0
TRACE tick=137 pid=10 pri=1 slice=0
TRACE tick=137 pid=10 pri=1 slice=0
TRACE tick=138 pid=10 pri=1 slice=0
TRACE tick=138 pid=10 pri=1 slice=0
TRACE tick=138 pid=10 pri=1 slice=0
TRACE tick=138 pid=10 pri=1 slice=0
TRACE tick=138 pid=10 pri=1 slice=0
TRACE tick=138 pid=10 pri=1 slice=0
TRACE tick=138 pid=10 pri=1 slice=0
TRACE tick=139 pid=7 pri=0 slice=0
TRACE tick=139 pid=10 pri=1 slice=0
TRACE tick=139 pid=7 pri=0 slice=0
TRACE tick=139 pid=7 pri=0 slice=0
TRACE tick=139 pid=7 pri=0 slice=0
TRACE tick=140 pid=7 pri=0 slice=0
TRACE tick=140 pid=7 pri=0 slice=0
TRACE tick=140 pid=7 pri=0 slice=0
TRACE tick=140 pid=7 pri=0 slice=0
TRACE tick=140 pid=7 pri=0 slice=0
TRACE tick=140 pid=7 pri=0 slice=0
TRACE tick=141 pid=7 pri=0 slice=0
TRACE tick=141 pid=10 pri=1 slice=0
TRACE tick=141 pid=7 pri=0 slice=0
TRACE tick=141 pid=7 pri=0 slice=0
TRACE tick=141 pid=7 pri=0 slice=0
TRACE tick=141 pid=7 pri=0 slice=0
TRACE tick=141 pid=7 pri=0 slice=0
TRACE tick=141 pid=7 pri=0 slice=0
TRACE tick=142 pid=7 pri=0 slice=1
TRACE tick=142 pid=10 pri=1 slice=0
TRACE tick=142 pid=7 pri=0 slice=0
TRACE tick=142 pid=7 pri=0 slice=0
TRACE tick=142 pid=7 pri=0 slice=0
TRACE tick=142 pid=7 pri=0 slice=0
TRACE tick=143 pid=7 pri=0 slice=0
TRACE tick=143 pid=7 pri=0 slice=0
TRACE tick=143 pid=7 pri=0 slice=0
TRACE tick=143 pid=7 pri=0 slice=0
TRACE tick=143 pid=7 pri=0 slice=0
TRACE tick=143 pid=7 pri=0 slice=0
TRACE tick=143 pid=10 pri=1 slice=0
TRACE tick=144 pid=7 pri=0 slice=0
TRACE tick=144 pid=10 pri=1 slice=1
TRACE tick=144 pid=7 pri=0 slice=0
TRACE tick=145 pid=7 pri=0 slice=0
TRACE tick=145 pid=7 pri=0 slice=0
TRACE tick=145 pid=7 pri=0 slice=0
TRACE tick=145 pid=7 pri=0 slice=0
TRACE tick=145 pid=7 pri=0 slice=0
TRACE tick=145 pid=7 pri=0 slice=0
TRACE tick=145 pid=7 pri=0 slice=0
TRACE tick=146 pid=10 pri=1 slice=0
TRACE tick=146 pid=7 pri=0 slice=0
TRACE tick=146 pid=7 pri=0 slice=0
TRACE tick=146 pid=7 pri=0 slice=0
TRACE tick=146 pid=7 pri=0 slice=0
TRACE tick=146 pid=7 pri=0 slice=0
TRACE tick=146 pid=10 pri=1 slice=0
TRACE tick=146 pid=7 pri=0 slice=0
TRACE tick=147 pid=7 pri=0 slice=0
TRACE tick=147 pid=7 pri=0 slice=0
TRACE tick=147 pid=7 pri=0 slice=0
TRACE tick=147 pid=7 pri=0 slice=0
TRACE tick=147 pid=7 pri=0 slice=0
TRACE tick=147 pid=7 pri=0 slice=0
TRACE tick=147 pid=7 pri=0 slice=0
TRACE tick=148 pid=7 pri=0 slice=1
TRACE tick=148 pid=10 pri=1 slice=0
TRACE tick=148 pid=7 pri=0 slice=0
TRACE tick=148 pid=7 pri=0 slice=0
TRACE tick=148 pid=7 pri=0 slice=0
TRACE tick=148 pid=7 pri=0 slice=0
TRACE tick=148 pid=7 pri=0 slice=0
TRACE tick=149 pid=7 pri=0 slice=0
TRACE tick=149 pid=7 pri=0 slice=0
TRACE tick=149 pid=7 pri=0 slice=0
TRACE tick=149 pid=7 pri=0 slice=0
TRACE tick=149 pid=7 pri=0 slice=0
TRACE tick=149 pid=10 pri=1 slice=0
TRACE tick=150 pid=7 pri=0 slice=0
TRACE tick=150 pid=10 pri=1 slice=0
TRACE tick=150 pid=10 pri=1 slice=0
TRACE tick=150 pid=10 pri=1 slice=0
TRACE tick=150 pid=10 pri=1 slice=0
TRACE tick=150 pid=10 pri=1 slice=0
TRACE tick=150 pid=10 pri=1 slice=0
TRACE tick=151 pid=10 pri=1 slice=0
TRACE tick=151 pid=10 pri=1 slice=0
TRACE tick=151 pid=7 pri=0 slice=0
TRACE tick=151 pid=10 pri=1 slice=0
TRACE tick=151 pid=10 pri=1 slice=0
TRACE tick=151 pid=10 pri=1 slice=0
TRACE tick=151 pid=10 pri=1 slice=0
TRACE tick=152 pid=10 pri=1 slice=0
TRACE tick=152 pid=10 pri=1 slice=0
TRACE tick=152 pid=10 pri=1 slice=0
TRACE tick=152 pid=10 pri=1 slice=0
TRACE tick=152 pid=7 pri=0 slice=0
TRACE tick=152 pid=10 pri=1 slice=0
TRACE tick=152 pid=10 pri=1 slice=0
TRACE tick=153 pid=10 pri=1 slice=0
TRACE tick=153 pid=10 pri=1 slice=0
TRACE tick=153 pid=10 pri=1 slice=0
TRACE tick=153 pid=10 pri=1 slice=0
TRACE tick=153 pid=10 pri=1 slice=0
TRACE tick=153 pid=10 pri=1 slice=0
TRACE tick=153 pid=10 pri=1 slice=0
TRACE tick=154 pid=10 pri=1 slice=0
TRACE tick=154 pid=7 pri=0 slice=0
TRACE tick=154 pid=7 pri=0 slice=0
TRACE tick=154 pid=7 pri=0 slice=0
TRACE tick=154 pid=7 pri=0 slice=0
TRACE tick=155 pid=10 pri=1 slice=0
TRACE tick=155 pid=7 pri=0 slice=0
TRACE tick=155 pid=7 pri=0 slice=0
TRACE tick=155 pid=7 pri=0 slice=0
TRACE tick=155 pid=7 pri=0 slice=0
TRACE tick=155 pid=7 pri=0 slice=0
TRACE tick=155 pid=7 pri=0 slice=0
TRACE tick=155 pid=7 pri=0 slice=0
TRACE tick=156 pid=7 pri=0 slice=0
TRACE tick=156 pid=7 pri=0 slice=0
TRACE tick=156 pid=7 pri=0 slice=0
TRACE tick=156 pid=10 pri=1 slice=0
TRACE tick=156 pid=7 pri=0 slice=0
TRACE tick=156 pid=7 pri=0 slice=0
TRACE tick=156 pid=7 pri=0 slice=0
TRACE tick=157 pid=7 pri=0 slice=0
TRACE tick=157 pid=7 pri=0 slice=0
TRACE tick=157 pid=10 pri=1 slice=0
TRACE tick=157 pid=7 pri=0 slice=0
TRACE tick=157 pid=7 pri=0 slice=0
TRACE tick=157 pid=7 pri=0 slice=0
TRACE tick=157 pid=7 pri=0 slice=0
TRACE tick=158 pid=7 pri=0 slice=0
TRACE tick=158 pid=7 pri=0 slice=0
TRACE tick=158 pid=7 pri=0 slice=0
TRACE tick=158 pid=7 pri=0 slice=0
TRACE tick=158 pid=10 pri=1 slice=0
TRACE tick=158 pid=10 pri=1 slice=0
TRACE tick=159 pid=7 pri=0 slice=0
TRACE tick=159 pid=10 pri=1 slice=0
TRACE tick=159 pid=10 pri=1 slice=0
TRACE tick=159 pid=10 pri=1 slice=0
TRACE tick=159 pid=10 pri=1 slice=0
TRACE tick=159 pid=10 pri=1 slice=0
TRACE tick=160 pid=10 pri=1 slice=0
TRACE tick=160 pid=10 pri=1 slice=0
TRACE tick=160 pid=7 pri=0 slice=0
TRACE tick=160 pid=10 pri=1 slice=0
TRACE tick=160 pid=10 pri=1 slice=0
TRACE tick=160 pid=10 pri=1 slice=0
TRACE tick=161 pid=10 pri=1 slice=0
TRACE tick=161 pid=10 pri=1 slice=0
TRACE tick=161 pid=10 pri=1 slice=0
TRACE tick=161 pid=10 pri=1 slice=0
TRACE tick=161 pid=10 pri=1 slice=0
TRACE tick=161 pid=7 pri=0 slice=0
TRACE tick=162 pid=10 pri=1 slice=0
TRACE tick=162 pid=10 pri=1 slice=0
TRACE tick=162 pid=10 pri=1 slice=0
TRACE tick=162 pid=10 pri=1 slice=0
TRACE tick=162 pid=10 pri=1 slice=0
TRACE tick=162 pid=10 pri=1 slice=0
TRACE tick=162 pid=10 pri=1 slice=0
TRACE tick=163 pid=10 pri=1 slice=0
TRACE tick=163 pid=10 pri=1 slice=0
TRACE tick=163 pid=10 pri=1 slice=0
TRACE tick=163 pid=7 pri=0 slice=0
TRACE tick=163 pid=7 pri=0 slice=0
TRACE tick=164 pid=7 pri=0 slice=0
TRACE tick=164 pid=10 pri=1 slice=0
TRACE tick=164 pid=7 pri=0 slice=0
TRACE tick=164 pid=7 pri=0 slice=0
TRACE tick=164 pid=7 pri=0 slice=0
TRACE tick=164 pid=7 pri=0 slice=0
TRACE tick=164 pid=7 pri=0 slice=0
TRACE tick=165 pid=7 pri=0 slice=0
TRACE tick=165 pid=10 pri=1 slice=0
TRACE tick=165 pid=7 pri=0 slice=0
TRACE tick=165 pid=7 pri=0 slice=0
TRACE tick=165 pid=7 pri=0 slice=0
TRACE tick=165 pid=7 pri=0 slice=0
TRACE tick=165 pid=7 pri=0 slice=0
TRACE tick=166 pid=7 pri=0 slice=0
TRACE tick=166 pid=7 pri=0 slice=0
TRACE tick=166 pid=7 pri=0 slice=0
TRACE tick=166 pid=10 pri=1 slice=0
TRACE tick=166 pid=7 pri=0 slice=0
TRACE tick=166 pid=7 pri=0 slice=0
TRACE tick=166 pid=7 pri=0 slice=0
TRACE tick=167 pid=7 pri=0 slice=1
TRACE tick=167 pid=7 pri=0 slice=0
TRACE tick=167 pid=7 pri=0 slice=0
TRACE tick=167 pid=7 pri=0 slice=0
TRACE tick=167 pid=7 pri=0 slice=0
TRACE tick=167 pid=7 pri=0 slice=0
TRACE tick=168 pid=7 pri=0 slice=0
TRACE tick=168 pid=7 pri=0 slice=0
TRACE tick=168 pid=10 pri=1 slice=0
TRACE tick=168 pid=10 pri=1 slice=0
TRACE tick=168 pid=10 pri=1 slice=0
TRACE tick=169 pid=7 pri=0 slice=0
TRACE tick=169 pid=10 pri=1 slice=1
TRACE tick=169 pid=10 pri=1 slice=0
TRACE tick=169 pid=10 pri=1 slice=0
TRACE tick=169 pid=10 pri=1 slice=0
TRACE tick=169 pid=10 pri=1 slice=0
TRACE tick=170 pid=10 pri=1 slice=0
TRACE tick=170 pid=10 pri=1 slice=0
TRACE tick=170 pid=7 pri=0 slice=0
TRACE tick=170 pid=10 pri=1 slice=0
TRACE tick=170 pid=10 pri=1 slice=0
TRACE tick=170 pid=10 pri=1 slice=0
TRACE tick=171 pid=10 pri=1 slice=0
TRACE tick=171 pid=10 pri=1 slice=0
TRACE tick=171 pid=10 pri=1 slice=0
TRACE tick=171 pid=10 pri=1 slice=0
TRACE tick=171 pid=10 pri=1 slice=0
TRACE tick=171 pid=7 pri=0 slice=0
TRACE tick=171 pid=10 pri=1 slice=0
TRACE tick=172 pid=10 pri=1 slice=0
TRACE tick=172 pid=10 pri=1 slice=0
TRACE tick=172 pid=10 pri=1 slice=0
TRACE tick=172 pid=10 pri=1 slice=0
TRACE tick=172 pid=10 pri=1 slice=0
TRACE tick=173 pid=10 pri=1 slice=0
TRACE tick=173 pid=10 pri=1 slice=0
TRACE tick=173 pid=10 pri=1 slice=0
TRACE tick=173 pid=10 pri=1 slice=0
TRACE tick=173 pid=7 pri=0 slice=0
TRACE tick=174 pid=7 pri=0 slice=0
TRACE tick=174 pid=7 pri=0 slice=0
TRACE tick=174 pid=7 pri=0 slice=0
TRACE tick=174 pid=7 pri=0 slice=0
TRACE tick=174 pid=10 pri=1 slice=0
TRACE tick=174 pid=7 pri=0 slice=0
TRACE tick=174 pid=7 pri=0 slice=0
TRACE tick=175 pid=7 pri=0 slice=0
TRACE tick=175 pid=7 pri=0 slice=0
TRACE tick=175 pid=10 pri=1 slice=0
TRACE tick=175 pid=7 pri=0 slice=0
TRACE tick=175 pid=7 pri=0 slice=0
TRACE tick=175 pid=7 pri=0 slice=0
TRACE tick=175 pid=7 pri=0 slice=0
TRACE tick=176 pid=7 pri=0 slice=0
TRACE tick=176 pid=7 pri=0 slice=0
TRACE tick=176 pid=7 pri=0 slice=0
TRACE tick=176 pid=7 pri=0 slice=0
TRACE tick=176 pid=10 pri=1 slice=0
TRACE tick=176 pid=7 pri=0 slice=0
TRACE tick=177 pid=7 pri=0 slice=0
TRACE tick=177 pid=7 pri=0 slice=0
TRACE tick=177 pid=7 pri=0 slice=0
TRACE tick=177 pid=7 pri=0 slice=0
TRACE tick=177 pid=7 pri=0 slice=0
TRACE tick=177 pid=7 pri=0 slice=0
TRACE tick=177 pid=7 pri=0 slice=0
TRACE tick=178 pid=7 pri=0 slice=0
TRACE tick=178 pid=7 pri=0 slice=0
TRACE tick=178 pid=10 pri=1 slice=0
TRACE tick=178 pid=10 pri=1 slice=0
TRACE tick=178 pid=10 pri=1 slice=0
TRACE tick=179 pid=7 pri=0 slice=0
TRACE tick=179 pid=10 pri=1 slice=0
TRACE tick=179 pid=10 pri=1 slice=0
TRACE tick=179 pid=10 pri=1 slice=0
TRACE tick=179 pid=10 pri=1 slice=0
TRACE tick=179 pid=10 pri=1 slice=0
TRACE tick=179 pid=10 pri=1 slice=0
TRACE tick=180 pid=7 pri=0 slice=0
TRACE tick=180 pid=10 pri=1 slice=0
TRACE tick=180 pid=10 pri=1 slice=0
TRACE tick=180 pid=10 pri=1 slice=0
TRACE tick=180 pid=10 pri=1 slice=0
TRACE tick=180 pid=10 pri=1 slice=0
TRACE tick=180 pid=10 pri=1 slice=0
TRACE tick=181 pid=10 pri=1 slice=0
TRACE tick=181 pid=10 pri=1 slice=0
TRACE tick=181 pid=7 pri=0 slice=0
TRACE tick=181 pid=10 pri=1 slice=0
TRACE tick=181 pid=10 pri=1 slice=0
TRACE tick=181 pid=10 pri=1 slice=0
TRACE tick=182 pid=10 pri=1 slice=0
TRACE tick=182 pid=10 pri=1 slice=0
TRACE tick=182 pid=10 pri=1 slice=0
TRACE tick=182 pid=10 pri=1 slice=0
TRACE tick=182 pid=10 pri=1 slice=0
TRACE tick=182 pid=10 pri=1 slice=0
TRACE tick=182 pid=10 pri=1 slice=0
TRACE tick=183 pid=7 pri=0 slice=0
TRACE tick=183 pid=7 pri=0 slice=0
TRACE tick=183 pid=10 pri=1 slice=0
TRACE tick=183 pid=7 pri=0 slice=0
TRACE tick=183 pid=7 pri=0 slice=0
TRACE tick=184 pid=7 pri=0 slice=0
TRACE tick=184 pid=7 pri=0 slice=0
TRACE tick=184 pid=7 pri=0 slice=0
TRACE tick=184 pid=7 pri=0 slice=0
TRACE tick=184 pid=7 pri=0 slice=0
TRACE tick=184 pid=10 pri=1 slice=0
TRACE tick=184 pid=7 pri=0 slice=0
TRACE tick=185 pid=7 pri=0 slice=0
TRACE tick=185 pid=7 pri=0 slice=0
TRACE tick=185 pid=7 pri=0 slice=0
TRACE tick=185 pid=7 pri=0 slice=0
TRACE tick=185 pid=7 pri=0 slice=0
TRACE tick=185 pid=7 pri=0 slice=0
TRACE tick=185 pid=7 pri=0 slice=0
TRACE tick=186 pid=10 pri=1 slice=0
TRACE tick=186 pid=7 pri=0 slice=0
TRACE tick=186 pid=7 pri=0 slice=0
TRACE tick=186 pid=7 pri=0 slice=0
TRACE tick=186 pid=7 pri=0 slice=0
TRACE tick=186 pid=7 pri=0 slice=0
TRACE tick=186 pid=7 pri=0 slice=0
TRACE tick=187 pid=7 pri=0 slice=0
TRACE tick=187 pid=7 pri=0 slice=0
TRACE tick=187 pid=7 pri=0 slice=0
TRACE tick=187 pid=7 pri=0 slice=0
TRACE tick=187 pid=10 pri=1 slice=0
TRACE tick=188 pid=7 pri=0 slice=0
TRACE tick=188 pid=10 pri=1 slice=0
TRACE tick=188 pid=10 pri=1 slice=0
TRACE tick=188 pid=10 pri=1 slice=0
TRACE tick=188 pid=10 pri=1 slice=0
TRACE tick=188 pid=10 pri=1 slice=0
TRACE tick=188 pid=10 pri=1 slice=0
TRACE tick=189 pid=10 pri=1 slice=0
TRACE tick=189 pid=10 pri=1 slice=0
TRACE tick=189 pid=7 pri=0 slice=0
TRACE tick=189 pid=10 pri=1 slice=0
TRACE tick=189 pid=10 pri=1 slice=0
TRACE tick=189 pid=10 pri=1 slice=0
TRACE tick=189 pid=10 pri=1 slice=0
TRACE tick=190 pid=10 pri=1 slice=0
TRACE tick=190 pid=10 pri=1 slice=0
TRACE tick=190 pid=10 pri=1 slice=0
TRACE tick=190 pid=10 pri=1 slice=0
TRACE tick=190 pid=7 pri=0 slice=0
TRACE tick=190 pid=10 pri=1 slice=0
TRACE tick=190 pid=10 pri=1 slice=0
TRACE tick=191 pid=10 pri=1 slice=0
TRACE tick=191 pid=10 pri=1 slice=0
TRACE tick=191 pid=10 pri=1 slice=0
TRACE tick=191 pid=10 pri=1 slice=0
TRACE tick=191 pid=10 pri=1 slice=0
TRACE tick=191 pid=10 pri=1 slice=0
TRACE tick=192 pid=10 pri=1 slice=0
TRACE tick=192 pid=10 pri=1 slice=0
TRACE tick=192 pid=7 pri=0 slice=0
TRACE tick=192 pid=7 pri=0 slice=0
TRACE tick=192 pid=7 pri=0 slice=0
TRACE tick=192 pid=7 pri=0 slice=0
TRACE tick=193 pid=10 pri=1 slice=0
TRACE tick=193 pid=7 pri=0 slice=0
TRACE tick=193 pid=7 pri=0 slice=0
TRACE tick=193 pid=7 pri=0 slice=0
TRACE tick=193 pid=7 pri=0 slice=0
TRACE tick=193 pid=7 pri=0 slice=0
TRACE tick=193 pid=10 pri=1 slice=0
TRACE tick=194 pid=7 pri=0 slice=0
TRACE tick=194 pid=7 pri=0 slice=0
TRACE tick=194 pid=7 pri=0 slice=0
TRACE tick=194 pid=7 pri=0 slice=0
TRACE tick=194 pid=7 pri=0 slice=0
TRACE tick=194 pid=7 pri=0 slice=0
TRACE tick=194 pid=7 pri=0 slice=0
TRACE tick=194 pid=7 pri=0 slice=0
TRACE tick=195 pid=7 pri=0 slice=1
TRACE tick=195 pid=7 pri=0 slice=0
TRACE tick=195 pid=7 pri=0 slice=0
TRACE tick=195 pid=10 pri=1 slice=0
TRACE tick=195 pid=7 pri=0 slice=0
TRACE tick=195 pid=7 pri=0 slice=0
TRACE tick=196 pid=7 pri=0 slice=0
TRACE tick=196 pid=7 pri=0 slice=0
TRACE tick=196 pid=7 pri=0 slice=0
TRACE tick=196 pid=7 pri=0 slice=0
TRACE tick=196 pid=7 pri=0 slice=0
TRACE tick=196 pid=7 pri=0 slice=0
TRACE tick=196 pid=10 pri=1 slice=0
TRACE tick=197 pid=7 pri=0 slice=0
TRACE tick=197 pid=10 pri=1 slice=1
TRACE tick=197 pid=7 pri=0 slice=0
TRACE tick=198 pid=7 pri=0 slice=0
TRACE tick=198 pid=7 pri=0 slice=0
TRACE tick=198 pid=7 pri=0 slice=0
TRACE tick=198 pid=10 pri=1 slice=0
TRACE tick=198 pid=7 pri=0 slice=0
TRACE tick=198 pid=7 pri=0 slice=0
TRACE tick=198 pid=7 pri=0 slice=0
TRACE tick=198 pid=7 pri=0 slice=0
TRACE tick=199 pid=7 pri=0 slice=0
TRACE tick=199 pid=7 pri=0 slice=0
TRACE tick=199 pid=7 pri=0 slice=0
TRACE tick=199 pid=7 pri=0 slice=0
TRACE tick=199 pid=7 pri=0 slice=0
TRACE tick=199 pid=7 pri=0 slice=0
TRACE tick=199 pid=10 pri=1 slice=0
TRACE tick=200 pid=7 pri=0 slice=0
TRACE tick=200 pid=7 pri=0 slice=0
TRACE tick=200 pid=7 pri=0 slice=0
TRACE tick=200 pid=7 pri=0 slice=0
TRACE tick=200 pid=7 pri=0 slice=0
TRACE tick=200 pid=7 pri=0 slice=0
TRACE tick=201 pid=7 pri=0 slice=0
TRACE tick=201 pid=10 pri=0 slice=0
TRACE tick=201 pid=7 pri=0 slice=0
TRACE tick=201 pid=7 pri=0 slice=0
TRACE tick=201 pid=7 pri=0 slice=0
TRACE tick=201 pid=7 pri=0 slice=0
TRACE tick=201 pid=7 pri=0 slice=0
TRACE tick=202 pid=7 pri=0 slice=0
TRACE tick=202 pid=7 pri=0 slice=0
TRACE tick=202 pid=7 pri=0 slice=0
TRACE tick=202 pid=7 pri=0 slice=0
TRACE tick=202 pid=7 pri=0 slice=0
TRACE tick=202 pid=10 pri=0 slice=0
TRACE tick=203 pid=7 pri=0 slice=0
TRACE tick=203 pid=10 pri=0 slice=1
TRACE tick=203 pid=7 pri=0 slice=0
TRACE tick=203 pid=7 pri=0 slice=0
TRACE tick=204 pid=10 pri=0 slice=0
TRACE tick=204 pid=7 pri=0 slice=0
TRACE tick=204 pid=7 pri=0 slice=0
TRACE tick=204 pid=7 pri=0 slice=0
TRACE tick=204 pid=7 pri=0 slice=0
TRACE tick=204 pid=7 pri=0 slice=0
TRACE tick=204 pid=7 pri=0 slice=0
TRACE tick=205 pid=7 pri=0 slice=0
TRACE tick=205 pid=7 pri=0 slice=0
TRACE tick=205 pid=7 pri=0 slice=0
TRACE tick=205 pid=7 pri=0 slice=0
TRACE tick=205 pid=7 pri=0 slice=0
TRACE tick=205 pid=7 pri=0 slice=0
TRACE tick=205 pid=7 pri=0 slice=0
TRACE tick=206 pid=10 pri=0 slice=0
TRACE tick=206 pid=7 pri=0 slice=0
TRACE tick=206 pid=7 pri=0 slice=0
TRACE tick=206 pid=7 pri=0 slice=0
TRACE tick=206 pid=7 pri=0 slice=0
TRACE tick=206 pid=7 pri=0 slice=0
TRACE tick=206 pid=7 pri=0 slice=0
TRACE tick=207 pid=10 pri=0 slice=0
TRACE tick=207 pid=7 pri=0 slice=0
TRACE tick=207 pid=7 pri=0 slice=0
TRACE tick=207 pid=7 pri=0 slice=0
TRACE tick=207 pid=7 pri=0 slice=0
TRACE tick=207 pid=7 pri=0 slice=0
TRACE tick=207 pid=7 pri=0 slice=0
TRACE tick=208 pid=7 pri=0 slice=0
TRACE tick=208 pid=7 pri=0 slice=0
TRACE tick=208 pid=7 pri=0 slice=0
TRACE tick=208 pid=7 pri=0 slice=0
TRACE tick=208 pid=10 pri=0 slice=0
TRACE tick=208 pid=10 pri=0 slice=0
TRACE tick=209 pid=7 pri=0 slice=0
TRACE tick=209 pid=10 pri=0 slice=0
TRACE tick=209 pid=10 pri=0 slice=0
TRACE tick=209 pid=10 pri=0 slice=0
TRACE tick=209 pid=10 pri=0 slice=0
TRACE tick=209 pid=10 pri=0 slice=0
TRACE tick=209 pid=10 pri=0 slice=0
TRACE tick=210 pid=10 pri=0 slice=1
TRACE tick=210 pid=10 pri=0 slice=0
TRACE tick=210 pid=7 pri=0 slice=0
TRACE tick=210 pid=10 pri=0 slice=0
TRACE tick=210 pid=10 pri=0 slice=0
TRACE tick=210 pid=10 pri=0 slice=0
TRACE tick=210 pid=10 pri=0 slice=0
TRACE tick=211 pid=10 pri=0 slice=0
TRACE tick=211 pid=10 pri=0 slice=0
TRACE tick=211 pid=10 pri=0 slice=0
TRACE tick=211 pid=10 pri=0 slice=0
TRACE tick=211 pid=7 pri=0 slice=0
TRACE tick=211 pid=10 pri=0 slice=0
TRACE tick=211 pid=10 pri=0 slice=0
TRACE tick=212 pid=10 pri=0 slice=0
TRACE tick=212 pid=10 pri=0 slice=0
TRACE tick=212 pid=10 pri=0 slice=0
TRACE tick=212 pid=10 pri=0 slice=0
TRACE tick=212 pid=10 pri=0 slice=0
TRACE tick=212 pid=10 pri=0 slice=0
TRACE tick=212 pid=10 pri=0 slice=0
TRACE tick=213 pid=10 pri=0 slice=0
TRACE tick=213 pid=7 pri=0 slice=0
TRACE tick=213 pid=7 pri=0 slice=0
TRACE tick=213 pid=7 pri=0 slice=0
TRACE tick=213 pid=7 pri=0 slice=0
TRACE tick=213 pid=7 pri=0 slice=0
TRACE tick=214 pid=10 pri=0 slice=0
TRACE tick=214 pid=7 pri=0 slice=0
TRACE tick=214 pid=7 pri=0 slice=0
TRACE tick=214 pid=7 pri=0 slice=0
TRACE tick=214 pid=7 pri=0 slice=0
TRACE tick=214 pid=7 pri=0 slice=0
TRACE tick=214 pid=7 pri=0 slice=0
TRACE tick=215 pid=7 pri=0 slice=0
TRACE tick=215 pid=7 pri=0 slice=0
TRACE tick=215 pid=7 pri=0 slice=0
TRACE tick=215 pid=10 pri=0 slice=0
TRACE tick=215 pid=7 pri=0 slice=0
TRACE tick=215 pid=7 pri=0 slice=0
TRACE tick=215 pid=7 pri=0 slice=0
TRACE tick=216 pid=7 pri=0 slice=0
TRACE tick=216 pid=7 pri=0 slice=0
TRACE tick=216 pid=10 pri=0 slice=0
TRACE tick=216 pid=7 pri=0 slice=0
TRACE tick=216 pid=7 pri=0 slice=0
TRACE tick=216 pid=7 pri=0 slice=0
TRACE tick=216 pid=7 pri=0 slice=0
TRACE tick=217 pid=7 pri=0 slice=0
TRACE tick=217 pid=7 pri=0 slice=0
TRACE tick=217 pid=7 pri=0 slice=0
TRACE tick=217 pid=7 pri=0 slice=0
TRACE tick=217 pid=10 pri=0 slice=0
TRACE tick=218 pid=7 pri=0 slice=0
TRACE tick=218 pid=10 pri=0 slice=0
TRACE tick=218 pid=10 pri=0 slice=0
TRACE tick=218 pid=10 pri=0 slice=0
TRACE tick=218 pid=10 pri=0 slice=0
TRACE tick=218 pid=10 pri=0 slice=0
TRACE tick=219 pid=10 pri=0 slice=0
TRACE tick=219 pid=10 pri=0 slice=0
TRACE tick=219 pid=10 pri=0 slice=0
TRACE tick=219 pid=7 pri=0 slice=0
TRACE tick=219 pid=10 pri=0 slice=0
TRACE tick=219 pid=10 pri=0 slice=0
TRACE tick=219 pid=10 pri=0 slice=0
TRACE tick=220 pid=10 pri=0 slice=0
TRACE tick=220 pid=10 pri=0 slice=0
TRACE tick=220 pid=10 pri=0 slice=0
TRACE tick=220 pid=10 pri=0 slice=0
TRACE tick=220 pid=10 pri=0 slice=0
TRACE tick=221 pid=7 pri=0 slice=0
TRACE tick=221 pid=10 pri=0 slice=0
TRACE tick=221 pid=10 pri=0 slice=0
TRACE tick=221 pid=10 pri=0 slice=0
TRACE tick=221 pid=10 pri=0 slice=0
TRACE tick=221 pid=10 pri=0 slice=0
TRACE tick=221 pid=10 pri=0 slice=0
TRACE tick=222 pid=10 pri=0 slice=0
TRACE tick=222 pid=10 pri=0 slice=0
TRACE tick=222 pid=10 pri=0 slice=0
TRACE tick=222 pid=10 pri=0 slice=0
TRACE tick=222 pid=7 pri=0 slice=0
TRACE tick=223 pid=7 pri=0 slice=0
TRACE tick=223 pid=10 pri=0 slice=0
TRACE tick=223 pid=7 pri=0 slice=0
TRACE tick=223 pid=7 pri=0 slice=0
TRACE tick=223 pid=7 pri=0 slice=0
TRACE tick=223 pid=7 pri=0 slice=0
TRACE tick=223 pid=7 pri=0 slice=0
TRACE tick=223 pid=7 pri=0 slice=0
TRACE tick=224 pid=7 pri=0 slice=1
TRACE tick=224 pid=7 pri=0 slice=0
TRACE tick=224 pid=7 pri=0 slice=0
TRACE tick=224 pid=7 pri=0 slice=0
TRACE tick=224 pid=7 pri=0 slice=0
TRACE tick=224 pid=10 pri=0 slice=0
TRACE tick=225 pid=7 pri=0 slice=0
TRACE tick=225 pid=7 pri=0 slice=0
TRACE tick=225 pid=7 pri=0 slice=0
TRACE tick=225 pid=7 pri=0 slice=0
TRACE tick=225 pid=7 pri=0 slice=0
TRACE tick=225 pid=10 pri=0 slice=0
TRACE tick=225 pid=7 pri=0 slice=0
TRACE tick=226 pid=7 pri=0 slice=0
TRACE tick=226 pid=7 pri=0 slice=0
TRACE tick=226 pid=7 pri=0 slice=0
TRACE tick=226 pid=7 pri=0 slice=0
TRACE tick=226 pid=7 pri=0 slice=0
TRACE tick=226 pid=7 pri=0 slice=0
TRACE tick=226 pid=7 pri=0 slice=0
TRACE tick=227 pid=7 pri=0 slice=0
TRACE tick=227 pid=7 pri=0 slice=0
TRACE tick=227 pid=10 pri=0 slice=0
TRACE tick=228 pid=7 pri=0 slice=0
TRACE tick=228 pid=10 pri=0 slice=1
TRACE tick=228 pid=7 pri=0 slice=0
TRACE tick=228 pid=7 pri=0 slice=0
TRACE tick=228 pid=7 pri=0 slice=0
TRACE tick=229 pid=7 pri=0 slice=1
TRACE tick=229 pid=7 pri=0 slice=0
TRACE tick=229 pid=7 pri=0 slice=0
TRACE tick=229 pid=7 pri=0 slice=0
TRACE tick=229 pid=7 pri=0 slice=0
TRACE tick=229 pid=7 pri=0 slice=0
TRACE tick=229 pid=7 pri=0 slice=0
TRACE tick=230 pid=10 pri=0 slice=0
TRACE tick=230 pid=7 pri=0 slice=0
TRACE tick=230 pid=7 pri=0 slice=0
TRACE tick=230 pid=7 pri=0 slice=0
TRACE tick=230 pid=7 pri=0 slice=0
TRACE tick=230 pid=7 pri=0 slice=0
TRACE tick=230 pid=10 pri=0 slice=0
TRACE tick=231 pid=7 pri=0 slice=0
TRACE tick=231 pid=7 pri=0 slice=0
TRACE tick=231 pid=7 pri=0 slice=0
TRACE tick=231 pid=7 pri=0 slice=0
TRACE tick=231 pid=7 pri=0 slice=0
TRACE tick=231 pid=7 pri=0 slice=0
TRACE tick=231 pid=7 pri=0 slice=0
TRACE tick=232 pid=7 pri=0 slice=0
TRACE tick=232 pid=10 pri=0 slice=0
TRACE tick=232 pid=7 pri=0 slice=0
TRACE tick=232 pid=7 pri=0 slice=0
TRACE tick=232 pid=7 pri=0 slice=0
TRACE tick=232 pid=7 pri=0 slice=0
TRACE tick=233 pid=7 pri=0 slice=0
TRACE tick=233 pid=7 pri=0 slice=0
TRACE tick=233 pid=7 pri=0 slice=0
TRACE tick=233 pid=7 pri=0 slice=0
TRACE tick=233 pid=7 pri=0 slice=0
TRACE tick=233 pid=10 pri=0 slice=0
TRACE tick=234 pid=7 pri=0 slice=0
TRACE tick=234 pid=10 pri=0 slice=0
TRACE tick=234 pid=10 pri=0 slice=0
TRACE tick=234 pid=10 pri=0 slice=0
TRACE tick=234 pid=10 pri=0 slice=0
TRACE tick=234 pid=10 pri=0 slice=0
TRACE tick=234 pid=10 pri=0 slice=0
TRACE tick=235 pid=10 pri=0 slice=0
TRACE tick=235 pid=10 pri=0 slice=0
TRACE tick=235 pid=7 pri=0 slice=0
TRACE tick=235 pid=10 pri=0 slice=0
TRACE tick=235 pid=10 pri=0 slice=0
TRACE tick=235 pid=10 pri=0 slice=0
TRACE tick=235 pid=10 pri=0 slice=0
TRACE tick=236 pid=10 pri=0 slice=0
TRACE tick=236 pid=10 pri=0 slice=0
TRACE tick=236 pid=10 pri=0 slice=0
TRACE tick=236 pid=10 pri=0 slice=0
TRACE tick=236 pid=7 pri=0 slice=0
TRACE tick=236 pid=10 pri=0 slice=0
TRACE tick=237 pid=10 pri=0 slice=0
TRACE tick=237 pid=10 pri=0 slice=0
TRACE tick=237 pid=10 pri=0 slice=0
TRACE tick=237 pid=10 pri=0 slice=0
TRACE tick=237 pid=10 pri=0 slice=0
TRACE tick=237 pid=10 pri=0 slice=0
TRACE tick=237 pid=10 pri=0 slice=0
TRACE tick=238 pid=10 pri=0 slice=0
TRACE tick=238 pid=10 pri=0 slice=0
TRACE tick=238 pid=7 pri=0 slice=0
TRACE tick=238 pid=7 pri=0 slice=0
TRACE tick=238 pid=7 pri=0 slice=0
TRACE tick=239 pid=10 pri=0 slice=0
TRACE tick=239 pid=7 pri=0 slice=0
TRACE tick=239 pid=7 pri=0 slice=0
TRACE tick=239 pid=7 pri=0 slice=0
TRACE tick=239 pid=7 pri=0 slice=0
TRACE tick=239 pid=7 pri=0 slice=0
TRACE tick=239 pid=7 pri=0 slice=0
TRACE tick=240 pid=10 pri=0 slice=0
TRACE tick=240 pid=7 pri=0 slice=0
TRACE tick=240 pid=7 pri=0 slice=0
TRACE tick=240 pid=7 pri=0 slice=0
TRACE tick=240 pid=7 pri=0 slice=0
TRACE tick=240 pid=7 pri=0 slice=0
TRACE tick=240 pid=7 pri=0 slice=0
TRACE tick=241 pid=7 pri=0 slice=0
TRACE tick=241 pid=7 pri=0 slice=0
TRACE tick=241 pid=10 pri=0 slice=0
TRACE tick=241 pid=7 pri=0 slice=0
TRACE tick=241 pid=7 pri=0 slice=0
TRACE tick=241 pid=7 pri=0 slice=0
TRACE tick=242 pid=7 pri=0 slice=0
TRACE tick=242 pid=7 pri=0 slice=0
TRACE tick=242 pid=7 pri=0 slice=0
TRACE tick=242 pid=7 pri=0 slice=0
TRACE tick=242 pid=7 pri=0 slice=0
TRACE tick=242 pid=7 pri=0 slice=0
TRACE tick=242 pid=7 pri=0 slice=0
TRACE tick=243 pid=7 pri=0 slice=0
TRACE tick=243 pid=10 pri=0 slice=0
TRACE tick=243 pid=7 pri=0 slice=0
TRACE tick=243 pid=7 pri=0 slice=0
TRACE tick=243 pid=7 pri=0 slice=0
TRACE tick=244 pid=7 pri=0 slice=0
TRACE tick=244 pid=7 pri=0 slice=0
TRACE tick=244 pid=7 pri=0 slice=0
TRACE tick=244 pid=7 pri=0 slice=0
TRACE tick=244 pid=7 pri=0 slice=0
TRACE tick=245 pid=10 pri=0 slice=0
TRACE tick=245 pid=7 pri=0 slice=0
TRACE tick=245 pid=7 pri=0 slice=0
TRACE tick=245 pid=7 pri=0 slice=0
TRACE tick=245 pid=7 pri=0 slice=0
TRACE tick=245 pid=7 pri=0 slice=0
TRACE tick=246 pid=7 pri=0 slice=0
TRACE tick=246 pid=7 pri=0 slice=0
TRACE tick=246 pid=7 pri=0 slice=0
TRACE tick=246 pid=7 pri=0 slice=0
TRACE tick=246 pid=10 pri=0 slice=0
TRACE tick=246 pid=7 pri=0 slice=0
TRACE tick=247 pid=7 pri=0 slice=0
TRACE tick=247 pid=7 pri=0 slice=0
TRACE tick=247 pid=7 pri=0 slice=0
TRACE tick=247 pid=7 pri=0 slice=0
TRACE tick=247 pid=7 pri=0 slice=0
TRACE tick=247 pid=7 pri=0 slice=0
TRACE tick=247 pid=7 pri=0 slice=0
io_burner pid=7 done ops=25
EXIT pid=7 name=io_burner arrival=30 completion=248 run=10 ioblock=700 final_pri=0
TRACE tick=248 pid=7 pri=0 slice=0
TRACE tick=248 pid=3 pri=0 slice=0
TRACE tick=249 pid=10 pri=0 slice=0
TRACE tick=249 pid=10 pri=0 slice=0
TRACE tick=250 pid=10 pri=0 slice=0
TRACE tick=250 pid=10 pri=0 slice=0
TRACE tick=250 pid=10 pri=0 slice=0
TRACE tick=250 pid=10 pri=0 slice=0
TRACE tick=250 pid=10 pri=0 slice=0
TRACE tick=251 pid=10 pri=0 slice=0
TRACE tick=251 pid=10 pri=0 slice=0
TRACE tick=251 pid=10 pri=0 slice=0
TRACE tick=251 pid=10 pri=0 slice=0
TRACE tick=252 pid=10 pri=0 slice=0
TRACE tick=252 pid=10 pri=0 slice=0
TRACE tick=252 pid=10 pri=0 slice=0
TRACE tick=252 pid=10 pri=0 slice=0
TRACE tick=252 pid=10 pri=0 slice=0
TRACE tick=253 pid=10 pri=0 slice=0
TRACE tick=253 pid=10 pri=0 slice=0
TRACE tick=253 pid=10 pri=0 slice=0
TRACE tick=253 pid=10 pri=0 slice=0
TRACE tick=253 pid=10 pri=0 slice=0
TRACE tick=254 pid=10 pri=0 slice=0
TRACE tick=254 pid=10 pri=0 slice=0
TRACE tick=254 pid=10 pri=0 slice=0
TRACE tick=254 pid=10 pri=0 slice=0
TRACE tick=254 pid=10 pri=0 slice=0
TRACE tick=254 pid=10 pri=0 slice=0
TRACE tick=255 pid=10 pri=0 slice=0
TRACE tick=255 pid=10 pri=0 slice=0
TRACE tick=255 pid=10 pri=0 slice=0
TRACE tick=256 pid=10 pri=0 slice=0
TRACE tick=256 pid=10 pri=0 slice=0
TRACE tick=256 pid=10 pri=0 slice=0
TRACE tick=256 pid=10 pri=0 slice=0
TRACE tick=256 pid=10 pri=0 slice=0
TRACE tick=256 pid=10 pri=0 slice=0
TRACE tick=257 pid=10 pri=0 slice=0
TRACE tick=257 pid=10 pri=0 slice=0
TRACE tick=257 pid=10 pri=0 slice=0
TRACE tick=257 pid=10 pri=0 slice=0
TRACE tick=258 pid=10 pri=0 slice=0
TRACE tick=258 pid=10 pri=0 slice=0
TRACE tick=258 pid=10 pri=0 slice=0
TRACE tick=258 pid=10 pri=0 slice=0
TRACE tick=259 pid=10 pri=0 slice=0
TRACE tick=259 pid=10 pri=0 slice=0
TRACE tick=259 pid=10 pri=0 slice=0
TRACE tick=259 pid=10 pri=0 slice=0
TRACE tick=259 pid=10 pri=0 slice=0
TRACE tick=259 pid=10 pri=0 slice=0
TRACE tick=260 pid=10 pri=0 slice=0
TRACE tick=260 pid=10 pri=0 slice=0
TRACE tick=260 pid=10 pri=0 slice=0
TRACE tick=260 pid=10 pri=0 slice=0
TRACE tick=261 pid=10 pri=0 slice=0
TRACE tick=261 pid=10 pri=0 slice=0
TRACE tick=261 pid=10 pri=0 slice=0
TRACE tick=262 pid=10 pri=0 slice=0
TRACE tick=262 pid=10 pri=0 slice=0
TRACE tick=262 pid=10 pri=0 slice=0
TRACE tick=262 pid=10 pri=0 slice=0
TRACE tick=262 pid=10 pri=0 slice=0
TRACE tick=262 pid=10 pri=0 slice=0
TRACE tick=263 pid=10 pri=0 slice=0
TRACE tick=263 pid=10 pri=0 slice=0
TRACE tick=263 pid=10 pri=0 slice=0
TRACE tick=263 pid=10 pri=0 slice=0
TRACE tick=263 pid=10 pri=0 slice=0
TRACE tick=263 pid=10 pri=0 slice=0
TRACE tick=264 pid=10 pri=0 slice=0
TRACE tick=264 pid=10 pri=0 slice=0
TRACE tick=264 pid=10 pri=0 slice=0
TRACE tick=264 pid=10 pri=0 slice=0
TRACE tick=264 pid=10 pri=0 slice=0
TRACE tick=265 pid=10 pri=0 slice=0
TRACE tick=265 pid=10 pri=0 slice=0
TRACE tick=265 pid=10 pri=0 slice=0
TRACE tick=265 pid=10 pri=0 slice=0
TRACE tick=265 pid=10 pri=0 slice=0
TRACE tick=265 pid=10 pri=0 slice=0
io_burner pid=10 done ops=20
EXIT pid=10 name=io_burner arrival=34 completion=266 run=11 ioblock=432 final_pri=0
TRACE tick=266 pid=10 pri=0 slice=0
ALL_DONE TRACE tick=266 pid=3 pri=0 slice=0
wrunner pid=3
EXIT pid=3 name=wrunner arrival=23 completion=267 run=11 ioblock=6 final_pri=0
TRACE tick=267 pid=3 pri=0 slice=1
$ QEMU: Terminated
