qemu-system-riscv64 -machine virt -bios none -kernel kernel/kernel -m 128M -smp 1 -nographic -global virtio-mmio.force-legacy=false -drive file=fs.img,if=none,format=raw,id=x0 -device virtio-blk-device,drive=x0,bus=virtio-mmio-bus.0

xv6 kernel is booting

init: starting sh
$ wrunner mixed.txt hints.txt
TRACE tick=18 pid=3 pri=0 slice=0
TRACE tick=19 pid=3 pri=0 slice=1
TRACE tick=20 pid=3 pri=1 slice=0
TRACE tick=20 pid=3 pri=1 slice=0
wrunner: loaded 7 items, 3 hints
wrunner: spawn cTRACE tick=21 pid=3 pri=1 slice=1
pu_burner pid=4 priority=2
wrunner: spawn cpu_burner pid=5 priority=2
wrunner: spawn mixed_burner pid=6 prioriTRACE tick=22 pid=3 pri=1 slice=2
ty=1
wrunner: spawn io_burner pid=7 priority=0
TRACE tick=23 pid=3 pri=1 slice=3
TRACE tick=23 pid=7 pri=0 slice=0
TRACE tick=23 pid=7 pri=0 slice=0
wrunner: spawn cpu_burner pid=8 priority=2
wrunner: spawn mixed_burner pid=9 priority=1
wrunner: spawn io_burner pidTRACE tick=24 pid=3 pri=1 slice=0
TRACE tick=25 pid=7 pri=0 slice=0
TRACE tick=25 pid=7 pri=0 slice=0
TRACE tick=25 pid=7 pri=0 slice=0
TRACE tick=26 pid=7 pri=0 slice=0
TRACE tick=26 pid=7 pri=0 slice=0
TRACE tick=27 pid=7 pri=0 slice=0
TRACE tick=27 pid=10 pri=0 slice=0
TRACE tick=27 pid=7 pri=0 slice=0
TRACE tick=27 pid=7 pri=0 slice=0
TRACE tick=27 pid=7 pri=0 slice=0
TRACE tick=28 pid=7 pri=0 slice=0
=10 priority=0
TRACE tick=28 pid=3 pri=1 slice=1
TRACE tick=28 pid=7 pri=0 slice=0
TRACE tick=29 pid=6 pri=1 slice=0
TRACE tick=29 pid=7 pri=0 slice=0
TRACE tick=29 pid=7 pri=0 slice=0
TRACE tick=29 pid=7 pri=0 slice=0
TRACE tick=29 pid=10 pri=0 slice=0
TRACE tick=29 pid=7 pri=0 slice=0
TRACE tick=30 pid=6 pri=1 slice=0
TRACE tick=30 pid=7 pri=0 slice=0
TRACE tick=30 pid=9 pri=1 slice=0
TRACE tick=30 pid=7 pri=0 slice=0
TRACE tick=30 pid=4 pri=2 slice=0
TRACE tick=30 pid=7 pri=0 slice=0
TRACE tick=31 pid=7 pri=0 slice=0
TRACE tick=31 pid=5 pri=2 slice=0
TRACE tick=31 pid=7 pri=0 slice=0
TRACE tick=31 pid=8 pri=2 slice=0
TRACE tick=31 pid=7 pri=0 slice=0
TRACE tick=31 pid=7 pri=0 slice=0
TRACE tick=32 pid=7 pri=0 slice=0
TRACE tick=32 pid=10 pri=0 slice=0
TRACE tick=32 pid=7 pri=0 slice=0
TRACE tick=32 pid=7 pri=0 slice=0
TRACE tick=32 pid=6 pri=1 slice=0
TRACE tick=32 pid=7 pri=0 slice=0
TRACE tick=33 pid=7 pri=0 slice=0
TRACE tick=33 pid=9 pri=1 slice=0
TRACE tick=33 pid=7 pri=0 slice=0
TRACE tick=33 pid=4 pri=2 slice=0
TRACE tick=33 pid=7 pri=0 slice=0
TRACE tick=33 pid=5 pri=2 slice=0
TRACE tick=34 pid=7 pri=0 slice=0
TRACE tick=34 pid=7 pri=0 slice=0
TRACE tick=34 pid=7 pri=0 slice=0
TRACE tick=34 pid=7 pri=0 slice=0
TRACE tick=34 pid=10 pri=0 slice=0
TRACE tick=34 pid=6 pri=1 slice=0
TRACE tick=35 pid=7 pri=0 slice=0
TRACE tick=35 pid=10 pri=0 slice=0
TRACE tick=35 pid=6 pri=1 slice=1
TRACE tick=35 pid=7 pri=0 slice=0
TRACE tick=36 pid=7 pri=0 slice=1
TRACE tick=36 pid=10 pri=0 slice=0
TRACE tick=37 pid=7 pri=0 slice=0
TRACE tick=37 pid=10 pri=0 slice=0
TRACE tick=37 pid=6 pri=1 slice=0
TRACE tick=38 pid=7 pri=0 slice=0
TRACE tick=38 pid=10 pri=0 slice=0
TRACE tick=39 pid=7 pri=0 slice=0
TRACE tick=39 pid=10 pri=0 slice=1
TRACE tick=39 pid=7 pri=0 slice=0
TRACE tick=40 pid=7 pri=0 slice=1
TRACE tick=40 pid=10 pri=0 slice=0
TRACE tick=41 pid=7 pri=0 slice=0
TRACE tick=41 pid=10 pri=0 slice=1
TRACE tick=41 pid=7 pri=0 slice=0
TRACE tick=42 pid=7 pri=0 slice=1
TRACE tick=42 pid=10 pri=0 slice=0
TRACE tick=43 pid=7 pri=0 slice=0
TRACE tick=43 pid=10 pri=0 slice=1
TRACE tick=43 pid=7 pri=0 slice=0
TRACE tick=44 pid=7 pri=0 slice=1
TRACE tick=44 pid=10 pri=0 slice=0
TRACE tick=45 pid=7 pri=0 slice=0
TRACE tick=45 pid=10 pri=0 slice=1
TRACE tick=45 pid=7 pri=0 slice=0
TRACE tick=46 pid=7 pri=0 slice=0
TRACE tick=46 pid=10 pri=0 slice=0
TRACE tick=47 pid=7 pri=0 slice=0
TRACE tick=47 pid=10 pri=0 slice=1
TRACE tick=47 pid=7 pri=0 slice=0
TRACE tick=48 pid=7 pri=0 slice=1
TRACE tick=48 pid=10 pri=0 slice=0
TRACE tick=49 pid=7 pri=0 slice=0
TRACE tick=49 pid=10 pri=0 slice=1
TRACE tick=50 pid=7 pri=0 slice=0
TRACE tick=50 pid=10 pri=0 slice=0
TRACE tick=51 pid=7 pri=0 slice=0
TRACE tick=51 pid=10 pri=0 slice=0
TRACE tick=52 pid=7 pri=0 slice=0
TRACE tick=52 pid=10 pri=0 slice=1
TRACE tick=53 pid=7 pri=0 slice=0
TRACE tick=53 pid=10 pri=0 slice=0
TRACE tick=54 pid=7 pri=0 slice=0
TRACE tick=54 pid=7 pri=0 slice=0
TRACE tick=54 pid=10 pri=0 slice=1
TRACE tick=55 pid=7 pri=0 slice=0
TRACE tick=55 pid=10 pri=0 slice=0
TRACE tick=56 pid=7 pri=0 slice=0
TRACE tick=56 pid=10 pri=0 slice=1
TRACE tick=56 pid=7 pri=0 slice=0
TRACE tick=57 pid=7 pri=0 slice=1
TRACE tick=57 pid=10 pri=0 slice=0
TRACE tick=57 pid=6 pri=1 slice=0
TRACE tick=58 pid=7 pri=0 slice=0
TRACE tick=58 pid=10 pri=0 slice=0
TRACE tick=59 pid=7 pri=0 slice=0
TRACE tick=59 pid=10 pri=0 slice=1
TRACE tick=59 pid=7 pri=0 slice=0
TRACE tick=60 pid=7 pri=0 slice=1
TRACE tick=60 pid=10 pri=0 slice=0
TRACE tick=61 pid=7 pri=0 slice=0
TRACE tick=61 pid=10 pri=0 slice=1
TRACE tick=62 pid=7 pri=0 slice=0
TRACE tick=62 pid=6 pri=1 slice=1
TRACE tick=62 pid=9 pri=1 slice=0
TRACE tick=63 pid=6 pri=1 slice=0
TRACE tick=63 pid=6 pri=1 slice=0
TRACE tick=63 pid=7 pri=0 slice=0
TRACE tick=63 pid=9 pri=1 slice=0
TRACE tick=63 pid=10 pri=1 slice=0
TRACE tick=64 pid=6 pri=1 slice=0
TRACE tick=64 pid=10 pri=1 slice=1
TRACE tick=64 pid=7 pri=0 slice=0
TRACE tick=65 pid=7 pri=0 slice=0
TRACE tick=65 pid=7 pri=0 slice=0
TRACE tick=65 pid=7 pri=0 slice=0
TRACE tick=65 pid=7 pri=0 slice=0
TRACE tick=65 pid=6 pri=1 slice=0
TRACE tick=66 pid=7 pri=0 slice=0
TRACE tick=66 pid=7 pri=0 slice=0
TRACE tick=66 pid=7 pri=0 slice=0
TRACE tick=66 pid=7 pri=0 slice=0
TRACE tick=66 pid=7 pri=0 slice=0
TRACE tick=66 pid=7 pri=0 slice=0
TRACE tick=67 pid=7 pri=0 slice=0
TRACE tick=67 pid=6 pri=1 slice=0
TRACE tick=67 pid=7 pri=0 slice=0
TRACE tick=67 pid=7 pri=0 slice=0
TRACE tick=67 pid=7 pri=0 slice=0
TRACE tick=67 pid=7 pri=0 slice=0
TRACE tick=67 pid=7 pri=0 slice=0
TRACE tick=68 pid=7 pri=0 slice=0
TRACE tick=68 pid=7 pri=0 slice=0
TRACE tick=68 pid=7 pri=0 slice=0
TRACE tick=68 pid=7 pri=0 slice=0
TRACE tick=68 pid=7 pri=0 slice=0
TRACE tick=68 pid=6 pri=1 slice=0
TRACE tick=68 pid=7 pri=0 slice=0
TRACE tick=69 pid=7 pri=0 slice=0
TRACE tick=69 pid=7 pri=0 slice=0
TRACE tick=69 pid=6 pri=1 slice=0
TRACE tick=69 pid=7 pri=0 slice=0
TRACE tick=69 pid=9 pri=1 slice=0
TRACE tick=69 pid=7 pri=0 slice=0
TRACE tick=70 pid=7 pri=0 slice=0
TRACE tick=70 pid=6 pri=1 slice=0
TRACE tick=70 pid=7 pri=0 slice=0
TRACE tick=70 pid=7 pri=0 slice=0
TRACE tick=70 pid=10 pri=1 slice=0
TRACE tick=70 pid=7 pri=0 slice=0
TRACE tick=70 pid=4 pri=2 slice=0
TRACE tick=70 pid=7 pri=0 slice=0
TRACE tick=71 pid=7 pri=0 slice=0
TRACE tick=71 pid=6 pri=1 slice=0
TRACE tick=71 pid=7 pri=0 slice=0
TRACE tick=71 pid=5 pri=2 slice=0
TRACE tick=71 pid=7 pri=0 slice=0
TRACE tick=71 pid=9 pri=1 slice=0
TRACE tick=72 pid=7 pri=0 slice=0
TRACE tick=72 pid=6 pri=1 slice=0
TRACE tick=72 pid=7 pri=0 slice=0
TRACE tick=72 pid=7 pri=0 slice=0
TRACE tick=73 pid=7 pri=0 slice=0
TRACE tick=73 pid=7 pri=0 slice=0
TRACE tick=73 pid=7 pri=0 slice=0
TRACE tick=73 pid=7 pri=0 slice=0
TRACE tick=73 pid=7 pri=0 slice=0
TRACE tick=73 pid=7 pri=0 slice=0
TRACE tick=74 pid=7 pri=0 slice=0
TRACE tick=74 pid=7 pri=0 slice=0
TRACE tick=74 pid=7 pri=0 slice=0
TRACE tick=74 pid=7 pri=0 slice=0
TRACE tick=74 pid=7 pri=0 slice=0
TRACE tick=74 pid=6 pri=1 slice=0
TRACE tick=74 pid=7 pri=0 slice=0
TRACE tick=75 pid=7 pri=0 slice=1
TRACE tick=75 pid=6 pri=1 slice=0
TRACE tick=75 pid=7 pri=0 slice=0
TRACE tick=75 pid=8 pri=1 slice=0
TRACE tick=75 pid=7 pri=0 slice=0
TRACE tick=75 pid=7 pri=0 slice=0
TRACE tick=76 pid=6 pri=1 slice=0
TRACE tick=76 pid=7 pri=0 slice=0
TRACE tick=76 pid=7 pri=0 slice=0
TRACE tick=76 pid=7 pri=0 slice=0
TRACE tick=76 pid=8 pri=1 slice=0
TRACE tick=76 pid=7 pri=0 slice=0
TRACE tick=76 pid=9 pri=1 slice=0
TRACE tick=77 pid=7 pri=0 slice=0
TRACE tick=77 pid=7 pri=0 slice=0
TRACE tick=77 pid=7 pri=0 slice=0
TRACE tick=77 pid=7 pri=0 slice=0
TRACE tick=77 pid=7 pri=0 slice=0
TRACE tick=77 pid=6 pri=1 slice=0
TRACE tick=78 pid=7 pri=0 slice=0
TRACE tick=78 pid=7 pri=0 slice=0
TRACE tick=78 pid=7 pri=0 slice=0
TRACE tick=78 pid=6 pri=1 slice=0
TRACE tick=78 pid=7 pri=0 slice=0
TRACE tick=79 pid=6 pri=1 slice=0
TRACE tick=79 pid=7 pri=0 slice=0
TRACE tick=79 pid=8 pri=1 slice=0
TRACE tick=79 pid=7 pri=0 slice=0
TRACE tick=79 pid=9 pri=1 slice=0
TRACE tick=79 pid=7 pri=0 slice=0
TRACE tick=79 pid=7 pri=0 slice=0
TRACE tick=79 pid=10 pri=1 slice=0
TRACE tick=80 pid=7 pri=0 slice=0
TRACE tick=80 pid=7 pri=0 slice=0
TRACE tick=80 pid=7 pri=0 slice=0
TRACE tick=80 pid=6 pri=1 slice=0
TRACE tick=80 pid=7 pri=0 slice=0
TRACE tick=80 pid=8 pri=1 slice=0
TRACE tick=80 pid=7 pri=0 slice=0
TRACE tick=81 pid=7 pri=0 slice=0
TRACE tick=81 pid=6 pri=1 slice=0
TRACE tick=81 pid=7 pri=0 slice=0
TRACE tick=81 pid=9 pri=1 slice=0
TRACE tick=81 pid=7 pri=0 slice=0
TRACE tick=81 pid=10 pri=1 slice=0
TRACE tick=81 pid=7 pri=0 slice=0
TRACE tick=82 pid=6 pri=1 slice=0
TRACE tick=82 pid=7 pri=0 slice=0
TRACE tick=82 pid=7 pri=0 slice=0
TRACE tick=82 pid=8 pri=1 slice=0
TRACE tick=82 pid=7 pri=0 slice=0
TRACE tick=82 pid=9 pri=1 slice=0
TRACE tick=82 pid=7 pri=0 slice=0
TRACE tick=83 pid=6 pri=1 slice=0
TRACE tick=83 pid=7 pri=0 slice=0
TRACE tick=83 pid=9 pri=1 slice=0
TRACE tick=83 pid=7 pri=0 slice=0
TRACE tick=83 pid=10 pri=1 slice=0
TRACE tick=83 pid=7 pri=0 slice=0
TRACE tick=83 pid=7 pri=0 slice=0
TRACE tick=83 pid=7 pri=0 slice=0
TRACE tick=84 pid=7 pri=0 slice=0
TRACE tick=84 pid=6 pri=1 slice=0
TRACE tick=84 pid=8 pri=1 slice=0
TRACE tick=84 pid=9 pri=1 slice=0
TRACE tick=84 pid=8 pri=1 slice=0
TRACE tick=84 pid=10 pri=1 slice=0
TRACE tick=85 pid=7 pri=0 slice=0
TRACE tick=85 pid=6 pri=1 slice=0
TRACE tick=85 pid=8 pri=1 slice=0
TRACE tick=85 pid=8 pri=1 slice=0
TRACE tick=85 pid=9 pri=1 slice=0
TRACE tick=85 pid=8 pri=1 slice=0
TRACE tick=86 pid=7 pri=0 slice=0
TRACE tick=86 pid=6 pri=1 slice=0
cpu_burTRACE tick=86 pid=8 pri=1 slice=1
TRACE tick=87 pid=6 pri=1 slice=0
ner pid=8 done acc=1205313985
TRACE tick=87 pid=8 pri=1 slice=2
TRACE tick=87 pid=9 pri=1 slice=0
TRACE tick=87 pid=10 pri=1 slice=1
TRACE tick=88 pid=7 pri=0 slice=0
TRACE tick=88 pid=6 pri=1 slice=0
TRACE tick=88 pid=8 pri=1 slice=0
TRACE tick=88 pid=9 pri=1 slice=0
TRACE tick=89 pid=6 pri=1 slice=0
TRACE tick=89 pid=9 pri=1 slice=0
TRACE tick=89 pid=10 pri=1 slice=2
TRACE tick=89 pid=7 pri=0 slice=0
mixed_burner pid=6 done iters=25 acc=1603187657
TRACE tick=90 pid=6 pri=1 slice=0
TRACE tick=90 pid=7 pri=0 slice=0
TRACE tick=91 pid=8 pri=1 slice=0
TRACE tick=91 pid=7 pri=0 slice=0
TRACE tick=91 pid=9 pri=1 slice=0
TRACE tick=91 pid=7 pri=0 slice=0
TRACE tick=91 pid=10 pri=1 slice=0
TRACE tick=91 pid=7 pri=0 slice=0
TRACE tick=91 pid=4 pri=2 slice=0
TRACE tick=92 pid=7 pri=0 slice=0
TRACE tick=92 pid=7 pri=0 slice=0
TRACE tick=92 pid=9 pri=1 slice=0
TRACE tick=92 pid=7 pri=0 slice=0
TRACE tick=92 pid=7 pri=0 slice=0
TRACE tick=92 pid=5 pri=2 slice=0
TRACE tick=92 pid=7 pri=0 slice=0
TRACE tick=93 pid=7 pri=0 slice=0
TRACE tick=93 pid=9 pri=1 slice=0
TRACE tick=93 pid=7 pri=0 slice=0
TRACE tick=93 pid=7 pri=0 slice=0
TRACE tick=93 pid=6 pri=1 slice=0
TRACE tick=93 pid=7 pri=0 slice=0
TRACE tick=93 pid=7 pri=0 slice=0
TRACE tick=93 pid=8 pri=1 slice=0
TRACE tick=94 pid=7 pri=0 slice=0
TRACE tick=94 pid=9 pri=1 slice=0
TRACE tick=94 pid=7 pri=0 slice=0
TRACE tick=94 pid=10 pri=1 slice=0
TRACE tick=94 pid=7 pri=0 slice=0
TRACE tick=94 pid=4 pri=2 slice=0
TRACE tick=94 pid=7 pri=0 slice=0
TRACE tick=95 pid=7 pri=0 slice=0
TRACE tick=95 pid=7 pri=0 slice=0
TRACE tick=95 pid=7 pri=0 slice=0
TRACE tick=95 pid=6 pri=1 slice=0
TRACE tick=95 pid=7 pri=0 slice=0
TRACE tick=95 pid=8 pri=1 slice=0
TRACE tick=95 pid=7 pri=0 slice=0
TRACE tick=96 pid=9 pri=1 slice=0
TRACE tick=96 pid=7 pri=0 slice=0
TRACE tick=96 pid=10 pri=1 slice=0
TRACE tick=96 pid=7 pri=0 slice=0
TRACE tick=96 pid=4 pri=2 slice=0
TRACE tick=96 pid=7 pri=0 slice=0
TRACE tick=96 pid=5 pri=2 slice=0
TRACE tick=96 pid=7 pri=0 slice=0
TRACE tick=97 pid=7 pri=0 slice=0
TRACE tick=97 pid=7 pri=0 slice=0
TRACE tick=97 pid=7 pri=0 slice=0
EXIT pid=6 name=mixed_burner arrival=22 completion=97 run=2 ioblock=10 final_pri=1
TRACE tick=97 pid=6 pri=1 slice=0
TRACE tick=97 pid=3 pri=1 slice=0
TRACE tick=98 pid=7 pri=0 slice=0
TRACE tick=98 pid=7 pri=0 slice=0
TRACE tick=98 pid=7 pri=0 slice=0
TRACE tick=98 pid=8 pri=1 slice=0
TRACE tick=98 pid=7 pri=0 slice=0
TRACE tick=99 pid=9 pri=1 slice=0
TRACE tick=99 pid=7 pri=0 slice=0
TRACE tick=99 pid=7 pri=0 slice=0
TRACE tick=99 pid=7 pri=0 slice=0
TRACE tick=99 pid=7 pri=0 slice=0
TRACE tick=99 pid=10 pri=1 slice=0
TRACE tick=99 pid=7 pri=0 slice=0
TRACE tick=99 pid=8 pri=1 slice=0
TRACE tick=100 pid=4 pri=0 slice=0
TRACE tick=100 pid=5 pri=0 slice=0
TRACE tick=100 pid=7 pri=0 slice=0
TRACE tick=100 pid=9 pri=0 slice=0
TRACE tick=100 pid=7 pri=0 slice=0
TRACE tick=100 pid=7 pri=0 slice=0
TRACE tick=100 pid=7 pri=0 slice=0
TRACE tick=100 pid=7 pri=0 slice=0
TRACE tick=101 pid=9 pri=0 slice=0
TRACE tick=101 pid=7 pri=0 slice=0
TRACE tick=101 pid=10 pri=0 slice=0
TRACE tick=101 pid=7 pri=0 slice=0
TRACE tick=101 pid=7 pri=0 slice=0
TRACE tick=101 pid=4 pri=0 slice=0
TRACE tick=101 pid=5 pri=0 slice=0
TRACE tick=102 pid=7 pri=0 slice=0
TRACE tick=102 pid=7 pri=0 slice=0
TRACE tick=102 pid=7 pri=0 slice=0
TRACE tick=102 pid=8 pri=0 slice=0
TRACE tick=102 pid=7 pri=0 slice=0
TRACE tick=102 pid=7 pri=0 slice=0
TRACE tick=103 pid=7 pri=0 slice=0
TRACE tick=103 pid=7 pri=0 slice=0
TRACE tick=103 pid=9 pri=0 slice=0
TRACE tick=103 pid=7 pri=0 slice=0
TRACE tick=103 pid=10 pri=0 slice=0
TRACE tick=103 pid=7 pri=0 slice=0
TRACE tick=103 pid=7 pri=0 slice=0
TRACE tick=104 pid=7 pri=0 slice=1
cpu_burner pid=4 done acc=1347020161
EXIT pid=4 name=cpu_burner arrival=21 completion=104 run=0 ioblock=8 final_pri=0
TRACE tick=104 pid=4 pri=0 slice=0
TRACE tick=105 pid=4 pri=0 slice=1
TRACE tick=105 pid=3 pri=0 slice=0
cpu_burner pid=5 done TRACE tick=105 pid=5 pri=0 slice=0
acc=159194625
EXIT pid=5 name=cpu_burner arrival=22 completion=106 run=1 ioblock=7 final_pri=0
TRACE tick=106 pid=5 pri=0 slice=1
TRACE tick=106 pid=3 pri=0 slice=0
TRACE tick=106 pid=7 pri=0 slice=0
TRACE tick=107 pid=8 pri=0 slice=0
TRACE tick=107 pid=7 pri=0 slice=0
TRACE tick=107 pid=7 pri=0 slice=0
TRACE tick=107 pid=7 pri=0 slice=0
TRACE tick=107 pid=9 pri=0 slice=0
TRACE tick=107 pid=7 pri=0 slice=0
TRACE tick=107 pid=7 pri=0 slice=0
TRACE tick=107 pid=10 pri=0 slice=0
TRACE tick=108 pid=7 pri=0 slice=0
TRACE tick=108 pid=9 pri=0 slice=0
TRACE tick=108 pid=7 pri=0 slice=0
TRACE tick=108 pid=7 pri=0 slice=0
TRACE tick=108 pid=8 pri=0 slice=0
TRACE tick=108 pid=7 pri=0 slice=0
TRACE tick=108 pid=7 pri=0 slice=0
TRACE tick=109 pid=7 pri=0 slice=0
TRACE tick=109 pid=7 pri=0 slice=0
TRACE tick=109 pid=7 pri=0 slice=0
TRACE tick=109 pid=7 pri=0 slice=0
TRACE tick=109 pid=7 pri=0 slice=0
TRACE tick=109 pid=9 pri=0 slice=0
TRACE tick=109 pid=7 pri=0 slice=0
TRACE tick=110 pid=7 pri=0 slice=0
TRACE tick=110 pid=8 pri=0 slice=0
TRACE tick=110 pid=7 pri=0 slice=0
TRACE tick=110 pid=9 pri=0 slice=0
TRACE tick=110 pid=7 pri=0 slice=0
TRACE tick=110 pid=10 pri=0 slice=0
TRACE tick=110 pid=7 pri=0 slice=0
TRACE tick=111 pid=9 pri=0 slice=0
TRACE tick=111 pid=7 pri=0 slice=0
TRACE tick=111 pid=7 pri=0 slice=0
TRACE tick=111 pid=7 pri=0 slice=0
TRACE tick=111 pid=7 pri=0 slice=0
TRACE tick=111 pid=7 pri=0 slice=0
io_burner pid=7 done ops=2TRACE tick=111 pid=7 pri=0 slice=0
5
EXIT pid=7 name=io_burner arrival=23 completion=112 run=10 ioblock=217 final_pri=0
TRACE tick=112 pid=7 pri=0 slice=1
TRACE tick=112 pid=3 pri=0 slice=0
EXIT pid=8 name=cpu_burner arrival=24 completion=112 run=2 ioblock=21 final_pri=0
TRACE tick=112 pid=8 pri=0 slice=0
TRACE tick=113 pid=8 pri=0 slice=1
TRACE tick=113 pid=3 pri=0 slice=0
TRACE tick=113 pid=9 pri=0 slice=0
TRACE tick=113 pid=10 pri=0 slice=0
TRACE tick=113 pid=10 pri=0 slice=0
TRACE tick=114 pid=9 pri=0 slice=0
TRACE tick=114 pid=10 pri=0 slice=0
TRACE tick=114 pid=10 pri=0 slice=0
TRACE tick=114 pid=10 pri=0 slice=0
TRACE tick=114 pid=10 pri=0 slice=0
TRACE tick=114 pid=10 pri=0 slice=0
TRACE tick=115 pid=9 pri=0 slice=0
TRACE tick=115 pid=10 pri=0 slice=0
TRACE tick=115 pid=10 pri=0 slice=0
TRACE tick=115 pid=10 pri=0 slice=0
TRACE tick=115 pid=10 pri=0 slice=0
TRACE tick=115 pid=10 pri=0 slice=0
TRACE tick=115 pid=10 pri=0 slice=0
TRACE tick=116 pid=9 pri=0 slice=0
TRACE tick=116 pid=10 pri=0 slice=0
TRACE tick=116 pid=10 pri=0 slice=0
TRACE tick=116 pid=10 pri=0 slice=0
TRACE tick=116 pid=10 pri=0 slice=0
TRACE tick=116 pid=10 pri=0 slice=0
TRACE tick=116 pid=10 pri=0 slice=0
TRACE tick=117 pid=9 pri=0 slice=0
TRACE tick=117 pid=10 pri=0 slice=0
TRACE tick=117 pid=10 pri=0 slice=0
TRACE tick=117 pid=10 pri=0 slice=0
TRACE tick=117 pid=10 pri=0 slice=0
TRACE tick=117 pid=10 pri=0 slice=0
TRACE tick=117 pid=10 pri=0 slice=0
TRACE tick=117 pid=10 pri=0 slice=0
mixed_burner pid=9 done iters=30 acc=891076593
TRACE tick=118 pid=9 pri=0 slice=0
TRACE tick=118 pid=10 pri=0 slice=0
EXIT pid=9 name=mixed_burner arrival=24 completion=118 run=0 ioblock=6 final_pri=0
TRACE tick=118 pid=9 pri=0 slice=0
TRACE tick=118 pid=3 pri=0 slice=0
TRACE tick=119 pid=10 pri=0 slice=0
TRACE tick=119 pid=10 pri=0 slice=0
TRACE tick=119 pid=10 pri=0 slice=0
TRACE tick=119 pid=10 pri=0 slice=0
TRACE tick=119 pid=10 pri=0 slice=0
TRACE tick=119 pid=10 pri=0 slice=0
TRACE tick=120 pid=10 pri=0 slice=1
TRACE tick=120 pid=10 pri=0 slice=0
TRACE tick=120 pid=10 pri=0 slice=0
TRACE tick=120 pid=10 pri=0 slice=0
TRACE tick=120 pid=10 pri=0 slice=0
TRACE tick=120 pid=10 pri=0 slice=0
TRACE tick=120 pid=10 pri=0 slice=0
TRACE tick=121 pid=10 pri=0 slice=1
TRACE tick=121 pid=10 pri=0 slice=0
TRACE tick=121 pid=10 pri=0 slice=0
TRACE tick=121 pid=10 pri=0 slice=0
TRACE tick=121 pid=10 pri=0 slice=0
TRACE tick=121 pid=10 pri=0 slice=0
TRACE tick=122 pid=10 pri=0 slice=0
TRACE tick=122 pid=10 pri=0 slice=0
TRACE tick=122 pid=10 pri=0 slice=0
TRACE tick=122 pid=10 pri=0 slice=0
TRACE tick=122 pid=10 pri=0 slice=0
TRACE tick=122 pid=10 pri=0 slice=0
TRACE tick=122 pid=10 pri=0 slice=0
TRACE tick=123 pid=10 pri=0 slice=0
TRACE tick=123 pid=10 pri=0 slice=0
TRACE tick=123 pid=10 pri=0 slice=0
TRACE tick=124 pid=10 pri=0 slice=0
TRACE tick=124 pid=10 pri=0 slice=0
TRACE tick=124 pid=10 pri=0 slice=0
TRACE tick=124 pid=10 pri=0 slice=0
TRACE tick=124 pid=10 pri=0 slice=0
TRACE tick=124 pid=10 pri=0 slice=0
TRACE tick=125 pid=10 pri=0 slice=1
TRACE tick=125 pid=10 pri=0 slice=0
TRACE tick=125 pid=10 pri=0 slice=0
TRACE tick=125 pid=10 pri=0 slice=0
TRACE tick=125 pid=10 pri=0 slice=0
TRACE tick=125 pid=10 pri=0 slice=0
TRACE tick=126 pid=10 pri=0 slice=0
TRACE tick=126 pid=10 pri=0 slice=0
TRACE tick=126 pid=10 pri=0 slice=0
TRACE tick=126 pid=10 pri=0 slice=0
TRACE tick=126 pid=10 pri=0 slice=0
TRACE tick=126 pid=10 pri=0 slice=0
TRACE tick=127 pid=10 pri=0 slice=1
TRACE tick=127 pid=10 pri=0 slice=0
TRACE tick=127 pid=10 pri=0 slice=0
TRACE tick=127 pid=10 pri=0 slice=0
TRACE tick=127 pid=10 pri=0 slice=0
TRACE tick=127 pid=10 pri=0 slice=0
TRACE tick=128 pid=10 pri=0 slice=0
TRACE tick=128 pid=10 pri=0 slice=0
TRACE tick=128 pid=10 pri=0 slice=0
TRACE tick=128 pid=10 pri=0 slice=0
TRACE tick=128 pid=10 pri=0 slice=0
TRACE tick=129 pid=10 pri=0 slice=0
TRACE tick=129 pid=10 pri=0 slice=0
TRACE tick=129 pid=10 pri=0 slice=0
TRACE tick=129 pid=10 pri=0 slice=0
TRACE tick=129 pid=10 pri=0 slice=0
TRACE tick=129 pid=10 pri=0 slice=0
TRACE tick=130 pid=10 pri=0 slice=0
TRACE tick=130 pid=10 pri=0 slice=0
TRACE tick=130 pid=10 pri=0 slice=0
TRACE tick=130 pid=10 pri=0 slice=0
TRACE tick=130 pid=10 pri=0 slice=0
TRACE tick=130 pid=10 pri=0 slice=0
TRACE tick=131 pid=10 pri=0 slice=0
TRACE tick=131 pid=10 pri=0 slice=0
TRACE tick=131 pid=10 pri=0 slice=0
TRACE tick=131 pid=10 pri=0 slice=0
TRACE tick=131 pid=10 pri=0 slice=0
TRACE tick=131 pid=10 pri=0 slice=0
TRACE tick=131 pid=10 pri=0 slice=0
TRACE tick=132 pid=10 pri=0 slice=0
TRACE tick=132 pid=10 pri=0 slice=0
TRACE tick=132 pid=10 pri=0 slice=0
TRACE tick=132 pid=10 pri=0 slice=0
TRACE tick=132 pid=10 pri=0 slice=0
TRACE tick=132 pid=10 pri=0 slice=0
TRACE tick=132 pid=10 pri=0 slice=0
io_burner pid=10 done ops=20
EXIT pid=10 name=io_burner arrival=24 completion=133 run=19 ioblock=120 final_pri=0
TRACE tick=133 pid=10 pri=0 slice=0
ALL_DONE wrunner pid=3
EXIT pid=3 name=wrunner arrival=18 completion=133 run=6 ioblock=7 final_pri=0
TRACE tick=133 pid=3 pri=0 slice=0
TRACE tick=134 pid=3 pri=0 slice=1
$ QEMU: Terminated
